Component: ARM Compiler 5.06 update 6 (build 750) Tool: armlink [4d35ed]

==============================================================================

Section Cross References

    main.o(i.assert_nrf_callback) refers to app_error.o(i.app_error_handler) for app_error_handler
    main.o(i.ble_evt_dispatch) refers to ble_conn_params.o(i.ble_conn_params_on_ble_evt) for ble_conn_params_on_ble_evt
    main.o(i.ble_evt_dispatch) refers to ble_nus.o(i.ble_nus_on_ble_evt) for ble_nus_on_ble_evt
    main.o(i.ble_evt_dispatch) refers to main.o(i.on_ble_evt) for on_ble_evt
    main.o(i.ble_evt_dispatch) refers to ble_advertising.o(i.ble_advertising_on_ble_evt) for ble_advertising_on_ble_evt
    main.o(i.ble_evt_dispatch) refers to bsp_btn_ble.o(i.bsp_btn_ble_on_ble_evt) for bsp_btn_ble_on_ble_evt
    main.o(i.ble_evt_dispatch) refers to main.o(.bss) for .bss
    main.o(i.bsp_event_handler) refers to main.o(i.sleep_mode_enter) for sleep_mode_enter
    main.o(i.bsp_event_handler) refers to app_error.o(i.app_error_handler_bare) for app_error_handler_bare
    main.o(i.bsp_event_handler) refers to ble_advertising.o(i.ble_advertising_restart_without_whitelist) for ble_advertising_restart_without_whitelist
    main.o(i.bsp_event_handler) refers to main.o(.data) for .data
    main.o(i.conn_params_error_handler) refers to app_error.o(i.app_error_handler_bare) for app_error_handler_bare
    main.o(i.main) refers to app_timer.o(i.app_timer_init) for app_timer_init
    main.o(i.main) refers to app_error.o(i.app_error_handler_bare) for app_error_handler_bare
    main.o(i.main) refers to memcpya.o(.text) for __aeabi_memcpy4
    main.o(i.main) refers to app_uart_fifo.o(i.app_uart_init) for app_uart_init
    main.o(i.main) refers to bsp.o(i.bsp_init) for bsp_init
    main.o(i.main) refers to bsp_btn_ble.o(i.bsp_btn_ble_init) for bsp_btn_ble_init
    main.o(i.main) refers to softdevice_handler.o(i.softdevice_handler_init) for softdevice_handler_init
    main.o(i.main) refers to softdevice_handler.o(i.softdevice_enable_get_default_config) for softdevice_enable_get_default_config
    main.o(i.main) refers to softdevice_handler.o(i.softdevice_enable) for softdevice_enable
    main.o(i.main) refers to softdevice_handler.o(i.softdevice_ble_evt_handler_set) for softdevice_ble_evt_handler_set
    main.o(i.main) refers to ble_nus.o(i.ble_nus_init) for ble_nus_init
    main.o(i.main) refers to memseta.o(.text) for __aeabi_memclr4
    main.o(i.main) refers to ble_advertising.o(i.ble_advertising_init) for ble_advertising_init
    main.o(i.main) refers to ble_conn_params.o(i.ble_conn_params_init) for ble_conn_params_init
    main.o(i.main) refers to printfb.o(i.__0printf$bare) for __2printf
    main.o(i.main) refers to ble_advertising.o(i.ble_advertising_start) for ble_advertising_start
    main.o(i.main) refers to main.o(.bss) for .bss
    main.o(i.main) refers to main.o(.constdata) for .constdata
    main.o(i.main) refers to main.o(i.uart_event_handle) for uart_event_handle
    main.o(i.main) refers to main.o(i.bsp_event_handler) for bsp_event_handler
    main.o(i.main) refers to main.o(i.ble_evt_dispatch) for ble_evt_dispatch
    main.o(i.main) refers to main.o(i.nus_data_handler) for nus_data_handler
    main.o(i.main) refers to main.o(.data) for .data
    main.o(i.main) refers to main.o(i.on_adv_evt) for on_adv_evt
    main.o(i.main) refers to main.o(i.on_conn_params_evt) for on_conn_params_evt
    main.o(i.main) refers to main.o(i.conn_params_error_handler) for conn_params_error_handler
    main.o(i.nus_data_handler) refers to app_uart_fifo.o(i.app_uart_put) for app_uart_put
    main.o(i.on_adv_evt) refers to bsp.o(i.bsp_indication_set) for bsp_indication_set
    main.o(i.on_adv_evt) refers to app_error.o(i.app_error_handler_bare) for app_error_handler_bare
    main.o(i.on_adv_evt) refers to main.o(i.sleep_mode_enter) for sleep_mode_enter
    main.o(i.on_ble_evt) refers to bsp.o(i.bsp_indication_set) for bsp_indication_set
    main.o(i.on_ble_evt) refers to app_error.o(i.app_error_handler_bare) for app_error_handler_bare
    main.o(i.on_ble_evt) refers to memcpya.o(.text) for __aeabi_memcpy
    main.o(i.on_ble_evt) refers to main.o(.data) for .data
    main.o(i.on_conn_params_evt) refers to app_error.o(i.app_error_handler_bare) for app_error_handler_bare
    main.o(i.on_conn_params_evt) refers to main.o(.data) for .data
    main.o(i.sleep_mode_enter) refers to bsp.o(i.bsp_indication_set) for bsp_indication_set
    main.o(i.sleep_mode_enter) refers to app_error.o(i.app_error_handler_bare) for app_error_handler_bare
    main.o(i.sleep_mode_enter) refers to bsp_btn_ble.o(i.bsp_btn_ble_sleep_mode_prepare) for bsp_btn_ble_sleep_mode_prepare
    main.o(i.uart_event_handle) refers to app_error.o(i.app_error_handler_bare) for app_error_handler_bare
    main.o(i.uart_event_handle) refers to app_uart_fifo.o(i.app_uart_get) for app_uart_get
    main.o(i.uart_event_handle) refers to ble_nus.o(i.ble_nus_string_send) for ble_nus_string_send
[...]
    ..\..\..\..\..\..\components\libraries\hardfault\hardfault_implementation.c 0x00000000   Number         0  hardfault_implementation.o ABSOLUTE
    ..\..\..\..\..\..\components\libraries\log\src\nrf_log_backend_serial.c 0x00000000   Number         0  nrf_log_backend_serial.o ABSOLUTE
    ..\..\..\..\..\..\components\libraries\log\src\nrf_log_frontend.c 0x00000000   Number         0  nrf_log_frontend.o ABSOLUTE
    ..\..\..\..\..\..\components\libraries\timer\app_timer.c 0x00000000   Number         0  app_timer.o ABSOLUTE
    ..\..\..\..\..\..\components\libraries\uart\app_uart_fifo.c 0x00000000   Number         0  app_uart_fifo.o ABSOLUTE
    ..\..\..\..\..\..\components\libraries\uart\retarget.c 0x00000000   Number         0  retarget.o ABSOLUTE
    ..\..\..\..\..\..\components\libraries\util\app_error.c 0x00000000   Number         0  app_error.o ABSOLUTE
    ..\..\..\..\..\..\components\libraries\util\app_error_weak.c 0x00000000   Number         0  app_error_weak.o ABSOLUTE
    ..\..\..\..\..\..\components\libraries\util\app_util_platform.c 0x00000000   Number         0  app_util_platform.o ABSOLUTE
    ..\..\..\..\..\..\components\libraries\util\nrf_assert.c 0x00000000   Number         0  nrf_assert.o ABSOLUTE
    ..\..\..\..\..\..\components\libraries\util\sdk_errors.c 0x00000000   Number         0  sdk_errors.o ABSOLUTE
    ..\..\..\..\..\..\components\softdevice\common\softdevice_handler\softdevice_handler.c 0x00000000   Number         0  softdevice_handler.o ABSOLUTE
    ..\..\..\..\..\..\external\segger_rtt\RTT_Syscalls_KEIL.c 0x00000000   Number         0  rtt_syscalls_keil.o ABSOLUTE
    ..\..\..\..\..\..\external\segger_rtt\SEGGER_RTT.c 0x00000000   Number         0  segger_rtt.o ABSOLUTE
    ..\..\..\..\..\..\external\segger_rtt\SEGGER_RTT_printf.c 0x00000000   Number         0  segger_rtt_printf.o ABSOLUTE
    ..\..\..\main.c                          0x00000000   Number         0  main.o ABSOLUTE
    ..\\..\\..\\..\\..\\..\\components\\ble\\ble_advertising\\ble_advertising.c 0x00000000   Number         0  ble_advertising.o ABSOLUTE
    ..\\..\\..\\..\\..\\..\\components\\ble\\ble_services\\ble_nus\\ble_nus.c 0x00000000   Number         0  ble_nus.o ABSOLUTE
    ..\\..\\..\\..\\..\\..\\components\\ble\\common\\ble_advdata.c 0x00000000   Number         0  ble_advdata.o ABSOLUTE
    ..\\..\\..\\..\\..\\..\\components\\ble\\common\\ble_conn_params.c 0x00000000   Number         0  ble_conn_params.o ABSOLUTE
    ..\\..\\..\\..\\..\\..\\components\\ble\\common\\ble_srv_common.c 0x00000000   Number         0  ble_srv_common.o ABSOLUTE
    ..\\..\\..\\..\\..\\..\\components\\boards\\boards.c 0x00000000   Number         0  boards.o ABSOLUTE
    ..\\..\\..\\..\\..\\..\\components\\drivers_nrf\\clock\\nrf_drv_clock.c 0x00000000   Number         0  nrf_drv_clock.o ABSOLUTE
    ..\\..\\..\\..\\..\\..\\components\\drivers_nrf\\common\\nrf_drv_common.c 0x00000000   Number         0  nrf_drv_common.o ABSOLUTE
    ..\\..\\..\\..\\..\\..\\components\\drivers_nrf\\gpiote\\nrf_drv_gpiote.c 0x00000000   Number         0  nrf_drv_gpiote.o ABSOLUTE
    ..\\..\\..\\..\\..\\..\\components\\drivers_nrf\\uart\\nrf_drv_uart.c 0x00000000   Number         0  nrf_drv_uart.o ABSOLUTE
    ..\\..\\..\\..\\..\\..\\components\\libraries\\bsp\\bsp.c 0x00000000   Number         0  bsp.o ABSOLUTE
    ..\\..\\..\\..\\..\\..\\components\\libraries\\bsp\\bsp_btn_ble.c 0x00000000   Number         0  bsp_btn_ble.o ABSOLUTE
    ..\\..\\..\\..\\..\\..\\components\\libraries\\bsp\\bsp_nfc.c 0x00000000   Number         0  bsp_nfc.o ABSOLUTE
    ..\\..\\..\\..\\..\\..\\components\\libraries\\button\\app_button.c 0x00000000   Number         0  app_button.o ABSOLUTE
    ..\\..\\..\\..\\..\\..\\components\\libraries\\fifo\\app_fifo.c 0x00000000   Number         0  app_fifo.o ABSOLUTE
    ..\\..\\..\\..\\..\\..\\components\\libraries\\fstorage\\fstorage.c 0x00000000   Number         0  fstorage.o ABSOLUTE
    ..\\..\\..\\..\\..\\..\\components\\libraries\\hardfault\\hardfault_implementation.c 0x00000000   Number         0  hardfault_implementation.o ABSOLUTE
    ..\\..\\..\\..\\..\\..\\components\\libraries\\log\\src\\nrf_log_backend_serial.c 0x00000000   Number         0  nrf_log_backend_serial.o ABSOLUTE
    ..\\..\\..\\..\\..\\..\\components\\libraries\\log\\src\\nrf_log_frontend.c 0x00000000   Number         0  nrf_log_frontend.o ABSOLUTE
    ..\\..\\..\\..\\..\\..\\components\\libraries\\timer\\app_timer.c 0x00000000   Number         0  app_timer.o ABSOLUTE
    ..\\..\\..\\..\\..\\..\\components\\libraries\\uart\\app_uart_fifo.c 0x00000000   Number         0  app_uart_fifo.o ABSOLUTE
    ..\\..\\..\\..\\..\\..\\components\\libraries\\uart\\retarget.c 0x00000000   Number         0  retarget.o ABSOLUTE
    ..\\..\\..\\..\\..\\..\\components\\libraries\\util\\app_error.c 0x00000000   Number         0  app_error.o ABSOLUTE
    ..\\..\\..\\..\\..\\..\\components\\libraries\\util\\app_error_weak.c 0x00000000   Number         0  app_error_weak.o ABSOLUTE
    ..\\..\\..\\..\\..\\..\\components\\libraries\\util\\app_util_platform.c 0x00000000   Number         0  app_util_platform.o ABSOLUTE
    ..\\..\\..\\..\\..\\..\\components\\libraries\\util\\nrf_assert.c 0x00000000   Number         0  nrf_assert.o ABSOLUTE
    ..\\..\\..\\..\\..\\..\\components\\softdevice\\common\\softdevice_handler\\softdevice_handler.c 0x00000000   Number         0  softdevice_handler.o ABSOLUTE
    ..\\..\\..\\..\\..\\..\\external\\segger_rtt\\SEGGER_RTT.c 0x00000000   Number         0  segger_rtt.o ABSOLUTE
    ..\\..\\..\\main.c                       0x00000000   Number         0  main.o ABSOLUTE
    RTE\Device\nRF51422_xxAC\arm_startup_nrf51.s 0x00000000   Number         0  arm_startup_nrf51.o ABSOLUTE
    RTE\Device\nRF51422_xxAC\system_nrf51.c  0x00000000   Number         0  system_nrf51.o ABSOLUTE
    RTE\\Device\\nRF51422_xxAC\\system_nrf51.c 0x00000000   Number         0  system_nrf51.o ABSOLUTE
    cdrcmple.s                               0x00000000   Number         0  cdrcmple.o ABSOLUTE
    dc.s                                     0x00000000   Number         0  dc.o ABSOLUTE
    handlers.s                               0x00000000   Number         0  handlers.o ABSOLUTE
    init.s                                   0x00000000   Number         0  init.o ABSOLUTE
    RESET                                    0x0001b000   Section      192  arm_startup_nrf51.o(RESET)
    .ARM.Collect$$$$00000000                 0x0001b0c0   Section        0  entry.o(.ARM.Collect$$$$00000000)
    .ARM.Collect$$$$00000001                 0x0001b0c0   Section        4  entry2.o(.ARM.Collect$$$$00000001)
    .ARM.Collect$$$$00000004                 0x0001b0c4   Section        4  entry5.o(.ARM.Collect$$$$00000004)
    .ARM.Collect$$$$00000008                 0x0001b0c8   Section        0  entry7b.o(.ARM.Collect$$$$00000008)
    .ARM.Collect$$$$0000000A                 0x0001b0c8   Section        0  entry8b.o(.ARM.Collect$$$$0000000A)
    .ARM.Collect$$$$0000000B                 0x0001b0c8   Section        8  entry9a.o(.ARM.Collect$$$$0000000B)
    .ARM.Collect$$$$0000000D                 0x0001b0d0   Section        0  entry10a.o(.ARM.Collect$$$$0000000D)
    .ARM.Collect$$$$0000000F                 0x0001b0d0   Section        0  entry11a.o(.ARM.Collect$$$$0000000F)
    .ARM.Collect$$$$00002712                 0x0001b0d0   Section        4  entry2.o(.ARM.Collect$$$$00002712)
    __lit__00000000                          0x0001b0d0   Data           4  entry2.o(.ARM.Collect$$$$00002712)
    .text                                    0x0001b0d4   Section       56  arm_startup_nrf51.o(.text)
    .text                                    0x0001b10c   Section        0  uidiv.o(.text)
    .text                                    0x0001b138   Section        0  memcpya.o(.text)
    .text                                    0x0001b15c   Section        0  memseta.o(.text)
    .text                                    0x0001b180   Section       36  init.o(.text)
    i.GPIOTE_IRQHandler                      0x0001b1a4   Section        0  nrf_drv_gpiote.o(i.GPIOTE_IRQHandler)
    i.NVIC_SetPriority                       0x0001b31c   Section        0  app_timer.o(i.NVIC_SetPriority)
    NVIC_SetPriority                         0x0001b31d   Thumb Code    60  app_timer.o(i.NVIC_SetPriority)
    i.POWER_CLOCK_IRQHandler                 0x0001b360   Section        0  nrf_drv_clock.o(i.POWER_CLOCK_IRQHandler)
    i.RTC1_IRQHandler                        0x0001b3b4   Section        0  app_timer.o(i.RTC1_IRQHandler)
    i.SWI0_IRQHandler                        0x0001b3d4   Section        0  app_timer.o(i.SWI0_IRQHandler)
    i.SWI2_IRQHandler                        0x0001b3dc   Section        0  softdevice_handler.o(i.SWI2_IRQHandler)
    i.SystemInit                             0x0001b3fc   Section        0  system_nrf51.o(i.SystemInit)
    i.UART0_IRQHandler                       0x0001b49c   Section        0  nrf_drv_uart.o(i.UART0_IRQHandler)
    i.__0printf$bare                         0x0001b4b0   Section        0  printfb.o(i.__0printf$bare)
    i.__ARM_common_switch8                   0x0001b4c4   Section        0  bsp.o(i.__ARM_common_switch8)
    i.__scatterload_copy                     0x0001b4de   Section       14  handlers.o(i.__scatterload_copy)
    i.__scatterload_null                     0x0001b4ec   Section        2  handlers.o(i.__scatterload_null)
    i.__scatterload_zeroinit                 0x0001b4ee   Section       14  handlers.o(i.__scatterload_zeroinit)
    i.__sd_nvic_app_accessible_irq           0x0001b4fc   Section        0  softdevice_handler.o(i.__sd_nvic_app_accessible_irq)
    __sd_nvic_app_accessible_irq             0x0001b4fd   Thumb Code    22  softdevice_handler.o(i.__sd_nvic_app_accessible_irq)
    i._printf_core                           0x0001b518   Section        0  printfb.o(i._printf_core)
    _printf_core                             0x0001b519   Thumb Code    30  printfb.o(i._printf_core)
    i.adv_data_encode                        0x0001b536   Section        0  ble_advdata.o(i.adv_data_encode)
    i.adv_mode_next_avail_get                0x0001b6c4   Section        0  ble_advertising.o(i.adv_mode_next_avail_get)
    adv_mode_next_avail_get                  0x0001b6c5   Thumb Code    94  ble_advertising.o(i.adv_mode_next_avail_get)
    i.advertising_buttons_configure          0x0001b72c   Section        0  bsp_btn_ble.o(i.advertising_buttons_configure)
    advertising_buttons_configure            0x0001b72d   Thumb Code    60  bsp_btn_ble.o(i.advertising_buttons_configure)
    i.alert_timer_handler                    0x0001b768   Section        0  bsp.o(i.alert_timer_handler)
    alert_timer_handler                      0x0001b769   Thumb Code    10  bsp.o(i.alert_timer_handler)
    i.app_button_enable                      0x0001b774   Section        0  app_button.o(i.app_button_enable)
    i.app_button_init                        0x0001b798   Section        0  app_button.o(i.app_button_init)
    i.app_error_fault_handler                0x0001b80c   Section        0  app_error_weak.o(i.app_error_fault_handler)
    i.app_error_handler_bare                 0x0001b828   Section        0  app_error.o(i.app_error_handler_bare)
    i.app_fifo_get                           0x0001b840   Section        0  app_fifo.o(i.app_fifo_get)
    i.app_fifo_init                          0x0001b856   Section        0  app_fifo.o(i.app_fifo_init)
    i.app_fifo_put                           0x0001b87a   Section        0  app_fifo.o(i.app_fifo_put)
    i.app_timer_create                       0x0001b894   Section        0  app_timer.o(i.app_timer_create)
    i.app_timer_init                         0x0001b8c4   Section        0  app_timer.o(i.app_timer_init)
    i.app_timer_start                        0x0001b938   Section        0  app_timer.o(i.app_timer_start)
    i.app_timer_stop                         0x0001b9c0   Section        0  app_timer.o(i.app_timer_stop)
    i.app_uart_get                           0x0001b9e8   Section        0  app_uart_fifo.o(i.app_uart_get)
    i.app_uart_init                          0x0001ba20   Section        0  app_uart_fifo.o(i.app_uart_init)
    i.app_uart_put                           0x0001bad0   Section        0  app_uart_fifo.o(i.app_uart_put)
    i.app_util_critical_region_enter         0x0001bb10   Section        0  app_util_platform.o(i.app_util_critical_region_enter)
    i.app_util_critical_region_exit          0x0001bb4c   Section        0  app_util_platform.o(i.app_util_critical_region_exit)
    i.apply_config                           0x0001bb78   Section        0  nrf_drv_uart.o(i.apply_config)
    apply_config                             0x0001bb79   Thumb Code   128  nrf_drv_uart.o(i.apply_config)
    i.ble_advdata_set                        0x0001bbfc   Section        0  ble_advdata.o(i.ble_advdata_set)
    i.ble_advertising_init                   0x0001bc64   Section        0  ble_advertising.o(i.ble_advertising_init)
    i.ble_advertising_on_ble_evt             0x0001bdc0   Section        0  ble_advertising.o(i.ble_advertising_on_ble_evt)
    i.ble_advertising_restart_without_whitelist 0x0001be18   Section        0  ble_advertising.o(i.ble_advertising_restart_without_whitelist)
    i.ble_advertising_start                  0x0001be54   Section        0  ble_advertising.o(i.ble_advertising_start)
    i.ble_conn_params_init                   0x0001bf5c   Section        0  ble_conn_params.o(i.ble_conn_params_init)
    i.ble_conn_params_on_ble_evt             0x0001bfb0   Section        0  ble_conn_params.o(i.ble_conn_params_on_ble_evt)
    i.ble_device_addr_encode                 0x0001c040   Section        0  ble_advdata.o(i.ble_device_addr_encode)
    ble_device_addr_encode                   0x0001c041   Thumb Code    94  ble_advdata.o(i.ble_device_addr_encode)
    i.ble_evt_dispatch                       0x0001c0a0   Section        0  main.o(i.ble_evt_dispatch)
    ble_evt_dispatch                         0x0001c0a1   Thumb Code    36  main.o(i.ble_evt_dispatch)
    i.ble_nus_init                           0x0001c0c8   Section        0  ble_nus.o(i.ble_nus_init)
    i.ble_nus_on_ble_evt                     0x0001c130   Section        0  ble_nus.o(i.ble_nus_on_ble_evt)
    i.ble_nus_string_send                    0x0001c18c   Section        0  ble_nus.o(i.ble_nus_string_send)
    i.ble_srv_is_notification_enabled        0x0001c1e0   Section        0  ble_srv_common.o(i.ble_srv_is_notification_enabled)
    i.bsp_board_button_idx_to_pin            0x0001c1f0   Section        0  boards.o(i.bsp_board_button_idx_to_pin)
    i.bsp_board_button_state_get             0x0001c1fc   Section        0  boards.o(i.bsp_board_button_state_get)
    i.bsp_board_led_invert                   0x0001c21c   Section        0  boards.o(i.bsp_board_led_invert)
    i.bsp_board_led_off                      0x0001c23c   Section        0  boards.o(i.bsp_board_led_off)
    i.bsp_board_led_on                       0x0001c250   Section        0  boards.o(i.bsp_board_led_on)
    i.bsp_board_led_state_get                0x0001c264   Section        0  boards.o(i.bsp_board_led_state_get)
    i.bsp_board_leds_init                    0x0001c284   Section        0  boards.o(i.bsp_board_leds_init)
    i.bsp_board_leds_off                     0x0001c2ac   Section        0  boards.o(i.bsp_board_leds_off)
    i.bsp_board_leds_on                      0x0001c2be   Section        0  boards.o(i.bsp_board_leds_on)
    i.bsp_board_pin_to_button_idx            0x0001c2d0   Section        0  boards.o(i.bsp_board_pin_to_button_idx)
    i.bsp_btn_ble_init                       0x0001c2f4   Section        0  bsp_btn_ble.o(i.bsp_btn_ble_init)
    i.bsp_btn_ble_on_ble_evt                 0x0001c334   Section        0  bsp_btn_ble.o(i.bsp_btn_ble_on_ble_evt)
    i.bsp_btn_ble_sleep_mode_prepare         0x0001c3ac   Section        0  bsp_btn_ble.o(i.bsp_btn_ble_sleep_mode_prepare)
    i.bsp_button_event_handler               0x0001c3d0   Section        0  bsp.o(i.bsp_button_event_handler)
    bsp_button_event_handler                 0x0001c3d1   Thumb Code   134  bsp.o(i.bsp_button_event_handler)
    i.bsp_button_is_pressed                  0x0001c464   Section        0  bsp.o(i.bsp_button_is_pressed)
    i.bsp_event_handler                      0x0001c46c   Section        0  main.o(i.bsp_event_handler)
    i.bsp_event_to_button_action_assign      0x0001c4b0   Section        0  bsp.o(i.bsp_event_to_button_action_assign)
    i.bsp_indication_set                     0x0001c4f8   Section        0  bsp.o(i.bsp_indication_set)
    i.bsp_init                               0x0001c514   Section        0  bsp.o(i.bsp_init)
    i.bsp_led_indication                     0x0001c5ac   Section        0  bsp.o(i.bsp_led_indication)
    bsp_led_indication                       0x0001c5ad   Thumb Code   376  bsp.o(i.bsp_led_indication)
    i.bsp_wakeup_button_enable               0x0001c72c   Section        0  bsp.o(i.bsp_wakeup_button_enable)
    i.button_timer_handler                   0x0001c73c   Section        0  bsp.o(i.button_timer_handler)
    button_timer_handler                     0x0001c73d   Thumb Code    12  bsp.o(i.button_timer_handler)
    i.channel_free                           0x0001c748   Section        0  nrf_drv_gpiote.o(i.channel_free)
    channel_free                             0x0001c749   Thumb Code    22  nrf_drv_gpiote.o(i.channel_free)
    i.channel_port_alloc                     0x0001c764   Section        0  nrf_drv_gpiote.o(i.channel_port_alloc)
    channel_port_alloc                       0x0001c765   Thumb Code    66  nrf_drv_gpiote.o(i.channel_port_alloc)
    i.channel_port_get                       0x0001c7ac   Section        0  nrf_drv_gpiote.o(i.channel_port_get)
    channel_port_get                         0x0001c7ad   Thumb Code    10  nrf_drv_gpiote.o(i.channel_port_get)
    i.clock_clk_started_notify               0x0001c7bc   Section        0  nrf_drv_clock.o(i.clock_clk_started_notify)
    clock_clk_started_notify                 0x0001c7bd   Thumb Code    34  nrf_drv_clock.o(i.clock_clk_started_notify)
    i.compare_reg_update                     0x0001c7e4   Section        0  app_timer.o(i.compare_reg_update)
    compare_reg_update                       0x0001c7e5   Thumb Code   142  app_timer.o(i.compare_reg_update)
    i.conn_int_encode                        0x0001c88c   Section        0  ble_advdata.o(i.conn_int_encode)
    conn_int_encode                          0x0001c88d   Thumb Code   130  ble_advdata.o(i.conn_int_encode)
    i.conn_params_error_handler              0x0001c914   Section        0  main.o(i.conn_params_error_handler)
    conn_params_error_handler                0x0001c915   Thumb Code     8  main.o(i.conn_params_error_handler)
    i.conn_params_negotiation                0x0001c91c   Section        0  ble_conn_params.o(i.conn_params_negotiation)
    conn_params_negotiation                  0x0001c91d   Thumb Code    92  ble_conn_params.o(i.conn_params_negotiation)
    i.detection_delay_timeout_handler        0x0001c984   Section        0  app_button.o(i.detection_delay_timeout_handler)
    detection_delay_timeout_handler          0x0001c985   Thumb Code    90  app_button.o(i.detection_delay_timeout_handler)
    i.elapsed_ticks_acquire                  0x0001c9e4   Section        0  app_timer.o(i.elapsed_ticks_acquire)
    elapsed_ticks_acquire                    0x0001c9e5   Thumb Code    58  app_timer.o(i.elapsed_ticks_acquire)
    i.fifo_get                               0x0001ca24   Section        0  app_fifo.o(i.fifo_get)
    fifo_get                                 0x0001ca25   Thumb Code    20  app_fifo.o(i.fifo_get)
    i.fifo_put                               0x0001ca38   Section        0  app_fifo.o(i.fifo_put)
    fifo_put                                 0x0001ca39   Thumb Code    18  app_fifo.o(i.fifo_put)
    i.fputc                                  0x0001ca4a   Section        0  retarget.o(i.fputc)
    i.fs_queued_op_count_get                 0x0001ca58   Section        0  fstorage.o(i.fs_queued_op_count_get)
    i.gpiote_event_handler                   0x0001ca70   Section        0  app_button.o(i.gpiote_event_handler)
    gpiote_event_handler                     0x0001ca71   Thumb Code    72  app_button.o(i.gpiote_event_handler)
    i.intern_softdevice_events_execute       0x0001cac0   Section        0  softdevice_handler.o(i.intern_softdevice_events_execute)
    i.is_conn_params_ok                      0x0001cb40   Section        0  ble_conn_params.o(i.is_conn_params_ok)
    is_conn_params_ok                        0x0001cb41   Thumb Code    24  ble_conn_params.o(i.is_conn_params_ok)
    i.is_manual_peripheral_setup_needed      0x0001cb5c   Section        0  system_nrf51.o(i.is_manual_peripheral_setup_needed)
    is_manual_peripheral_setup_needed        0x0001cb5d   Thumb Code    66  system_nrf51.o(i.is_manual_peripheral_setup_needed)
    i.leds_timer_handler                     0x0001cba4   Section        0  bsp.o(i.leds_timer_handler)
    leds_timer_handler                       0x0001cba5   Thumb Code    18  bsp.o(i.leds_timer_handler)
    i.list_deletions_handler                 0x0001cbbc   Section        0  app_timer.o(i.list_deletions_handler)
    list_deletions_handler                   0x0001cbbd   Thumb Code   162  app_timer.o(i.list_deletions_handler)
    i.list_insertions_handler                0x0001cc68   Section        0  app_timer.o(i.list_insertions_handler)
    list_insertions_handler                  0x0001cc69   Thumb Code   178  app_timer.o(i.list_insertions_handler)
    i.main                                   0x0001cd24   Section        0  main.o(i.main)
    i.manuf_specific_data_encode             0x0001cf28   Section        0  ble_advdata.o(i.manuf_specific_data_encode)
    manuf_specific_data_encode               0x0001cf29   Thumb Code   104  ble_advdata.o(i.manuf_specific_data_encode)
    i.name_encode                            0x0001cf90   Section        0  ble_advdata.o(i.name_encode)
    name_encode                              0x0001cf91   Thumb Code   158  ble_advdata.o(i.name_encode)
    i.nrf_bitmask_bit_is_set                 0x0001d02e   Section        0  nrf_drv_gpiote.o(i.nrf_bitmask_bit_is_set)
    nrf_bitmask_bit_is_set                   0x0001d02f   Thumb Code    16  nrf_drv_gpiote.o(i.nrf_bitmask_bit_is_set)
    i.nrf_clock_event_check                  0x0001d03e   Section        0  nrf_drv_clock.o(i.nrf_clock_event_check)
    nrf_clock_event_check                    0x0001d03f   Thumb Code    16  nrf_drv_clock.o(i.nrf_clock_event_check)
    i.nrf_delay_us                           0x0001d050   Section        0  app_timer.o(i.nrf_delay_us)
    nrf_delay_us                             0x0001d051   Thumb Code    38  app_timer.o(i.nrf_delay_us)
    i.nrf_drv_clock_init                     0x0001d080   Section        0  nrf_drv_clock.o(i.nrf_drv_clock_init)
    i.nrf_drv_clock_on_sd_enable             0x0001d0c8   Section        0  nrf_drv_clock.o(i.nrf_drv_clock_on_sd_enable)
    i.nrf_drv_clock_on_soc_event             0x0001d0fc   Section        0  nrf_drv_clock.o(i.nrf_drv_clock_on_soc_event)
    i.nrf_drv_common_irq_enable              0x0001d108   Section        0  nrf_drv_common.o(i.nrf_drv_common_irq_enable)
    i.nrf_drv_gpiote_in_event_enable         0x0001d168   Section        0  nrf_drv_gpiote.o(i.nrf_drv_gpiote_in_event_enable)
    i.nrf_drv_gpiote_in_init                 0x0001d200   Section        0  nrf_drv_gpiote.o(i.nrf_drv_gpiote_in_init)
    i.nrf_drv_gpiote_in_is_set               0x0001d2a8   Section        0  nrf_drv_gpiote.o(i.nrf_drv_gpiote_in_is_set)
    i.nrf_drv_gpiote_init                    0x0001d2bc   Section        0  nrf_drv_gpiote.o(i.nrf_drv_gpiote_init)
    i.nrf_drv_gpiote_is_init                 0x0001d318   Section        0  nrf_drv_gpiote.o(i.nrf_drv_gpiote_is_init)
    i.nrf_drv_uart_init                      0x0001d328   Section        0  nrf_drv_uart.o(i.nrf_drv_uart_init)
    i.nrf_drv_uart_rx                        0x0001d3a8   Section        0  nrf_drv_uart.o(i.nrf_drv_uart_rx)
    i.nrf_drv_uart_rx_enable                 0x0001d404   Section        0  nrf_drv_uart.o(i.nrf_drv_uart_rx_enable)
    i.nrf_drv_uart_rx_for_uart               0x0001d430   Section        0  nrf_drv_uart.o(i.nrf_drv_uart_rx_for_uart)
    nrf_drv_uart_rx_for_uart                 0x0001d431   Thumb Code   164  nrf_drv_uart.o(i.nrf_drv_uart_rx_for_uart)
    i.nrf_drv_uart_tx                        0x0001d4d8   Section        0  nrf_drv_uart.o(i.nrf_drv_uart_tx)
    i.nrf_drv_uart_tx_for_uart               0x0001d50c   Section        0  nrf_drv_uart.o(i.nrf_drv_uart_tx_for_uart)
    nrf_drv_uart_tx_for_uart                 0x0001d50d   Thumb Code   134  nrf_drv_uart.o(i.nrf_drv_uart_tx_for_uart)
    i.nrf_drv_uart_tx_in_progress            0x0001d598   Section        0  nrf_drv_uart.o(i.nrf_drv_uart_tx_in_progress)
    i.nrf_gpio_cfg                           0x0001d5b0   Section        0  boards.o(i.nrf_gpio_cfg)
    nrf_gpio_cfg                             0x0001d5b1   Thumb Code    40  boards.o(i.nrf_gpio_cfg)
    i.nrf_gpio_cfg                           0x0001d5d8   Section        0  nrf_drv_gpiote.o(i.nrf_gpio_cfg)
    nrf_gpio_cfg                             0x0001d5d9   Thumb Code    40  nrf_drv_gpiote.o(i.nrf_gpio_cfg)
    i.nrf_gpio_cfg                           0x0001d600   Section        0  nrf_drv_uart.o(i.nrf_gpio_cfg)
    nrf_gpio_cfg                             0x0001d601   Thumb Code    40  nrf_drv_uart.o(i.nrf_gpio_cfg)
    i.nrf_gpio_cfg_input                     0x0001d628   Section        0  nrf_drv_uart.o(i.nrf_gpio_cfg_input)
    nrf_gpio_cfg_input                       0x0001d629   Thumb Code    18  nrf_drv_uart.o(i.nrf_gpio_cfg_input)
    i.nrf_gpio_cfg_output                    0x0001d63a   Section        0  nrf_drv_uart.o(i.nrf_gpio_cfg_output)
    nrf_gpio_cfg_output                      0x0001d63b   Thumb Code    20  nrf_drv_uart.o(i.nrf_gpio_cfg_output)
    i.nrf_gpio_cfg_sense_set                 0x0001d64e   Section        0  bsp.o(i.nrf_gpio_cfg_sense_set)
    nrf_gpio_cfg_sense_set                   0x0001d64f   Thumb Code    34  bsp.o(i.nrf_gpio_cfg_sense_set)
    i.nrf_gpio_cfg_sense_set                 0x0001d670   Section        0  nrf_drv_gpiote.o(i.nrf_gpio_cfg_sense_set)
    nrf_gpio_cfg_sense_set                   0x0001d671   Thumb Code    34  nrf_drv_gpiote.o(i.nrf_gpio_cfg_sense_set)
    i.nrf_gpio_pin_write                     0x0001d694   Section        0  boards.o(i.nrf_gpio_pin_write)
    nrf_gpio_pin_write                       0x0001d695   Thumb Code    18  boards.o(i.nrf_gpio_pin_write)
    i.nrf_gpio_ports_read                    0x0001d6ac   Section        0  nrf_drv_gpiote.o(i.nrf_gpio_ports_read)
    nrf_gpio_ports_read                      0x0001d6ad   Thumb Code    36  nrf_drv_gpiote.o(i.nrf_gpio_ports_read)
    i.nrf_gpiote_event_clear                 0x0001d6d4   Section        0  nrf_drv_gpiote.o(i.nrf_gpiote_event_clear)
    nrf_gpiote_event_clear                   0x0001d6d5   Thumb Code    10  nrf_drv_gpiote.o(i.nrf_gpiote_event_clear)
    i.nrf_gpiote_event_is_set                0x0001d6e4   Section        0  nrf_drv_gpiote.o(i.nrf_gpiote_event_is_set)
    nrf_gpiote_event_is_set                  0x0001d6e5   Thumb Code    14  nrf_drv_gpiote.o(i.nrf_gpiote_event_is_set)
    i.nrf_uart_event_check                   0x0001d6f8   Section        0  nrf_drv_uart.o(i.nrf_uart_event_check)
    nrf_uart_event_check                     0x0001d6f9   Thumb Code    10  nrf_drv_uart.o(i.nrf_uart_event_check)
    i.nrf_uart_int_enable_check              0x0001d702   Section        0  nrf_drv_uart.o(i.nrf_uart_int_enable_check)
    nrf_uart_int_enable_check                0x0001d703   Thumb Code    16  nrf_drv_uart.o(i.nrf_uart_int_enable_check)
    i.nus_data_handler                       0x0001d712   Section        0  main.o(i.nus_data_handler)
    nus_data_handler                         0x0001d713   Thumb Code    48  main.o(i.nus_data_handler)
    i.on_adv_evt                             0x0001d742   Section        0  main.o(i.on_adv_evt)
    on_adv_evt                               0x0001d743   Thumb Code    32  main.o(i.on_adv_evt)
    i.on_ble_evt                             0x0001d764   Section        0  main.o(i.on_ble_evt)
    on_ble_evt                               0x0001d765   Thumb Code   204  main.o(i.on_ble_evt)
    i.on_conn_params_evt                     0x0001d834   Section        0  main.o(i.on_conn_params_evt)
    on_conn_params_evt                       0x0001d835   Thumb Code    26  main.o(i.on_conn_params_evt)
    i.pin_in_use_by_port                     0x0001d854   Section        0  nrf_drv_gpiote.o(i.pin_in_use_by_port)
    pin_in_use_by_port                       0x0001d855   Thumb Code    20  nrf_drv_gpiote.o(i.pin_in_use_by_port)
    i.pin_in_use_by_te                       0x0001d86c   Section        0  nrf_drv_gpiote.o(i.pin_in_use_by_te)
    pin_in_use_by_te                         0x0001d86d   Thumb Code    20  nrf_drv_gpiote.o(i.pin_in_use_by_te)
    i.rtc1_stop                              0x0001d884   Section        0  app_timer.o(i.rtc1_stop)
    rtc1_stop                                0x0001d885   Thumb Code    50  app_timer.o(i.rtc1_stop)
    i.rx_byte                                0x0001d8c8   Section        0  nrf_drv_uart.o(i.rx_byte)
    rx_byte                                  0x0001d8c9   Thumb Code    38  nrf_drv_uart.o(i.rx_byte)
    i.rx_char_add                            0x0001d8ee   Section        0  ble_nus.o(i.rx_char_add)
    rx_char_add                              0x0001d8ef   Thumb Code   158  ble_nus.o(i.rx_char_add)
    i.rx_done_event                          0x0001d98c   Section        0  nrf_drv_uart.o(i.rx_done_event)
    rx_done_event                            0x0001d98d   Thumb Code    20  nrf_drv_uart.o(i.rx_done_event)
    i.rx_enable                              0x0001d9a0   Section        0  nrf_drv_uart.o(i.rx_enable)
    rx_enable                                0x0001d9a1   Thumb Code    26  nrf_drv_uart.o(i.rx_enable)
    i.sd_nvic_EnableIRQ                      0x0001d9bc   Section        0  softdevice_handler.o(i.sd_nvic_EnableIRQ)
    sd_nvic_EnableIRQ                        0x0001d9bd   Thumb Code   112  softdevice_handler.o(i.sd_nvic_EnableIRQ)
    i.service_data_encode                    0x0001da40   Section        0  ble_advdata.o(i.service_data_encode)
    service_data_encode                      0x0001da41   Thumb Code   142  ble_advdata.o(i.service_data_encode)
    i.set_adv_mode_fast                      0x0001dad0   Section        0  ble_advertising.o(i.set_adv_mode_fast)
    set_adv_mode_fast                        0x0001dad1   Thumb Code    80  ble_advertising.o(i.set_adv_mode_fast)
    i.set_adv_mode_slow                      0x0001db28   Section        0  ble_advertising.o(i.set_adv_mode_slow)
    set_adv_mode_slow                        0x0001db29   Thumb Code    76  ble_advertising.o(i.set_adv_mode_slow)
    i.sleep_mode_enter                       0x0001db7c   Section        0  main.o(i.sleep_mode_enter)
    sleep_mode_enter                         0x0001db7d   Thumb Code    40  main.o(i.sleep_mode_enter)
    i.softdevice_ble_evt_handler_set         0x0001dba4   Section        0  softdevice_handler.o(i.softdevice_ble_evt_handler_set)
    i.softdevice_enable                      0x0001dbb8   Section        0  softdevice_handler.o(i.softdevice_enable)
    i.softdevice_enable_get_default_config   0x0001dbcc   Section        0  softdevice_handler.o(i.softdevice_enable_get_default_config)
    i.softdevice_fault_handler               0x0001dbf4   Section        0  softdevice_handler.o(i.softdevice_fault_handler)
    i.softdevice_handler_init                0x0001dbfc   Section        0  softdevice_handler.o(i.softdevice_handler_init)
    i.softdevice_handler_is_enabled          0x0001dc54   Section        0  softdevice_handler.o(i.softdevice_handler_is_enabled)
    i.timer_list_handler                     0x0001dc60   Section        0  app_timer.o(i.timer_list_handler)
    timer_list_handler                       0x0001dc61   Thumb Code   128  app_timer.o(i.timer_list_handler)
    i.timer_list_handler_sched               0x0001dce4   Section        0  app_timer.o(i.timer_list_handler_sched)
    timer_list_handler_sched                 0x0001dce5   Thumb Code    10  app_timer.o(i.timer_list_handler_sched)
    i.timer_list_insert                      0x0001dcf4   Section        0  app_timer.o(i.timer_list_insert)
    timer_list_insert                        0x0001dcf5   Thumb Code    60  app_timer.o(i.timer_list_insert)
    i.timer_stop_op_schedule                 0x0001dd34   Section        0  app_timer.o(i.timer_stop_op_schedule)
    timer_stop_op_schedule                   0x0001dd35   Thumb Code    68  app_timer.o(i.timer_stop_op_schedule)
    i.timer_timeouts_check                   0x0001dd7c   Section        0  app_timer.o(i.timer_timeouts_check)
    timer_timeouts_check                     0x0001dd7d   Thumb Code   118  app_timer.o(i.timer_timeouts_check)
    i.tx_byte                                0x0001ddfc   Section        0  nrf_drv_uart.o(i.tx_byte)
    tx_byte                                  0x0001ddfd   Thumb Code    30  nrf_drv_uart.o(i.tx_byte)
    i.tx_char_add                            0x0001de1a   Section        0  ble_nus.o(i.tx_char_add)
    tx_char_add                              0x0001de1b   Thumb Code   128  ble_nus.o(i.tx_char_add)
    i.tx_done_event                          0x0001de9a   Section        0  nrf_drv_uart.o(i.tx_done_event)
    tx_done_event                            0x0001de9b   Thumb Code    24  nrf_drv_uart.o(i.tx_done_event)
    i.uart_event_handle                      0x0001deb4   Section        0  main.o(i.uart_event_handle)
    i.uart_event_handler                     0x0001df14   Section        0  app_uart_fifo.o(i.uart_event_handler)
    uart_event_handler                       0x0001df15   Thumb Code   158  app_uart_fifo.o(i.uart_event_handler)
    i.uart_irq_handler                       0x0001dfbc   Section        0  nrf_drv_uart.o(i.uart_irq_handler)
    uart_irq_handler                         0x0001dfbd   Thumb Code   296  nrf_drv_uart.o(i.uart_irq_handler)
    i.uint16_encode                          0x0001e0e4   Section        0  ble_advdata.o(i.uint16_encode)
    uint16_encode                            0x0001e0e5   Thumb Code    10  ble_advdata.o(i.uint16_encode)
    i.update_timeout_handler                 0x0001e0f0   Section        0  ble_conn_params.o(i.update_timeout_handler)
    update_timeout_handler                   0x0001e0f1   Thumb Code    86  ble_conn_params.o(i.update_timeout_handler)
    i.user_op_alloc                          0x0001e154   Section        0  app_timer.o(i.user_op_alloc)
    user_op_alloc                            0x0001e155   Thumb Code    40  app_timer.o(i.user_op_alloc)
    i.uuid_list_encode                       0x0001e180   Section        0  ble_advdata.o(i.uuid_list_encode)
    uuid_list_encode                         0x0001e181   Thumb Code    48  ble_advdata.o(i.uuid_list_encode)
    i.uuid_list_sized_encode                 0x0001e1b0   Section        0  ble_advdata.o(i.uuid_list_sized_encode)
    uuid_list_sized_encode                   0x0001e1b1   Thumb Code   174  ble_advdata.o(i.uuid_list_sized_encode)
    i.whitelist_has_entries                  0x0001e260   Section        0  ble_advertising.o(i.whitelist_has_entries)
    whitelist_has_entries                    0x0001e261   Thumb Code    18  ble_advertising.o(i.whitelist_has_entries)
    .constdata                               0x0001e278   Section       28  main.o(.constdata)
    .constdata                               0x0001e294   Section        8  boards.o(.constdata)
    m_board_led_list                         0x0001e294   Data           4  boards.o(.constdata)
    m_board_btn_list                         0x0001e298   Data           4  boards.o(.constdata)
    .constdata                               0x0001e29c   Section       44  bsp.o(.constdata)
    m_leds_timer_id                          0x0001e29c   Data           4  bsp.o(.constdata)
    m_alert_timer_id                         0x0001e2a0   Data           4  bsp.o(.constdata)
    m_button_timer_id                        0x0001e2a4   Data           4  bsp.o(.constdata)
    app_buttons                              0x0001e2a8   Data          32  bsp.o(.constdata)
    .constdata                               0x0001e2c8   Section        4  ble_conn_params.o(.constdata)
    m_conn_params_timer_id                   0x0001e2c8   Data           4  ble_conn_params.o(.constdata)
    .constdata                               0x0001e2cc   Section       16  ble_nus.o(.constdata)
    .constdata                               0x0001e2dc   Section        4  nrf_drv_gpiote.o(.constdata)
    .constdata                               0x0001e2e0   Section        8  app_button.o(.constdata)
    m_detection_delay_timer_id               0x0001e2e0   Data           4  app_button.o(.constdata)
    .constdata                               0x0001e2e8   Section       32  app_uart_fifo.o(.constdata)
    .data                                    0x20001fe8   Section        8  main.o(.data)
    index                                    0x20001fe8   Data           1  main.o(.data)
    m_conn_handle                            0x20001fea   Data           2  main.o(.data)
    m_adv_uuids                              0x20001fec   Data           4  main.o(.data)
    .data                                    0x20001ff0   Section       20  bsp.o(.data)
    m_stable_state                           0x20001ff0   Data           1  bsp.o(.data)
    m_leds_clear                             0x20001ff1   Data           1  bsp.o(.data)
    current_long_push_pin_no                 0x20001ff2   Data           1  bsp.o(.data)
    m_app_ticks_per_100ms                    0x20001ff4   Data           4  bsp.o(.data)
    m_indication_type                        0x20001ff8   Data           4  bsp.o(.data)
    m_registered_callback                    0x20001ffc   Data           4  bsp.o(.data)
    release_event_at_push                    0x20002000   Data           4  bsp.o(.data)
    .data                                    0x20002004   Section        8  bsp_btn_ble.o(.data)
    m_error_handler                          0x20002004   Data           4  bsp_btn_ble.o(.data)
    m_num_connections                        0x20002008   Data           4  bsp_btn_ble.o(.data)
    .data                                    0x2000200c   Section       48  ble_advertising.o(.data)
    m_initialized                            0x2000200c   Data           1  ble_advertising.o(.data)
    m_advertising_start_pending              0x2000200d   Data           1  ble_advertising.o(.data)
    m_adv_evt                                0x2000200e   Data           1  ble_advertising.o(.data)
    m_adv_mode_current                       0x2000200f   Data           1  ble_advertising.o(.data)
    m_peer_addr_reply_expected               0x20002010   Data           1  ble_advertising.o(.data)
    m_whitelist_temporarily_disabled         0x20002011   Data           1  ble_advertising.o(.data)
    m_whitelist_reply_expected               0x20002012   Data           1  ble_advertising.o(.data)
    m_current_slave_link_conn_handle         0x20002014   Data           2  ble_advertising.o(.data)
    m_slave_conn_int                         0x20002016   Data           4  ble_advertising.o(.data)
    m_evt_handler                            0x2000201c   Data           4  ble_advertising.o(.data)
    m_error_handler                          0x20002020   Data           4  ble_advertising.o(.data)
    m_peer_address                           0x20002024   Data           7  ble_advertising.o(.data)
    m_whitelist                              0x2000202c   Data          16  ble_advertising.o(.data)
    .data                                    0x2000203c   Section       20  ble_conn_params.o(.data)
    m_change_param                           0x2000203c   Data           1  ble_conn_params.o(.data)
    m_update_count                           0x2000203d   Data           1  ble_conn_params.o(.data)
    m_conn_handle                            0x2000203e   Data           2  ble_conn_params.o(.data)
    m_preferred_conn_params                  0x20002040   Data           8  ble_conn_params.o(.data)
    m_current_conn_params                    0x20002048   Data           8  ble_conn_params.o(.data)
    .data                                    0x20002050   Section       20  app_button.o(.data)
    m_button_count                           0x20002050   Data           1  app_button.o(.data)
    mp_buttons                               0x20002054   Data           4  app_button.o(.data)
    m_detection_delay                        0x20002058   Data           4  app_button.o(.data)
    m_pin_state                              0x2000205c   Data           4  app_button.o(.data)
    m_pin_transition                         0x20002060   Data           4  app_button.o(.data)
    .data                                    0x20002064   Section       32  app_timer.o(.data)
    m_ticks_elapsed_q_read_ind               0x20002064   Data           1  app_timer.o(.data)
    m_ticks_elapsed_q_write_ind              0x20002065   Data           1  app_timer.o(.data)
    m_rtc1_running                           0x20002066   Data           1  app_timer.o(.data)
    m_rtc1_reset                             0x20002067   Data           1  app_timer.o(.data)
    mp_timer_id_head                         0x20002068   Data           4  app_timer.o(.data)
    m_ticks_latest                           0x2000206c   Data           4  app_timer.o(.data)
    m_evt_schedule_func                      0x20002070   Data           4  app_timer.o(.data)
    m_op_queue                               0x20002074   Data           8  app_timer.o(.data)
    m_ticks_elapsed                          0x2000207c   Data           8  app_timer.o(.data)
    .data                                    0x20002084   Section       16  app_uart_fifo.o(.data)
    tx_buffer                                0x20002084   Data           1  app_uart_fifo.o(.data)
    rx_buffer                                0x20002085   Data           1  app_uart_fifo.o(.data)
    m_rx_ovf                                 0x20002086   Data           1  app_uart_fifo.o(.data)
    m_event_handler                          0x20002088   Data           4  app_uart_fifo.o(.data)
    app_uart_inst                            0x2000208c   Data           8  app_uart_fifo.o(.data)
    .data                                    0x20002094   Section       12  app_util_platform.o(.data)
    m_in_critical_region                     0x20002094   Data           4  app_util_platform.o(.data)
    .data                                    0x200020a0   Section        4  retarget.o(.data)
    .data                                    0x200020a4   Section       20  softdevice_handler.o(.data)
    m_softdevice_enabled                     0x200020a4   Data           1  softdevice_handler.o(.data)
    m_suspended                              0x200020a5   Data           1  softdevice_handler.o(.data)
    m_ble_evt_buffer_size                    0x200020a6   Data           2  softdevice_handler.o(.data)
    m_evt_schedule_func                      0x200020a8   Data           4  softdevice_handler.o(.data)
    mp_ble_evt_buffer                        0x200020ac   Data           4  softdevice_handler.o(.data)
    m_ble_evt_handler                        0x200020b0   Data           4  softdevice_handler.o(.data)
    m_sys_evt_handler                        0x200020b4   Data           4  softdevice_handler.o(.data)
    .data                                    0x200020b8   Section        4  system_nrf51.o(.data)
    __tagsym$$used                           0x200020b8   Number         0  system_nrf51.o(.data)
    .bss                                     0x200020bc   Section      752  main.o(.bss)
    BLE_EVT_BUFFER                           0x200020bc   Data          72  main.o(.bss)
    data_array                               0x20002104   Data          20  main.o(.bss)
    rx_buf                                   0x20002118   Data         256  main.o(.bss)
    tx_buf                                   0x20002218   Data         256  main.o(.bss)
    APP_TIMER_BUF                            0x20002318   Data         120  main.o(.bss)
    m_nus                                    0x20002390   Data          28  main.o(.bss)
    .bss                                     0x200023ac   Section       32  bsp.o(.bss)
    m_leds_timer_id_data                     0x200023ac   Data          32  bsp.o(.bss)
    .bss                                     0x200023cc   Section       32  bsp.o(.bss)
    m_alert_timer_id_data                    0x200023cc   Data          32  bsp.o(.bss)
    .bss                                     0x200023ec   Section       12  bsp.o(.bss)
    m_events_list                            0x200023ec   Data          12  bsp.o(.bss)
    .bss                                     0x200023f8   Section       32  bsp.o(.bss)
    m_button_timer_id_data                   0x200023f8   Data          32  bsp.o(.bss)
    .bss                                     0x20002418   Section      363  ble_advertising.o(.bss)
    m_adv_modes_config                       0x20002418   Data          32  ble_advertising.o(.bss)
    m_advdata                                0x20002438   Data          60  ble_advertising.o(.bss)
    m_manuf_specific_data                    0x20002474   Data          12  ble_advertising.o(.bss)
    m_manuf_data_array                       0x20002480   Data          31  ble_advertising.o(.bss)
    m_service_data                           0x200024a0   Data          12  ble_advertising.o(.bss)
    m_service_data_array                     0x200024ac   Data          31  ble_advertising.o(.bss)
    m_whitelist_addrs                        0x200024cb   Data          56  ble_advertising.o(.bss)
    m_whitelist_irks                         0x20002503   Data         128  ble_advertising.o(.bss)
    .bss                                     0x20002584   Section       32  ble_advertising.o(.bss)
    m_p_whitelist_addrs                      0x20002584   Data          32  ble_advertising.o(.bss)
    .bss                                     0x200025a4   Section       32  ble_advertising.o(.bss)
    m_p_whitelist_irks                       0x200025a4   Data          32  ble_advertising.o(.bss)
    .bss                                     0x200025c4   Section       32  ble_conn_params.o(.bss)
    m_conn_params_timer_id_data              0x200025c4   Data          32  ble_conn_params.o(.bss)
    .bss                                     0x200025e4   Section       28  ble_conn_params.o(.bss)
    m_conn_params_config                     0x200025e4   Data          28  ble_conn_params.o(.bss)
    .bss                                     0x20002600   Section       20  nrf_drv_clock.o(.bss)
    m_clock_cb                               0x20002600   Data          20  nrf_drv_clock.o(.bss)
    .bss                                     0x20002614   Section       72  nrf_drv_gpiote.o(.bss)
    m_cb                                     0x20002614   Data          72  nrf_drv_gpiote.o(.bss)
    .bss                                     0x2000265c   Section       28  nrf_drv_uart.o(.bss)
    m_cb                                     0x2000265c   Data          28  nrf_drv_uart.o(.bss)
    .bss                                     0x20002678   Section       32  app_button.o(.bss)
    m_detection_delay_timer_id_data          0x20002678   Data          32  app_button.o(.bss)
    .bss                                     0x20002698   Section       32  app_uart_fifo.o(.bss)
    m_rx_fifo                                0x20002698   Data          16  app_uart_fifo.o(.bss)
    m_tx_fifo                                0x200026a8   Data          16  app_uart_fifo.o(.bss)
    .bss                                     0x200026b8   Section      104  fstorage.o(.bss)
    m_queue                                  0x200026b8   Data         104  fstorage.o(.bss)
    STACK                                    0x20002720   Section     2048  arm_startup_nrf51.o(STACK)

    Global Symbols

    Symbol Name                              Value     Ov Type        Size  Object(Section)

    BuildAttributes$$THM_ISAv3M$S$PE$A:L22$X:L11$S22$IEEE1$IW$USESV6$~STKCKD$USESV7$~SHL$OSPACE$ROPI$EBA8$MICROLIB$REQ8$PRES8$EABIv2 0x00000000   Number         0  anon$$obj.o ABSOLUTE
    __ARM_use_no_argv                        0x00000000   Number         0  main.o ABSOLUTE
    __cpp_initialize__aeabi_                  - Undefined Weak Reference
    __cxa_finalize                            - Undefined Weak Reference
    __decompress                              - Undefined Weak Reference
    _clock_init                               - Undefined Weak Reference
    _microlib_exit                            - Undefined Weak Reference
    fs_data$$Base                             - Undefined Reference
    fs_data$$Limit                            - Undefined Reference
    __Vectors_Size                           0x000000c0   Number         0  arm_startup_nrf51.o ABSOLUTE
    __Vectors                                0x0001b000   Data           4  arm_startup_nrf51.o(RESET)
    __Vectors_End                            0x0001b0c0   Data           0  arm_startup_nrf51.o(RESET)
    __main                                   0x0001b0c1   Thumb Code     0  entry.o(.ARM.Collect$$$$00000000)
    _main_stk                                0x0001b0c1   Thumb Code     0  entry2.o(.ARM.Collect$$$$00000001)
    _main_scatterload                        0x0001b0c5   Thumb Code     0  entry5.o(.ARM.Collect$$$$00000004)
    __main_after_scatterload                 0x0001b0c9   Thumb Code     0  entry5.o(.ARM.Collect$$$$00000004)
    _main_clock                              0x0001b0c9   Thumb Code     0  entry7b.o(.ARM.Collect$$$$00000008)
    _main_cpp_init                           0x0001b0c9   Thumb Code     0  entry8b.o(.ARM.Collect$$$$0000000A)
    _main_init                               0x0001b0c9   Thumb Code     0  entry9a.o(.ARM.Collect$$$$0000000B)
    __rt_final_cpp                           0x0001b0d1   Thumb Code     0  entry10a.o(.ARM.Collect$$$$0000000D)
    __rt_final_exit                          0x0001b0d1   Thumb Code     0  entry11a.o(.ARM.Collect$$$$0000000F)
    Reset_Handler                            0x0001b0d5   Thumb Code    26  arm_startup_nrf51.o(.text)
    NMI_Handler                              0x0001b0ef   Thumb Code     2  arm_startup_nrf51.o(.text)
    HardFault_Handler                        0x0001b0f1   Thumb Code     2  arm_startup_nrf51.o(.text)
    SVC_Handler                              0x0001b0f3   Thumb Code     2  arm_startup_nrf51.o(.text)
    PendSV_Handler                           0x0001b0f5   Thumb Code     2  arm_startup_nrf51.o(.text)
    SysTick_Handler                          0x0001b0f7   Thumb Code     2  arm_startup_nrf51.o(.text)
    ADC_IRQHandler                           0x0001b0f9   Thumb Code     0  arm_startup_nrf51.o(.text)
    CCM_AAR_IRQHandler                       0x0001b0f9   Thumb Code     0  arm_startup_nrf51.o(.text)
    ECB_IRQHandler                           0x0001b0f9   Thumb Code     0  arm_startup_nrf51.o(.text)
    LPCOMP_IRQHandler                        0x0001b0f9   Thumb Code     0  arm_startup_nrf51.o(.text)
    QDEC_IRQHandler                          0x0001b0f9   Thumb Code     0  arm_startup_nrf51.o(.text)
    RADIO_IRQHandler                         0x0001b0f9   Thumb Code     0  arm_startup_nrf51.o(.text)
    RNG_IRQHandler                           0x0001b0f9   Thumb Code     0  arm_startup_nrf51.o(.text)
    RTC0_IRQHandler                          0x0001b0f9   Thumb Code     0  arm_startup_nrf51.o(.text)
    SPI0_TWI0_IRQHandler                     0x0001b0f9   Thumb Code     0  arm_startup_nrf51.o(.text)
    SPI1_TWI1_IRQHandler                     0x0001b0f9   Thumb Code     0  arm_startup_nrf51.o(.text)
    SWI1_IRQHandler                          0x0001b0f9   Thumb Code     0  arm_startup_nrf51.o(.text)
    SWI3_IRQHandler                          0x0001b0f9   Thumb Code     0  arm_startup_nrf51.o(.text)
    SWI4_IRQHandler                          0x0001b0f9   Thumb Code     0  arm_startup_nrf51.o(.text)
    SWI5_IRQHandler                          0x0001b0f9   Thumb Code     0  arm_startup_nrf51.o(.text)
    TEMP_IRQHandler                          0x0001b0f9   Thumb Code     0  arm_startup_nrf51.o(.text)
    TIMER0_IRQHandler                        0x0001b0f9   Thumb Code     0  arm_startup_nrf51.o(.text)
    TIMER1_IRQHandler                        0x0001b0f9   Thumb Code     0  arm_startup_nrf51.o(.text)
    TIMER2_IRQHandler                        0x0001b0f9   Thumb Code     0  arm_startup_nrf51.o(.text)
    WDT_IRQHandler                           0x0001b0f9   Thumb Code     0  arm_startup_nrf51.o(.text)
    __aeabi_uidiv                            0x0001b10d   Thumb Code     0  uidiv.o(.text)
    __aeabi_uidivmod                         0x0001b10d   Thumb Code    44  uidiv.o(.text)
    __aeabi_memcpy                           0x0001b139   Thumb Code    36  memcpya.o(.text)
    __aeabi_memcpy4                          0x0001b139   Thumb Code     0  memcpya.o(.text)
    __aeabi_memcpy8                          0x0001b139   Thumb Code     0  memcpya.o(.text)
    __aeabi_memset                           0x0001b15d   Thumb Code    14  memseta.o(.text)
    __aeabi_memset4                          0x0001b15d   Thumb Code     0  memseta.o(.text)
    __aeabi_memset8                          0x0001b15d   Thumb Code     0  memseta.o(.text)
    __aeabi_memclr                           0x0001b16b   Thumb Code     4  memseta.o(.text)
    __aeabi_memclr4                          0x0001b16b   Thumb Code     0  memseta.o(.text)
    __aeabi_memclr8                          0x0001b16b   Thumb Code     0  memseta.o(.text)
    _memset$wrapper                          0x0001b16f   Thumb Code    18  memseta.o(.text)
    __scatterload                            0x0001b181   Thumb Code    28  init.o(.text)
    __scatterload_rt2                        0x0001b181   Thumb Code     0  init.o(.text)
    GPIOTE_IRQHandler                        0x0001b1a5   Thumb Code   364  nrf_drv_gpiote.o(i.GPIOTE_IRQHandler)
    POWER_CLOCK_IRQHandler                   0x0001b361   Thumb Code    70  nrf_drv_clock.o(i.POWER_CLOCK_IRQHandler)
    RTC1_IRQHandler                          0x0001b3b5   Thumb Code    28  app_timer.o(i.RTC1_IRQHandler)
    SWI0_IRQHandler                          0x0001b3d5   Thumb Code     8  app_timer.o(i.SWI0_IRQHandler)
    SWI2_IRQHandler                          0x0001b3dd   Thumb Code    28  softdevice_handler.o(i.SWI2_IRQHandler)
    SystemInit                               0x0001b3fd   Thumb Code   130  system_nrf51.o(i.SystemInit)
    UART0_IRQHandler                         0x0001b49d   Thumb Code    12  nrf_drv_uart.o(i.UART0_IRQHandler)
    __0printf$bare                           0x0001b4b1   Thumb Code    12  printfb.o(i.__0printf$bare)
    __1printf$bare                           0x0001b4b1   Thumb Code     0  printfb.o(i.__0printf$bare)
    __2printf                                0x0001b4b1   Thumb Code     0  printfb.o(i.__0printf$bare)
    __ARM_common_switch8                     0x0001b4c5   Thumb Code    26  bsp.o(i.__ARM_common_switch8)
    __scatterload_copy                       0x0001b4df   Thumb Code    14  handlers.o(i.__scatterload_copy)
    __scatterload_null                       0x0001b4ed   Thumb Code     2  handlers.o(i.__scatterload_null)
    __scatterload_zeroinit                   0x0001b4ef   Thumb Code    14  handlers.o(i.__scatterload_zeroinit)
    adv_data_encode                          0x0001b537   Thumb Code   398  ble_advdata.o(i.adv_data_encode)
    app_button_enable                        0x0001b775   Thumb Code    32  app_button.o(i.app_button_enable)
    app_button_init                          0x0001b799   Thumb Code   100  app_button.o(i.app_button_init)
    app_error_fault_handler                  0x0001b80d   Thumb Code    18  app_error_weak.o(i.app_error_fault_handler)
    app_error_handler_bare                   0x0001b829   Thumb Code    20  app_error.o(i.app_error_handler_bare)
    app_fifo_get                             0x0001b841   Thumb Code    22  app_fifo.o(i.app_fifo_get)
    app_fifo_init                            0x0001b857   Thumb Code    36  app_fifo.o(i.app_fifo_init)
    app_fifo_put                             0x0001b87b   Thumb Code    26  app_fifo.o(i.app_fifo_put)
    app_timer_create                         0x0001b895   Thumb Code    44  app_timer.o(i.app_timer_create)
    app_timer_init                           0x0001b8c5   Thumb Code    98  app_timer.o(i.app_timer_init)
    app_timer_start                          0x0001b939   Thumb Code   128  app_timer.o(i.app_timer_start)
    app_timer_stop                           0x0001b9c1   Thumb Code    36  app_timer.o(i.app_timer_stop)
    app_uart_get                             0x0001b9e9   Thumb Code    46  app_uart_fifo.o(i.app_uart_get)
    app_uart_init                            0x0001ba21   Thumb Code   160  app_uart_fifo.o(i.app_uart_init)
    app_uart_put                             0x0001bad1   Thumb Code    56  app_uart_fifo.o(i.app_uart_put)
    app_util_critical_region_enter           0x0001bb11   Thumb Code    48  app_util_platform.o(i.app_util_critical_region_enter)
    app_util_critical_region_exit            0x0001bb4d   Thumb Code    36  app_util_platform.o(i.app_util_critical_region_exit)
    ble_advdata_set                          0x0001bbfd   Thumb Code   104  ble_advdata.o(i.ble_advdata_set)
    ble_advertising_init                     0x0001bc65   Thumb Code   340  ble_advertising.o(i.ble_advertising_init)
    ble_advertising_on_ble_evt               0x0001bdc1   Thumb Code    82  ble_advertising.o(i.ble_advertising_on_ble_evt)
    ble_advertising_restart_without_whitelist 0x0001be19   Thumb Code    50  ble_advertising.o(i.ble_advertising_restart_without_whitelist)
    ble_advertising_start                    0x0001be55   Thumb Code   256  ble_advertising.o(i.ble_advertising_start)
    ble_conn_params_init                     0x0001bf5d   Thumb Code    68  ble_conn_params.o(i.ble_conn_params_init)
    ble_conn_params_on_ble_evt               0x0001bfb1   Thumb Code   130  ble_conn_params.o(i.ble_conn_params_on_ble_evt)
    ble_nus_init                             0x0001c0c9   Thumb Code    98  ble_nus.o(i.ble_nus_init)
    ble_nus_on_ble_evt                       0x0001c131   Thumb Code    92  ble_nus.o(i.ble_nus_on_ble_evt)
    ble_nus_string_send                      0x0001c18d   Thumb Code    78  ble_nus.o(i.ble_nus_string_send)
    ble_srv_is_notification_enabled          0x0001c1e1   Thumb Code    14  ble_srv_common.o(i.ble_srv_is_notification_enabled)
    bsp_board_button_idx_to_pin              0x0001c1f1   Thumb Code     6  boards.o(i.bsp_board_button_idx_to_pin)
    bsp_board_button_state_get               0x0001c1fd   Thumb Code    24  boards.o(i.bsp_board_button_state_get)
    bsp_board_led_invert                     0x0001c21d   Thumb Code    24  boards.o(i.bsp_board_led_invert)
    bsp_board_led_off                        0x0001c23d   Thumb Code    14  boards.o(i.bsp_board_led_off)
    bsp_board_led_on                         0x0001c251   Thumb Code    14  boards.o(i.bsp_board_led_on)
    bsp_board_led_state_get                  0x0001c265   Thumb Code    24  boards.o(i.bsp_board_led_state_get)
    bsp_board_leds_init                      0x0001c285   Thumb Code    36  boards.o(i.bsp_board_leds_init)
    bsp_board_leds_off                       0x0001c2ad   Thumb Code    18  boards.o(i.bsp_board_leds_off)
    bsp_board_leds_on                        0x0001c2bf   Thumb Code    18  boards.o(i.bsp_board_leds_on)
    bsp_board_pin_to_button_idx              0x0001c2d1   Thumb Code    30  boards.o(i.bsp_board_pin_to_button_idx)
    bsp_btn_ble_init                         0x0001c2f5   Thumb Code    58  bsp_btn_ble.o(i.bsp_btn_ble_init)
    bsp_btn_ble_on_ble_evt                   0x0001c335   Thumb Code   114  bsp_btn_ble.o(i.bsp_btn_ble_on_ble_evt)
    bsp_btn_ble_sleep_mode_prepare           0x0001c3ad   Thumb Code    34  bsp_btn_ble.o(i.bsp_btn_ble_sleep_mode_prepare)
    bsp_button_is_pressed                    0x0001c465   Thumb Code     8  bsp.o(i.bsp_button_is_pressed)
    bsp_event_handler                        0x0001c46d   Thumb Code    58  main.o(i.bsp_event_handler)
    bsp_event_to_button_action_assign        0x0001c4b1   Thumb Code    66  bsp.o(i.bsp_event_to_button_action_assign)
    bsp_indication_set                       0x0001c4f9   Thumb Code    22  bsp.o(i.bsp_indication_set)
    bsp_init                                 0x0001c515   Thumb Code   132  bsp.o(i.bsp_init)
    bsp_wakeup_button_enable                 0x0001c72d   Thumb Code    16  bsp.o(i.bsp_wakeup_button_enable)
    fputc                                    0x0001ca4b   Thumb Code    14  retarget.o(i.fputc)
    fs_queued_op_count_get                   0x0001ca59   Thumb Code    18  fstorage.o(i.fs_queued_op_count_get)
    intern_softdevice_events_execute         0x0001cac1   Thumb Code   122  softdevice_handler.o(i.intern_softdevice_events_execute)
    main                                     0x0001cd25   Thumb Code   438  main.o(i.main)
    nrf_drv_clock_init                       0x0001d081   Thumb Code    60  nrf_drv_clock.o(i.nrf_drv_clock_init)
    nrf_drv_clock_on_sd_enable               0x0001d0c9   Thumb Code    46  nrf_drv_clock.o(i.nrf_drv_clock_on_sd_enable)
    nrf_drv_clock_on_soc_event               0x0001d0fd   Thumb Code    12  nrf_drv_clock.o(i.nrf_drv_clock_on_soc_event)
    nrf_drv_common_irq_enable                0x0001d109   Thumb Code    78  nrf_drv_common.o(i.nrf_drv_common_irq_enable)
    nrf_drv_gpiote_in_event_enable           0x0001d169   Thumb Code   136  nrf_drv_gpiote.o(i.nrf_drv_gpiote_in_event_enable)
    nrf_drv_gpiote_in_init                   0x0001d201   Thumb Code   154  nrf_drv_gpiote.o(i.nrf_drv_gpiote_in_init)
    nrf_drv_gpiote_in_is_set                 0x0001d2a9   Thumb Code    16  nrf_drv_gpiote.o(i.nrf_drv_gpiote_in_is_set)
    nrf_drv_gpiote_init                      0x0001d2bd   Thumb Code    84  nrf_drv_gpiote.o(i.nrf_drv_gpiote_init)
    nrf_drv_gpiote_is_init                   0x0001d319   Thumb Code    12  nrf_drv_gpiote.o(i.nrf_drv_gpiote_is_init)
    nrf_drv_uart_init                        0x0001d329   Thumb Code   118  nrf_drv_uart.o(i.nrf_drv_uart_init)
    nrf_drv_uart_rx                          0x0001d3a9   Thumb Code    86  nrf_drv_uart.o(i.nrf_drv_uart_rx)
    nrf_drv_uart_rx_enable                   0x0001d405   Thumb Code    40  nrf_drv_uart.o(i.nrf_drv_uart_rx_enable)
    nrf_drv_uart_tx                          0x0001d4d9   Thumb Code    46  nrf_drv_uart.o(i.nrf_drv_uart_tx)
    nrf_drv_uart_tx_in_progress              0x0001d599   Thumb Code    20  nrf_drv_uart.o(i.nrf_drv_uart_tx_in_progress)
    softdevice_ble_evt_handler_set           0x0001dba5   Thumb Code    16  softdevice_handler.o(i.softdevice_ble_evt_handler_set)
    softdevice_enable                        0x0001dbb9   Thumb Code    14  softdevice_handler.o(i.softdevice_enable)
    softdevice_enable_get_default_config     0x0001dbcd   Thumb Code    40  softdevice_handler.o(i.softdevice_enable_get_default_config)
    softdevice_fault_handler                 0x0001dbf5   Thumb Code     8  softdevice_handler.o(i.softdevice_fault_handler)
    softdevice_handler_init                  0x0001dbfd   Thumb Code    74  softdevice_handler.o(i.softdevice_handler_init)
    softdevice_handler_is_enabled            0x0001dc55   Thumb Code     6  softdevice_handler.o(i.softdevice_handler_is_enabled)
    uart_event_handle                        0x0001deb5   Thumb Code    84  main.o(i.uart_event_handle)
    Region$$Table$$Base                      0x0001e308   Number         0  anon$$obj.o(Region$$Table)
    Region$$Table$$Limit                     0x0001e328   Number         0  anon$$obj.o(Region$$Table)
    Image$$RW_IRAM1$$Base                    0x20001fe8   Number         0  anon$$obj.o ABSOLUTE
    nrf_nvic_state                           0x20002098   Data           8  app_util_platform.o(.data)
    __stdout                                 0x200020a0   Data           4  retarget.o(.data)
    SystemCoreClock                          0x200020b8   Data           4  system_nrf51.o(.data)
    __initial_sp                             0x20002f20   Data           0  arm_startup_nrf51.o(STACK)



==============================================================================

Memory Map of the image

  Image Entry point : 0x0001b0c1

  Load Region LR_IROM1 (Base: 0x0001b000, Size: 0x000033fc, Max: 0x00025000, ABSOLUTE)

    Execution Region ER_IROM1 (Exec base: 0x0001b000, Load base: 0x0001b000, Size: 0x00003328, Max: 0x00025000, ABSOLUTE)

    Exec Addr    Load Addr    Size         Type   Attr      Idx    E Section Name        Object

    0x0001b000   0x0001b000   0x000000c0   Data   RO         2452    RESET               arm_startup_nrf51.o
    0x0001b0c0   0x0001b0c0   0x00000000   Code   RO         2494  * .ARM.Collect$$$$00000000  mc_p.l(entry.o)
    0x0001b0c0   0x0001b0c0   0x00000004   Code   RO         2769    .ARM.Collect$$$$00000001  mc_p.l(entry2.o)
    0x0001b0c4   0x0001b0c4   0x00000004   Code   RO         2772    .ARM.Collect$$$$00000004  mc_p.l(entry5.o)
    0x0001b0c8   0x0001b0c8   0x00000000   Code   RO         2774    .ARM.Collect$$$$00000008  mc_p.l(entry7b.o)
    0x0001b0c8   0x0001b0c8   0x00000000   Code   RO         2776    .ARM.Collect$$$$0000000A  mc_p.l(entry8b.o)
    0x0001b0c8   0x0001b0c8   0x00000008   Code   RO         2777    .ARM.Collect$$$$0000000B  mc_p.l(entry9a.o)
    0x0001b0d0   0x0001b0d0   0x00000000   Code   RO         2779    .ARM.Collect$$$$0000000D  mc_p.l(entry10a.o)
    0x0001b0d0   0x0001b0d0   0x00000000   Code   RO         2781    .ARM.Collect$$$$0000000F  mc_p.l(entry11a.o)
    0x0001b0d0   0x0001b0d0   0x00000004   Code   RO         2770    .ARM.Collect$$$$00002712  mc_p.l(entry2.o)
    0x0001b0d4   0x0001b0d4   0x00000038   Code   RO         2453    .text               arm_startup_nrf51.o
    0x0001b10c   0x0001b10c   0x0000002c   Code   RO         2497    .text               mc_p.l(uidiv.o)
    0x0001b138   0x0001b138   0x00000024   Code   RO         2499    .text               mc_p.l(memcpya.o)
    0x0001b15c   0x0001b15c   0x00000024   Code   RO         2501    .text               mc_p.l(memseta.o)
    0x0001b180   0x0001b180   0x00000024   Code   RO         2796    .text               mc_p.l(init.o)
    0x0001b1a4   0x0001b1a4   0x00000178   Code   RO         1116    i.GPIOTE_IRQHandler  nrf_drv_gpiote.o
    0x0001b31c   0x0001b31c   0x00000044   Code   RO         1703    i.NVIC_SetPriority  app_timer.o
    0x0001b360   0x0001b360   0x00000054   Code   RO          904    i.POWER_CLOCK_IRQHandler  nrf_drv_clock.o
    0x0001b3b4   0x0001b3b4   0x00000020   Code   RO         1704    i.RTC1_IRQHandler   app_timer.o
    0x0001b3d4   0x0001b3d4   0x00000008   Code   RO         1705    i.SWI0_IRQHandler   app_timer.o
    0x0001b3dc   0x0001b3dc   0x00000020   Code   RO         2319    i.SWI2_IRQHandler   softdevice_handler.o
    0x0001b3fc   0x0001b3fc   0x000000a0   Code   RO         2460    i.SystemInit        system_nrf51.o
    0x0001b49c   0x0001b49c   0x00000014   Code   RO         1331    i.UART0_IRQHandler  nrf_drv_uart.o
    0x0001b4b0   0x0001b4b0   0x00000014   Code   RO         2510    i.__0printf$bare    mc_p.l(printfb.o)
    0x0001b4c4   0x0001b4c4   0x0000001a   Code   RO          470    i.__ARM_common_switch8  bsp.o
    0x0001b4de   0x0001b4de   0x0000000e   Code   RO         2810    i.__scatterload_copy  mc_p.l(handlers.o)
    0x0001b4ec   0x0001b4ec   0x00000002   Code   RO         2811    i.__scatterload_null  mc_p.l(handlers.o)
    0x0001b4ee   0x0001b4ee   0x0000000e   Code   RO         2812    i.__scatterload_zeroinit  mc_p.l(handlers.o)
    0x0001b4fc   0x0001b4fc   0x0000001c   Code   RO         2320    i.__sd_nvic_app_accessible_irq  softdevice_handler.o
    0x0001b518   0x0001b518   0x0000001e   Code   RO         2517    i._printf_core      mc_p.l(printfb.o)
    0x0001b536   0x0001b536   0x0000018e   Code   RO          563    i.adv_data_encode   ble_advdata.o
    0x0001b6c4   0x0001b6c4   0x00000068   Code   RO          648    i.adv_mode_next_avail_get  ble_advertising.o
    0x0001b72c   0x0001b72c   0x0000003c   Code   RO          489    i.advertising_buttons_configure  bsp_btn_ble.o
    0x0001b768   0x0001b768   0x0000000a   Code   RO          376    i.alert_timer_handler  bsp.o
    0x0001b772   0x0001b772   0x00000002   PAD
    0x0001b774   0x0001b774   0x00000024   Code   RO         1509    i.app_button_enable  app_button.o
    0x0001b798   0x0001b798   0x00000074   Code   RO         1510    i.app_button_init   app_button.o
    0x0001b80c   0x0001b80c   0x0000001c   Code   RO         1608    i.app_error_fault_handler  app_error_weak.o
    0x0001b828   0x0001b828   0x00000018   Code   RO         1570    i.app_error_handler_bare  app_error.o
    0x0001b840   0x0001b840   0x00000016   Code   RO         1635    i.app_fifo_get      app_fifo.o
    0x0001b856   0x0001b856   0x00000024   Code   RO         1636    i.app_fifo_init     app_fifo.o
    0x0001b87a   0x0001b87a   0x0000001a   Code   RO         1638    i.app_fifo_put      app_fifo.o
    0x0001b894   0x0001b894   0x00000030   Code   RO         1708    i.app_timer_create  app_timer.o
    0x0001b8c4   0x0001b8c4   0x00000074   Code   RO         1709    i.app_timer_init    app_timer.o
    0x0001b938   0x0001b938   0x00000088   Code   RO         1710    i.app_timer_start   app_timer.o
    0x0001b9c0   0x0001b9c0   0x00000028   Code   RO         1711    i.app_timer_stop    app_timer.o
    0x0001b9e8   0x0001b9e8   0x00000038   Code   RO         1850    i.app_uart_get      app_uart_fifo.o
    0x0001ba20   0x0001ba20   0x000000b0   Code   RO         1851    i.app_uart_init     app_uart_fifo.o
    0x0001bad0   0x0001bad0   0x00000040   Code   RO         1852    i.app_uart_put      app_uart_fifo.o
    0x0001bb10   0x0001bb10   0x0000003c   Code   RO         1907    i.app_util_critical_region_enter  app_util_platform.o
    0x0001bb4c   0x0001bb4c   0x0000002c   Code   RO         1908    i.app_util_critical_region_exit  app_util_platform.o
    0x0001bb78   0x0001bb78   0x00000084   Code   RO         1332    i.apply_config      nrf_drv_uart.o
    0x0001bbfc   0x0001bbfc   0x00000068   Code   RO          564    i.ble_advdata_set   ble_advdata.o
    0x0001bc64   0x0001bc64   0x0000015c   Code   RO          649    i.ble_advertising_init  ble_advertising.o
    0x0001bdc0   0x0001bdc0   0x00000058   Code   RO          650    i.ble_advertising_on_ble_evt  ble_advertising.o
    0x0001be18   0x0001be18   0x0000003c   Code   RO          653    i.ble_advertising_restart_without_whitelist  ble_advertising.o
    0x0001be54   0x0001be54   0x00000108   Code   RO          654    i.ble_advertising_start  ble_advertising.o
    0x0001bf5c   0x0001bf5c   0x00000054   Code   RO          742    i.ble_conn_params_init  ble_conn_params.o
    0x0001bfb0   0x0001bfb0   0x00000090   Code   RO          743    i.ble_conn_params_on_ble_evt  ble_conn_params.o
    0x0001c040   0x0001c040   0x0000005e   Code   RO          565    i.ble_device_addr_encode  ble_advdata.o
    0x0001c09e   0x0001c09e   0x00000002   PAD
    0x0001c0a0   0x0001c0a0   0x00000028   Code   RO            4    i.ble_evt_dispatch  main.o
    0x0001c0c8   0x0001c0c8   0x00000068   Code   RO          861    i.ble_nus_init      ble_nus.o
    0x0001c130   0x0001c130   0x0000005c   Code   RO          862    i.ble_nus_on_ble_evt  ble_nus.o
    0x0001c18c   0x0001c18c   0x00000054   Code   RO          863    i.ble_nus_string_send  ble_nus.o
    0x0001c1e0   0x0001c1e0   0x0000000e   Code   RO          808    i.ble_srv_is_notification_enabled  ble_srv_common.o
    0x0001c1ee   0x0001c1ee   0x00000002   PAD
    0x0001c1f0   0x0001c1f0   0x0000000c   Code   RO          264    i.bsp_board_button_idx_to_pin  boards.o
    0x0001c1fc   0x0001c1fc   0x00000020   Code   RO          265    i.bsp_board_button_state_get  boards.o
    0x0001c21c   0x0001c21c   0x00000020   Code   RO          268    i.bsp_board_led_invert  boards.o
    0x0001c23c   0x0001c23c   0x00000014   Code   RO          269    i.bsp_board_led_off  boards.o
    0x0001c250   0x0001c250   0x00000014   Code   RO          270    i.bsp_board_led_on  boards.o
    0x0001c264   0x0001c264   0x00000020   Code   RO          271    i.bsp_board_led_state_get  boards.o
    0x0001c284   0x0001c284   0x00000028   Code   RO          272    i.bsp_board_leds_init  boards.o
    0x0001c2ac   0x0001c2ac   0x00000012   Code   RO          273    i.bsp_board_leds_off  boards.o
    0x0001c2be   0x0001c2be   0x00000012   Code   RO          274    i.bsp_board_leds_on  boards.o
    0x0001c2d0   0x0001c2d0   0x00000024   Code   RO          275    i.bsp_board_pin_to_button_idx  boards.o
    0x0001c2f4   0x0001c2f4   0x00000040   Code   RO          490    i.bsp_btn_ble_init  bsp_btn_ble.o
    0x0001c334   0x0001c334   0x00000078   Code   RO          491    i.bsp_btn_ble_on_ble_evt  bsp_btn_ble.o
    0x0001c3ac   0x0001c3ac   0x00000022   Code   RO          492    i.bsp_btn_ble_sleep_mode_prepare  bsp_btn_ble.o
    0x0001c3ce   0x0001c3ce   0x00000002   PAD
    0x0001c3d0   0x0001c3d0   0x00000094   Code   RO          377    i.bsp_button_event_handler  bsp.o
    0x0001c464   0x0001c464   0x00000008   Code   RO          378    i.bsp_button_is_pressed  bsp.o
    0x0001c46c   0x0001c46c   0x00000044   Code   RO            5    i.bsp_event_handler  main.o
    0x0001c4b0   0x0001c4b0   0x00000048   Code   RO          381    i.bsp_event_to_button_action_assign  bsp.o
    0x0001c4f8   0x0001c4f8   0x0000001c   Code   RO          382    i.bsp_indication_set  bsp.o
    0x0001c514   0x0001c514   0x00000098   Code   RO          383    i.bsp_init          bsp.o
    0x0001c5ac   0x0001c5ac   0x00000180   Code   RO          384    i.bsp_led_indication  bsp.o
    0x0001c72c   0x0001c72c   0x00000010   Code   RO          386    i.bsp_wakeup_button_enable  bsp.o
    0x0001c73c   0x0001c73c   0x0000000c   Code   RO          387    i.button_timer_handler  bsp.o
    0x0001c748   0x0001c748   0x0000001c   Code   RO         1117    i.channel_free      nrf_drv_gpiote.o
    0x0001c764   0x0001c764   0x00000048   Code   RO         1118    i.channel_port_alloc  nrf_drv_gpiote.o
    0x0001c7ac   0x0001c7ac   0x00000010   Code   RO         1119    i.channel_port_get  nrf_drv_gpiote.o
    0x0001c7bc   0x0001c7bc   0x00000028   Code   RO          905    i.clock_clk_started_notify  nrf_drv_clock.o
    0x0001c7e4   0x0001c7e4   0x000000a8   Code   RO         1713    i.compare_reg_update  app_timer.o
    0x0001c88c   0x0001c88c   0x00000088   Code   RO          566    i.conn_int_encode   ble_advdata.o
    0x0001c914   0x0001c914   0x00000008   Code   RO            6    i.conn_params_error_handler  main.o
    0x0001c91c   0x0001c91c   0x00000068   Code   RO          745    i.conn_params_negotiation  ble_conn_params.o
    0x0001c984   0x0001c984   0x00000060   Code   RO         1512    i.detection_delay_timeout_handler  app_button.o
    0x0001c9e4   0x0001c9e4   0x00000040   Code   RO         1714    i.elapsed_ticks_acquire  app_timer.o
    0x0001ca24   0x0001ca24   0x00000014   Code   RO         1641    i.fifo_get          app_fifo.o
    0x0001ca38   0x0001ca38   0x00000012   Code   RO         1642    i.fifo_put          app_fifo.o
    0x0001ca4a   0x0001ca4a   0x0000000e   Code   RO         2096    i.fputc             retarget.o
    0x0001ca58   0x0001ca58   0x00000018   Code   RO         1960    i.fs_queued_op_count_get  fstorage.o
    0x0001ca70   0x0001ca70   0x00000050   Code   RO         1513    i.gpiote_event_handler  app_button.o
    0x0001cac0   0x0001cac0   0x00000080   Code   RO         2321    i.intern_softdevice_events_execute  softdevice_handler.o
    0x0001cb40   0x0001cb40   0x0000001c   Code   RO          746    i.is_conn_params_ok  ble_conn_params.o
    0x0001cb5c   0x0001cb5c   0x00000048   Code   RO         2461    i.is_manual_peripheral_setup_needed  system_nrf51.o
    0x0001cba4   0x0001cba4   0x00000018   Code   RO          388    i.leds_timer_handler  bsp.o
    0x0001cbbc   0x0001cbbc   0x000000ac   Code   RO         1715    i.list_deletions_handler  app_timer.o
    0x0001cc68   0x0001cc68   0x000000bc   Code   RO         1716    i.list_insertions_handler  app_timer.o
    0x0001cd24   0x0001cd24   0x00000204   Code   RO            7    i.main              main.o
    0x0001cf28   0x0001cf28   0x00000068   Code   RO          567    i.manuf_specific_data_encode  ble_advdata.o
    0x0001cf90   0x0001cf90   0x0000009e   Code   RO          568    i.name_encode       ble_advdata.o
    0x0001d02e   0x0001d02e   0x00000010   Code   RO         1120    i.nrf_bitmask_bit_is_set  nrf_drv_gpiote.o
    0x0001d03e   0x0001d03e   0x00000010   Code   RO          909    i.nrf_clock_event_check  nrf_drv_clock.o
    0x0001d04e   0x0001d04e   0x00000002   PAD
    0x0001d050   0x0001d050   0x00000030   Code   RO         1717    i.nrf_delay_us      app_timer.o
    0x0001d080   0x0001d080   0x00000048   Code   RO          916    i.nrf_drv_clock_init  nrf_drv_clock.o
    0x0001d0c8   0x0001d0c8   0x00000034   Code   RO          923    i.nrf_drv_clock_on_sd_enable  nrf_drv_clock.o
    0x0001d0fc   0x0001d0fc   0x0000000c   Code   RO          924    i.nrf_drv_clock_on_soc_event  nrf_drv_clock.o
    0x0001d108   0x0001d108   0x00000060   Code   RO         1075    i.nrf_drv_common_irq_enable  nrf_drv_common.o
    0x0001d168   0x0001d168   0x00000098   Code   RO         1123    i.nrf_drv_gpiote_in_event_enable  nrf_drv_gpiote.o
    0x0001d200   0x0001d200   0x000000a8   Code   RO         1124    i.nrf_drv_gpiote_in_init  nrf_drv_gpiote.o
    0x0001d2a8   0x0001d2a8   0x00000014   Code   RO         1125    i.nrf_drv_gpiote_in_is_set  nrf_drv_gpiote.o
    0x0001d2bc   0x0001d2bc   0x0000005c   Code   RO         1127    i.nrf_drv_gpiote_init  nrf_drv_gpiote.o
    0x0001d318   0x0001d318   0x00000010   Code   RO         1128    i.nrf_drv_gpiote_is_init  nrf_drv_gpiote.o
    0x0001d328   0x0001d328   0x00000080   Code   RO         1334    i.nrf_drv_uart_init  nrf_drv_uart.o
    0x0001d3a8   0x0001d3a8   0x0000005c   Code   RO         1335    i.nrf_drv_uart_rx   nrf_drv_uart.o
    0x0001d404   0x0001d404   0x0000002c   Code   RO         1338    i.nrf_drv_uart_rx_enable  nrf_drv_uart.o
    0x0001d430   0x0001d430   0x000000a8   Code   RO         1339    i.nrf_drv_uart_rx_for_uart  nrf_drv_uart.o
    0x0001d4d8   0x0001d4d8   0x00000034   Code   RO         1340    i.nrf_drv_uart_tx   nrf_drv_uart.o
    0x0001d50c   0x0001d50c   0x0000008c   Code   RO         1342    i.nrf_drv_uart_tx_for_uart  nrf_drv_uart.o
    0x0001d598   0x0001d598   0x00000018   Code   RO         1343    i.nrf_drv_uart_tx_in_progress  nrf_drv_uart.o
    0x0001d5b0   0x0001d5b0   0x00000028   Code   RO          277    i.nrf_gpio_cfg      boards.o
    0x0001d5d8   0x0001d5d8   0x00000028   Code   RO         1140    i.nrf_gpio_cfg      nrf_drv_gpiote.o
    0x0001d600   0x0001d600   0x00000028   Code   RO         1345    i.nrf_gpio_cfg      nrf_drv_uart.o
    0x0001d628   0x0001d628   0x00000012   Code   RO         1347    i.nrf_gpio_cfg_input  nrf_drv_uart.o
    0x0001d63a   0x0001d63a   0x00000014   Code   RO         1348    i.nrf_gpio_cfg_output  nrf_drv_uart.o
    0x0001d64e   0x0001d64e   0x00000022   Code   RO          389    i.nrf_gpio_cfg_sense_set  bsp.o
    0x0001d670   0x0001d670   0x00000022   Code   RO         1142    i.nrf_gpio_cfg_sense_set  nrf_drv_gpiote.o
    0x0001d692   0x0001d692   0x00000002   PAD
    0x0001d694   0x0001d694   0x00000018   Code   RO          278    i.nrf_gpio_pin_write  boards.o
    0x0001d6ac   0x0001d6ac   0x00000028   Code   RO         1143    i.nrf_gpio_ports_read  nrf_drv_gpiote.o
    0x0001d6d4   0x0001d6d4   0x00000010   Code   RO         1144    i.nrf_gpiote_event_clear  nrf_drv_gpiote.o
    0x0001d6e4   0x0001d6e4   0x00000014   Code   RO         1145    i.nrf_gpiote_event_is_set  nrf_drv_gpiote.o
    0x0001d6f8   0x0001d6f8   0x0000000a   Code   RO         1349    i.nrf_uart_event_check  nrf_drv_uart.o
    0x0001d702   0x0001d702   0x00000010   Code   RO         1350    i.nrf_uart_int_enable_check  nrf_drv_uart.o
    0x0001d712   0x0001d712   0x00000030   Code   RO            8    i.nus_data_handler  main.o
    0x0001d742   0x0001d742   0x00000020   Code   RO            9    i.on_adv_evt        main.o
    0x0001d762   0x0001d762   0x00000002   PAD
    0x0001d764   0x0001d764   0x000000d0   Code   RO           10    i.on_ble_evt        main.o
    0x0001d834   0x0001d834   0x00000020   Code   RO           11    i.on_conn_params_evt  main.o
    0x0001d854   0x0001d854   0x00000018   Code   RO         1146    i.pin_in_use_by_port  nrf_drv_gpiote.o
    0x0001d86c   0x0001d86c   0x00000018   Code   RO         1147    i.pin_in_use_by_te  nrf_drv_gpiote.o
    0x0001d884   0x0001d884   0x00000044   Code   RO         1718    i.rtc1_stop         app_timer.o
    0x0001d8c8   0x0001d8c8   0x00000026   Code   RO         1351    i.rx_byte           nrf_drv_uart.o
    0x0001d8ee   0x0001d8ee   0x0000009e   Code   RO          864    i.rx_char_add       ble_nus.o
    0x0001d98c   0x0001d98c   0x00000014   Code   RO         1352    i.rx_done_event     nrf_drv_uart.o
    0x0001d9a0   0x0001d9a0   0x0000001a   Code   RO         1353    i.rx_enable         nrf_drv_uart.o
    0x0001d9ba   0x0001d9ba   0x00000002   PAD
    0x0001d9bc   0x0001d9bc   0x00000084   Code   RO         2323    i.sd_nvic_EnableIRQ  softdevice_handler.o
    0x0001da40   0x0001da40   0x0000008e   Code   RO          569    i.service_data_encode  ble_advdata.o
    0x0001dace   0x0001dace   0x00000002   PAD
    0x0001dad0   0x0001dad0   0x00000058   Code   RO          656    i.set_adv_mode_fast  ble_advertising.o
    0x0001db28   0x0001db28   0x00000054   Code   RO          657    i.set_adv_mode_slow  ble_advertising.o
    0x0001db7c   0x0001db7c   0x00000028   Code   RO           12    i.sleep_mode_enter  main.o
    0x0001dba4   0x0001dba4   0x00000014   Code   RO         2324    i.softdevice_ble_evt_handler_set  softdevice_handler.o
    0x0001dbb8   0x0001dbb8   0x00000014   Code   RO         2325    i.softdevice_enable  softdevice_handler.o
    0x0001dbcc   0x0001dbcc   0x00000028   Code   RO         2326    i.softdevice_enable_get_default_config  softdevice_handler.o
    0x0001dbf4   0x0001dbf4   0x00000008   Code   RO         2327    i.softdevice_fault_handler  softdevice_handler.o
    0x0001dbfc   0x0001dbfc   0x00000058   Code   RO         2328    i.softdevice_handler_init  softdevice_handler.o
    0x0001dc54   0x0001dc54   0x0000000c   Code   RO         2329    i.softdevice_handler_is_enabled  softdevice_handler.o
    0x0001dc60   0x0001dc60   0x00000084   Code   RO         1719    i.timer_list_handler  app_timer.o
    0x0001dce4   0x0001dce4   0x00000010   Code   RO         1720    i.timer_list_handler_sched  app_timer.o
    0x0001dcf4   0x0001dcf4   0x00000040   Code   RO         1721    i.timer_list_insert  app_timer.o
    0x0001dd34   0x0001dd34   0x00000048   Code   RO         1722    i.timer_stop_op_schedule  app_timer.o
    0x0001dd7c   0x0001dd7c   0x00000080   Code   RO         1723    i.timer_timeouts_check  app_timer.o
    0x0001ddfc   0x0001ddfc   0x0000001e   Code   RO         1354    i.tx_byte           nrf_drv_uart.o
    0x0001de1a   0x0001de1a   0x00000080   Code   RO          865    i.tx_char_add       ble_nus.o
    0x0001de9a   0x0001de9a   0x00000018   Code   RO         1355    i.tx_done_event     nrf_drv_uart.o
    0x0001deb2   0x0001deb2   0x00000002   PAD
    0x0001deb4   0x0001deb4   0x00000060   Code   RO           13    i.uart_event_handle  main.o
    0x0001df14   0x0001df14   0x000000a8   Code   RO         1853    i.uart_event_handler  app_uart_fifo.o
    0x0001dfbc   0x0001dfbc   0x00000128   Code   RO         1356    i.uart_irq_handler  nrf_drv_uart.o
    0x0001e0e4   0x0001e0e4   0x0000000a   Code   RO          570    i.uint16_encode     ble_advdata.o
    0x0001e0ee   0x0001e0ee   0x00000002   PAD
    0x0001e0f0   0x0001e0f0   0x00000064   Code   RO          747    i.update_timeout_handler  ble_conn_params.o
    0x0001e154   0x0001e154   0x0000002c   Code   RO         1724    i.user_op_alloc     app_timer.o
    0x0001e180   0x0001e180   0x00000030   Code   RO          571    i.uuid_list_encode  ble_advdata.o
    0x0001e1b0   0x0001e1b0   0x000000ae   Code   RO          572    i.uuid_list_sized_encode  ble_advdata.o
    0x0001e25e   0x0001e25e   0x00000002   PAD
    0x0001e260   0x0001e260   0x00000018   Code   RO          658    i.whitelist_has_entries  ble_advertising.o
    0x0001e278   0x0001e278   0x0000001c   Data   RO           15    .constdata          main.o
    0x0001e294   0x0001e294   0x00000008   Data   RO          279    .constdata          boards.o
    0x0001e29c   0x0001e29c   0x0000002c   Data   RO          394    .constdata          bsp.o
    0x0001e2c8   0x0001e2c8   0x00000004   Data   RO          750    .constdata          ble_conn_params.o
    0x0001e2cc   0x0001e2cc   0x00000010   Data   RO          866    .constdata          ble_nus.o
    0x0001e2dc   0x0001e2dc   0x00000004   Data   RO         1149    .constdata          nrf_drv_gpiote.o
    0x0001e2e0   0x0001e2e0   0x00000008   Data   RO         1515    .constdata          app_button.o
    0x0001e2e8   0x0001e2e8   0x00000020   Data   RO         1855    .constdata          app_uart_fifo.o
    0x0001e308   0x0001e308   0x00000020   Data   RO         2808    Region$$Table       anon$$obj.o


    Execution Region RW_IRAM1 (Exec base: 0x20001fe8, Load base: 0x0001e328, Size: 0x00000f38, Max: 0x00006018, ABSOLUTE)

    Exec Addr    Load Addr    Size         Type   Attr      Idx    E Section Name        Object

    0x20001fe8   0x0001e328   0x00000008   Data   RW           16    .data               main.o
    0x20001ff0   0x0001e330   0x00000014   Data   RW          395    .data               bsp.o
    0x20002004   0x0001e344   0x00000008   Data   RW          493    .data               bsp_btn_ble.o
    0x2000200c   0x0001e34c   0x00000030   Data   RW          662    .data               ble_advertising.o
    0x2000203c   0x0001e37c   0x00000014   Data   RW          751    .data               ble_conn_params.o
    0x20002050   0x0001e390   0x00000014   Data   RW         1516    .data               app_button.o
    0x20002064   0x0001e3a4   0x00000020   Data   RW         1725    .data               app_timer.o
    0x20002084   0x0001e3c4   0x00000010   Data   RW         1856    .data               app_uart_fifo.o
    0x20002094   0x0001e3d4   0x0000000c   Data   RW         1911    .data               app_util_platform.o
    0x200020a0   0x0001e3e0   0x00000004   Data   RW         2097    .data               retarget.o
    0x200020a4   0x0001e3e4   0x00000014   Data   RW         2335    .data               softdevice_handler.o
    0x200020b8   0x0001e3f8   0x00000004   Data   RW         2462    .data               system_nrf51.o
    0x200020bc        -       0x000002f0   Zero   RW           14    .bss                main.o
    0x200023ac        -       0x00000020   Zero   RW          390    .bss                bsp.o
    0x200023cc        -       0x00000020   Zero   RW          391    .bss                bsp.o
    0x200023ec        -       0x0000000c   Zero   RW          392    .bss                bsp.o
    0x200023f8        -       0x00000020   Zero   RW          393    .bss                bsp.o
    0x20002418        -       0x0000016b   Zero   RW          659    .bss                ble_advertising.o
    0x20002583   0x0001e3fc   0x00000001   PAD
    0x20002584        -       0x00000020   Zero   RW          660    .bss                ble_advertising.o
    0x200025a4        -       0x00000020   Zero   RW          661    .bss                ble_advertising.o
    0x200025c4        -       0x00000020   Zero   RW          748    .bss                ble_conn_params.o
    0x200025e4        -       0x0000001c   Zero   RW          749    .bss                ble_conn_params.o
    0x20002600        -       0x00000014   Zero   RW          926    .bss                nrf_drv_clock.o
    0x20002614        -       0x00000048   Zero   RW         1148    .bss                nrf_drv_gpiote.o
    0x2000265c        -       0x0000001c   Zero   RW         1357    .bss                nrf_drv_uart.o
    0x20002678        -       0x00000020   Zero   RW         1514    .bss                app_button.o
    0x20002698        -       0x00000020   Zero   RW         1854    .bss                app_uart_fifo.o
    0x200026b8        -       0x00000068   Zero   RW         1969    .bss                fstorage.o
    0x20002720        -       0x00000800   Zero   RW         2450    STACK               arm_startup_nrf51.o


==============================================================================

Image component sizes


      Code (inc. data)   RO Data    RW Data    ZI Data      Debug   Object Name

       328         34          8         20         32       8878   app_button.o
        24          4          0          0          0       2193   app_error.o
        28         10          0          0          0       7130   app_error_weak.o
       122          0          0          0          0       4702   app_fifo.o
      1612        158          0         32          0      42991   app_timer.o
       464         44         32         16         32      10282   app_uart_fifo.o
       104         20          0         12          0       6410   app_util_platform.o
        56         18        192          0       2048        696   arm_startup_nrf51.o
      1368          6          0          0          0      30480   ble_advdata.o
      1060         72          0         48        427      11096   ble_advertising.o
       460         60          4         20         60       5428   ble_conn_params.o
       566         12         16          0          0       5478   ble_nus.o
        14          0          0          0          0       1382   ble_srv_common.o
       324         58          8          0          0      12212   boards.o
       914         86         44         20        108      14015   bsp.o
       278         12          0          8          0       4693   bsp_btn_ble.o
        24          6          0          0        104       3732   fstorage.o
      1088        114         28          8        752     111403   main.o
       276         38          0          0         20      11776   nrf_drv_clock.o
        96         18          0          0          0       7348   nrf_drv_common.o
      1154        100          4          0         72      27688   nrf_drv_gpiote.o
      1338         52          0          0         28      29874   nrf_drv_uart.o
        14          0          0          4          0       2786   retarget.o
       508         66          0         20          0      21271   softdevice_handler.o
       232         36          0          4          0       2315   system_nrf51.o

    ----------------------------------------------------------------------
     12476       1024        368        212       3684     386259   Object Totals
         0          0         32          0          0          0   (incl. Generated)
        24          0          0          0          1          0   (incl. Padding)

    ----------------------------------------------------------------------

      Code (inc. data)   RO Data    RW Data    ZI Data      Debug   Library Member Name

         0          0          0          0          0          0   entry.o
         0          0          0          0          0          0   entry10a.o
         0          0          0          0          0          0   entry11a.o
         8          4          0          0          0          0   entry2.o
         4          0          0          0          0          0   entry5.o
         0          0          0          0          0          0   entry7b.o
         0          0          0          0          0          0   entry8b.o
         8          4          0          0          0          0   entry9a.o
        30          0          0          0          0          0   handlers.o
        36          8          0          0          0         68   init.o
        36          0          0          0          0         60   memcpya.o
        36          0          0          0          0        100   memseta.o
        50          8          0          0          0        144   printfb.o
        44          0          0          0          0         72   uidiv.o

    ----------------------------------------------------------------------
       252         24          0          0          0        444   Library Totals
         0          0          0          0          0          0   (incl. Padding)

    ----------------------------------------------------------------------

      Code (inc. data)   RO Data    RW Data    ZI Data      Debug   Library Name

       252         24          0          0          0        444   mc_p.l

    ----------------------------------------------------------------------
       252         24          0          0          0        444   Library Totals

    ----------------------------------------------------------------------

==============================================================================


      Code (inc. data)   RO Data    RW Data    ZI Data      Debug   

     12728       1048        368        212       3684     379771   Grand Totals
     12728       1048        368        212       3684     379771   ELF Image Totals
     12728       1048        368        212          0          0   ROM Totals

==============================================================================

    Total RO  Size (Code + RO Data)                13096 (  12.79kB)
    Total RW  Size (RW Data + ZI Data)              3896 (   3.80kB)
    Total ROM Size (Code + RO Data + RW Data)      13308 (  13.00kB)

==============================================================================

