Component: ARM Compiler 5.06 update 6 (build 750) Tool: armlink [4d35ed]

==============================================================================

Section Cross References

    main.o(i.ADC_IRQHandler) refers to main.o(.data) for .data
    main.o(i.SPI0_TWI0_IRQHandler) refers to main.o(i.irq_handler_twi) for irq_handler_twi
    main.o(i.SPI0_TWI0_IRQHandler) refers to main.o(.bss) for .bss
    main.o(i.TIMER2_IRQHandler) refers to main.o(i.nrf_gpio_pin_clear) for nrf_gpio_pin_clear
    main.o(i.TIMER2_IRQHandler) refers to main.o(i.nrf_adc_input_select) for nrf_adc_input_select
    main.o(i.TIMER2_IRQHandler) refers to main.o(i.adc_detection) for adc_detection
    main.o(i.TIMER2_IRQHandler) refers to main.o(i.nrf_gpio_pin_set) for nrf_gpio_pin_set
    main.o(i.TIMER2_IRQHandler) refers to main.o(i.mpu_6050_read_acc) for mpu_6050_read_acc
    main.o(i.TIMER2_IRQHandler) refers to main.o(i.posture) for posture
    main.o(i.TIMER2_IRQHandler) refers to main.o(.data) for .data
    main.o(i.adc_config) refers to main.o(i.nrf_adc_configure) for nrf_adc_configure
    main.o(i.adc_config) refers to main.o(.constdata) for .constdata
    main.o(i.adc_detection) refers to main.o(.data) for .data
    main.o(i.alamda_sensor) refers to dflti.o(.text) for __aeabi_i2d
    main.o(i.alamda_sensor) refers to dmul.o(.text) for __aeabi_dmul
    main.o(i.alamda_sensor) refers to dfixi.o(.text) for __aeabi_d2iz
    main.o(i.alamda_sensor) refers to main.o(.data) for .data
    main.o(i.assert_nrf_callback) refers to app_error.o(i.app_error_handler) for app_error_handler
    main.o(i.ble_evt_dispatch) refers to ble_conn_params.o(i.ble_conn_params_on_ble_evt) for ble_conn_params_on_ble_evt
    main.o(i.ble_evt_dispatch) refers to ble_nus.o(i.ble_nus_on_ble_evt) for ble_nus_on_ble_evt
    main.o(i.ble_evt_dispatch) refers to main.o(i.on_ble_evt) for on_ble_evt
    main.o(i.ble_evt_dispatch) refers to ble_advertising.o(i.ble_advertising_on_ble_evt) for ble_advertising_on_ble_evt
    main.o(i.ble_evt_dispatch) refers to bsp_btn_ble.o(i.bsp_btn_ble_on_ble_evt) for bsp_btn_ble_on_ble_evt
    main.o(i.ble_evt_dispatch) refers to main.o(.bss) for .bss
    main.o(i.bsp_event_handler) refers to main.o(i.sleep_mode_enter) for sleep_mode_enter
    main.o(i.bsp_event_handler) refers to app_error.o(i.app_error_handler_bare) for app_error_handler_bare
    main.o(i.bsp_event_handler) refers to ble_advertising.o(i.ble_advertising_restart_without_whitelist) for ble_advertising_restart_without_whitelist
    main.o(i.bsp_event_handler) refers to main.o(.data) for .data
    main.o(i.calibration) refers to main.o(i.mpu_6050_read_acc) for mpu_6050_read_acc
    main.o(i.calibration) refers to main.o(i.mpu_6050_read_gyro) for mpu_6050_read_gyro
    main.o(i.calibration) refers to idiv.o(.text) for __aeabi_idivmod
    main.o(i.calibration) refers to printf5.o(i.__0printf$5) for __2printf
    main.o(i.calibration) refers to main.o(.data) for .data
    main.o(i.calibration_x) refers to printf5.o(i.__0printf$5) for __2printf
    main.o(i.calibration_x) refers to idiv.o(.text) for __aeabi_idivmod
    main.o(i.calibration_x) refers to main.o(.data) for .data
    main.o(i.conn_params_error_handler) refers to app_error.o(i.app_error_handler_bare) for app_error_handler_bare
    main.o(i.irq_handler_twi) refers to main.o(i.twi_transfer) for twi_transfer
    main.o(i.irq_handler_twi) refers to main.o(i.twi_rx_start_transfer) for twi_rx_start_transfer
    main.o(i.irq_handler_twi) refers to main.o(i.twi_tx_start_transfer) for twi_tx_start_transfer
    main.o(i.main) refers to app_timer.o(i.app_timer_init) for app_timer_init
    main.o(i.main) refers to app_error.o(i.app_error_handler_bare) for app_error_handler_bare
    main.o(i.main) refers to memcpya.o(.text) for __aeabi_memcpy4
    main.o(i.main) refers to app_uart_fifo.o(i.app_uart_init) for app_uart_init
    main.o(i.main) refers to main.o(i.nrf_gpio_cfg_output) for nrf_gpio_cfg_output
    main.o(i.main) refers to bsp.o(i.bsp_init) for bsp_init
    main.o(i.main) refers to bsp_btn_ble.o(i.bsp_btn_ble_init) for bsp_btn_ble_init
    main.o(i.main) refers to softdevice_handler.o(i.softdevice_handler_init) for softdevice_handler_init
    main.o(i.main) refers to softdevice_handler.o(i.softdevice_enable_get_default_config) for softdevice_enable_get_default_config
    main.o(i.main) refers to softdevice_handler.o(i.softdevice_enable) for softdevice_enable
    main.o(i.main) refers to softdevice_handler.o(i.softdevice_ble_evt_handler_set) for softdevice_ble_evt_handler_set
    main.o(i.main) refers to ble_nus.o(i.ble_nus_init) for ble_nus_init
    main.o(i.main) refers to memseta.o(.text) for __aeabi_memclr4
    main.o(i.main) refers to ble_advertising.o(i.ble_advertising_init) for ble_advertising_init
    main.o(i.main) refers to ble_conn_params.o(i.ble_conn_params_init) for ble_conn_params_init
    main.o(i.main) refers to printf5.o(i.__0printf$5) for __2printf
[...]
    i.mpu_6050_get_device_id                 0x0001dbd8   Section        0  main.o(i.mpu_6050_get_device_id)
    i.mpu_6050_init                          0x0001dbf6   Section        0  main.o(i.mpu_6050_init)
    i.mpu_6050_read_acc                      0x0001dc10   Section        0  main.o(i.mpu_6050_read_acc)
    i.mpu_6050_read_gyro                     0x0001dc44   Section        0  main.o(i.mpu_6050_read_gyro)
    i.name_encode                            0x0001dc78   Section        0  ble_advdata.o(i.name_encode)
    name_encode                              0x0001dc79   Thumb Code   158  ble_advdata.o(i.name_encode)
    i.nrf_adc_configure                      0x0001dd18   Section        0  main.o(i.nrf_adc_configure)
    i.nrf_adc_input_select                   0x0001dd58   Section        0  main.o(i.nrf_adc_input_select)
    nrf_adc_input_select                     0x0001dd59   Thumb Code    28  main.o(i.nrf_adc_input_select)
    i.nrf_bitmask_bit_is_set                 0x0001dd78   Section        0  nrf_drv_gpiote.o(i.nrf_bitmask_bit_is_set)
    nrf_bitmask_bit_is_set                   0x0001dd79   Thumb Code    16  nrf_drv_gpiote.o(i.nrf_bitmask_bit_is_set)
    i.nrf_clock_event_check                  0x0001dd88   Section        0  nrf_drv_clock.o(i.nrf_clock_event_check)
    nrf_clock_event_check                    0x0001dd89   Thumb Code    16  nrf_drv_clock.o(i.nrf_clock_event_check)
    i.nrf_delay_us                           0x0001dd98   Section        0  main.o(i.nrf_delay_us)
    nrf_delay_us                             0x0001dd99   Thumb Code    38  main.o(i.nrf_delay_us)
    i.nrf_delay_us                           0x0001ddc8   Section        0  app_timer.o(i.nrf_delay_us)
    nrf_delay_us                             0x0001ddc9   Thumb Code    38  app_timer.o(i.nrf_delay_us)
    i.nrf_drv_clock_init                     0x0001ddf8   Section        0  nrf_drv_clock.o(i.nrf_drv_clock_init)
    i.nrf_drv_clock_on_sd_enable             0x0001de40   Section        0  nrf_drv_clock.o(i.nrf_drv_clock_on_sd_enable)
    i.nrf_drv_clock_on_soc_event             0x0001de74   Section        0  nrf_drv_clock.o(i.nrf_drv_clock_on_soc_event)
    i.nrf_drv_common_irq_enable              0x0001de80   Section        0  nrf_drv_common.o(i.nrf_drv_common_irq_enable)
    i.nrf_drv_gpiote_in_event_enable         0x0001dee0   Section        0  nrf_drv_gpiote.o(i.nrf_drv_gpiote_in_event_enable)
    i.nrf_drv_gpiote_in_init                 0x0001df78   Section        0  nrf_drv_gpiote.o(i.nrf_drv_gpiote_in_init)
    i.nrf_drv_gpiote_in_is_set               0x0001e020   Section        0  nrf_drv_gpiote.o(i.nrf_drv_gpiote_in_is_set)
    i.nrf_drv_gpiote_init                    0x0001e034   Section        0  nrf_drv_gpiote.o(i.nrf_drv_gpiote_init)
    i.nrf_drv_gpiote_is_init                 0x0001e090   Section        0  nrf_drv_gpiote.o(i.nrf_drv_gpiote_is_init)
    i.nrf_drv_twi_enable                     0x0001e0a0   Section        0  main.o(i.nrf_drv_twi_enable)
    i.nrf_drv_twi_init                       0x0001e0c0   Section        0  main.o(i.nrf_drv_twi_init)
    i.nrf_drv_twi_rx                         0x0001e148   Section        0  main.o(i.nrf_drv_twi_rx)
    i.nrf_drv_twi_tx                         0x0001e16c   Section        0  main.o(i.nrf_drv_twi_tx)
    i.nrf_drv_twi_xfer                       0x0001e190   Section        0  main.o(i.nrf_drv_twi_xfer)
    i.nrf_drv_uart_init                      0x0001e1b8   Section        0  nrf_drv_uart.o(i.nrf_drv_uart_init)
    i.nrf_drv_uart_rx                        0x0001e238   Section        0  nrf_drv_uart.o(i.nrf_drv_uart_rx)
    i.nrf_drv_uart_rx_enable                 0x0001e294   Section        0  nrf_drv_uart.o(i.nrf_drv_uart_rx_enable)
    i.nrf_drv_uart_rx_for_uart               0x0001e2c0   Section        0  nrf_drv_uart.o(i.nrf_drv_uart_rx_for_uart)
    nrf_drv_uart_rx_for_uart                 0x0001e2c1   Thumb Code   164  nrf_drv_uart.o(i.nrf_drv_uart_rx_for_uart)
    i.nrf_drv_uart_tx                        0x0001e368   Section        0  nrf_drv_uart.o(i.nrf_drv_uart_tx)
    i.nrf_drv_uart_tx_for_uart               0x0001e39c   Section        0  nrf_drv_uart.o(i.nrf_drv_uart_tx_for_uart)
    nrf_drv_uart_tx_for_uart                 0x0001e39d   Thumb Code   134  nrf_drv_uart.o(i.nrf_drv_uart_tx_for_uart)
    i.nrf_drv_uart_tx_in_progress            0x0001e428   Section        0  nrf_drv_uart.o(i.nrf_drv_uart_tx_in_progress)
    i.nrf_gpio_cfg                           0x0001e440   Section        0  boards.o(i.nrf_gpio_cfg)
    nrf_gpio_cfg                             0x0001e441   Thumb Code    40  boards.o(i.nrf_gpio_cfg)
    i.nrf_gpio_cfg                           0x0001e468   Section        0  nrf_drv_gpiote.o(i.nrf_gpio_cfg)
    nrf_gpio_cfg                             0x0001e469   Thumb Code    40  nrf_drv_gpiote.o(i.nrf_gpio_cfg)
    i.nrf_gpio_cfg                           0x0001e490   Section        0  nrf_drv_uart.o(i.nrf_gpio_cfg)
    nrf_gpio_cfg                             0x0001e491   Thumb Code    40  nrf_drv_uart.o(i.nrf_gpio_cfg)
    i.nrf_gpio_cfg_input                     0x0001e4b8   Section        0  nrf_drv_uart.o(i.nrf_gpio_cfg_input)
    nrf_gpio_cfg_input                       0x0001e4b9   Thumb Code    18  nrf_drv_uart.o(i.nrf_gpio_cfg_input)
    i.nrf_gpio_cfg_output                    0x0001e4ca   Section        0  main.o(i.nrf_gpio_cfg_output)
    nrf_gpio_cfg_output                      0x0001e4cb   Thumb Code    20  main.o(i.nrf_gpio_cfg_output)
    i.nrf_gpio_cfg_output                    0x0001e4de   Section        0  nrf_drv_uart.o(i.nrf_gpio_cfg_output)
    nrf_gpio_cfg_output                      0x0001e4df   Thumb Code    20  nrf_drv_uart.o(i.nrf_gpio_cfg_output)
    i.nrf_gpio_cfg_sense_set                 0x0001e4f2   Section        0  bsp.o(i.nrf_gpio_cfg_sense_set)
    nrf_gpio_cfg_sense_set                   0x0001e4f3   Thumb Code    34  bsp.o(i.nrf_gpio_cfg_sense_set)
    i.nrf_gpio_cfg_sense_set                 0x0001e514   Section        0  nrf_drv_gpiote.o(i.nrf_gpio_cfg_sense_set)
    nrf_gpio_cfg_sense_set                   0x0001e515   Thumb Code    34  nrf_drv_gpiote.o(i.nrf_gpio_cfg_sense_set)
    i.nrf_gpio_pin_clear                     0x0001e538   Section        0  main.o(i.nrf_gpio_pin_clear)
    nrf_gpio_pin_clear                       0x0001e539   Thumb Code    10  main.o(i.nrf_gpio_pin_clear)
    i.nrf_gpio_pin_set                       0x0001e548   Section        0  main.o(i.nrf_gpio_pin_set)
    nrf_gpio_pin_set                         0x0001e549   Thumb Code    10  main.o(i.nrf_gpio_pin_set)
    i.nrf_gpio_pin_write                     0x0001e558   Section        0  boards.o(i.nrf_gpio_pin_write)
    nrf_gpio_pin_write                       0x0001e559   Thumb Code    18  boards.o(i.nrf_gpio_pin_write)
    i.nrf_gpio_ports_read                    0x0001e570   Section        0  nrf_drv_gpiote.o(i.nrf_gpio_ports_read)
    nrf_gpio_ports_read                      0x0001e571   Thumb Code    36  nrf_drv_gpiote.o(i.nrf_gpio_ports_read)
    i.nrf_gpiote_event_clear                 0x0001e598   Section        0  nrf_drv_gpiote.o(i.nrf_gpiote_event_clear)
    nrf_gpiote_event_clear                   0x0001e599   Thumb Code    10  nrf_drv_gpiote.o(i.nrf_gpiote_event_clear)
    i.nrf_gpiote_event_is_set                0x0001e5a8   Section        0  nrf_drv_gpiote.o(i.nrf_gpiote_event_is_set)
    nrf_gpiote_event_is_set                  0x0001e5a9   Thumb Code    14  nrf_drv_gpiote.o(i.nrf_gpiote_event_is_set)
    i.nrf_twi_event_check                    0x0001e5bc   Section        0  main.o(i.nrf_twi_event_check)
    nrf_twi_event_check                      0x0001e5bd   Thumb Code    10  main.o(i.nrf_twi_event_check)
    i.nrf_uart_event_check                   0x0001e5c6   Section        0  nrf_drv_uart.o(i.nrf_uart_event_check)
    nrf_uart_event_check                     0x0001e5c7   Thumb Code    10  nrf_drv_uart.o(i.nrf_uart_event_check)
    i.nrf_uart_int_enable_check              0x0001e5d0   Section        0  nrf_drv_uart.o(i.nrf_uart_int_enable_check)
    nrf_uart_int_enable_check                0x0001e5d1   Thumb Code    16  nrf_drv_uart.o(i.nrf_uart_int_enable_check)
    i.nus_data_handler                       0x0001e5e0   Section        0  main.o(i.nus_data_handler)
    nus_data_handler                         0x0001e5e1   Thumb Code    48  main.o(i.nus_data_handler)
    i.on_adv_evt                             0x0001e610   Section        0  main.o(i.on_adv_evt)
    on_adv_evt                               0x0001e611   Thumb Code    32  main.o(i.on_adv_evt)
    i.on_ble_evt                             0x0001e630   Section        0  main.o(i.on_ble_evt)
    on_ble_evt                               0x0001e631   Thumb Code   204  main.o(i.on_ble_evt)
    i.on_conn_params_evt                     0x0001e700   Section        0  main.o(i.on_conn_params_evt)
    on_conn_params_evt                       0x0001e701   Thumb Code    26  main.o(i.on_conn_params_evt)
    i.pin_in_use_by_port                     0x0001e720   Section        0  nrf_drv_gpiote.o(i.pin_in_use_by_port)
    pin_in_use_by_port                       0x0001e721   Thumb Code    20  nrf_drv_gpiote.o(i.pin_in_use_by_port)
    i.pin_in_use_by_te                       0x0001e738   Section        0  nrf_drv_gpiote.o(i.pin_in_use_by_te)
    pin_in_use_by_te                         0x0001e739   Thumb Code    20  nrf_drv_gpiote.o(i.pin_in_use_by_te)
    i.posture                                0x0001e750   Section        0  main.o(i.posture)
    i.rtc1_stop                              0x0001e7a0   Section        0  app_timer.o(i.rtc1_stop)
    rtc1_stop                                0x0001e7a1   Thumb Code    50  app_timer.o(i.rtc1_stop)
    i.rx_byte                                0x0001e7e4   Section        0  nrf_drv_uart.o(i.rx_byte)
    rx_byte                                  0x0001e7e5   Thumb Code    38  nrf_drv_uart.o(i.rx_byte)
    i.rx_char_add                            0x0001e80a   Section        0  ble_nus.o(i.rx_char_add)
    rx_char_add                              0x0001e80b   Thumb Code   158  ble_nus.o(i.rx_char_add)
    i.rx_done_event                          0x0001e8a8   Section        0  nrf_drv_uart.o(i.rx_done_event)
    rx_done_event                            0x0001e8a9   Thumb Code    20  nrf_drv_uart.o(i.rx_done_event)
    i.rx_enable                              0x0001e8bc   Section        0  nrf_drv_uart.o(i.rx_enable)
    rx_enable                                0x0001e8bd   Thumb Code    26  nrf_drv_uart.o(i.rx_enable)
    i.sd_nvic_EnableIRQ                      0x0001e8d8   Section        0  softdevice_handler.o(i.sd_nvic_EnableIRQ)
    sd_nvic_EnableIRQ                        0x0001e8d9   Thumb Code   112  softdevice_handler.o(i.sd_nvic_EnableIRQ)
    i.service_data_encode                    0x0001e95c   Section        0  ble_advdata.o(i.service_data_encode)
    service_data_encode                      0x0001e95d   Thumb Code   142  ble_advdata.o(i.service_data_encode)
    i.set_adv_mode_fast                      0x0001e9ec   Section        0  ble_advertising.o(i.set_adv_mode_fast)
    set_adv_mode_fast                        0x0001e9ed   Thumb Code    80  ble_advertising.o(i.set_adv_mode_fast)
    i.set_adv_mode_slow                      0x0001ea44   Section        0  ble_advertising.o(i.set_adv_mode_slow)
    set_adv_mode_slow                        0x0001ea45   Thumb Code    76  ble_advertising.o(i.set_adv_mode_slow)
    i.sleep_mode_enter                       0x0001ea98   Section        0  main.o(i.sleep_mode_enter)
    sleep_mode_enter                         0x0001ea99   Thumb Code    40  main.o(i.sleep_mode_enter)
    i.softdevice_ble_evt_handler_set         0x0001eac0   Section        0  softdevice_handler.o(i.softdevice_ble_evt_handler_set)
    i.softdevice_enable                      0x0001ead4   Section        0  softdevice_handler.o(i.softdevice_enable)
    i.softdevice_enable_get_default_config   0x0001eae8   Section        0  softdevice_handler.o(i.softdevice_enable_get_default_config)
    i.softdevice_fault_handler               0x0001eb10   Section        0  softdevice_handler.o(i.softdevice_fault_handler)
    i.softdevice_handler_init                0x0001eb18   Section        0  softdevice_handler.o(i.softdevice_handler_init)
    i.softdevice_handler_is_enabled          0x0001eb70   Section        0  softdevice_handler.o(i.softdevice_handler_is_enabled)
    i.start_timer2                           0x0001eb7c   Section        0  main.o(i.start_timer2)
    i.timer_list_handler                     0x0001ebc8   Section        0  app_timer.o(i.timer_list_handler)
    timer_list_handler                       0x0001ebc9   Thumb Code   128  app_timer.o(i.timer_list_handler)
    i.timer_list_handler_sched               0x0001ec4c   Section        0  app_timer.o(i.timer_list_handler_sched)
    timer_list_handler_sched                 0x0001ec4d   Thumb Code    10  app_timer.o(i.timer_list_handler_sched)
    i.timer_list_insert                      0x0001ec5c   Section        0  app_timer.o(i.timer_list_insert)
    timer_list_insert                        0x0001ec5d   Thumb Code    60  app_timer.o(i.timer_list_insert)
    i.timer_stop_op_schedule                 0x0001ec9c   Section        0  app_timer.o(i.timer_stop_op_schedule)
    timer_stop_op_schedule                   0x0001ec9d   Thumb Code    68  app_timer.o(i.timer_stop_op_schedule)
    i.timer_timeouts_check                   0x0001ece4   Section        0  app_timer.o(i.timer_timeouts_check)
    timer_timeouts_check                     0x0001ece5   Thumb Code   118  app_timer.o(i.timer_timeouts_check)
    i.twi_clear_bus                          0x0001ed64   Section        0  main.o(i.twi_clear_bus)
    twi_clear_bus                            0x0001ed65   Thumb Code   134  main.o(i.twi_clear_bus)
    i.twi_init                               0x0001edf8   Section        0  main.o(i.twi_init)
    i.twi_process_error                      0x0001ee28   Section        0  main.o(i.twi_process_error)
    twi_process_error                        0x0001ee29   Thumb Code    28  main.o(i.twi_process_error)
    i.twi_rx_start_transfer                  0x0001ee48   Section        0  main.o(i.twi_rx_start_transfer)
    twi_rx_start_transfer                    0x0001ee49   Thumb Code   154  main.o(i.twi_rx_start_transfer)
    i.twi_send_byte                          0x0001eee8   Section        0  main.o(i.twi_send_byte)
    twi_send_byte                            0x0001eee9   Thumb Code    46  main.o(i.twi_send_byte)
    i.twi_transfer                           0x0001ef16   Section        0  main.o(i.twi_transfer)
    twi_transfer                             0x0001ef17   Thumb Code   264  main.o(i.twi_transfer)
    i.twi_tx_start_transfer                  0x0001f020   Section        0  main.o(i.twi_tx_start_transfer)
    twi_tx_start_transfer                    0x0001f021   Thumb Code   152  main.o(i.twi_tx_start_transfer)
    i.twi_xfer                               0x0001f0bc   Section        0  main.o(i.twi_xfer)
    twi_xfer                                 0x0001f0bd   Thumb Code   140  main.o(i.twi_xfer)
    i.tx_byte                                0x0001f148   Section        0  nrf_drv_uart.o(i.tx_byte)
    tx_byte                                  0x0001f149   Thumb Code    30  nrf_drv_uart.o(i.tx_byte)
    i.tx_char_add                            0x0001f166   Section        0  ble_nus.o(i.tx_char_add)
    tx_char_add                              0x0001f167   Thumb Code   128  ble_nus.o(i.tx_char_add)
    i.tx_done_event                          0x0001f1e6   Section        0  nrf_drv_uart.o(i.tx_done_event)
    tx_done_event                            0x0001f1e7   Thumb Code    24  nrf_drv_uart.o(i.tx_done_event)
    i.uart_event_handle                      0x0001f200   Section        0  main.o(i.uart_event_handle)
    i.uart_event_handler                     0x0001f260   Section        0  app_uart_fifo.o(i.uart_event_handler)
    uart_event_handler                       0x0001f261   Thumb Code   158  app_uart_fifo.o(i.uart_event_handler)
    i.uart_irq_handler                       0x0001f308   Section        0  nrf_drv_uart.o(i.uart_irq_handler)
    uart_irq_handler                         0x0001f309   Thumb Code   296  nrf_drv_uart.o(i.uart_irq_handler)
    i.uint16_encode                          0x0001f430   Section        0  ble_advdata.o(i.uint16_encode)
    uint16_encode                            0x0001f431   Thumb Code    10  ble_advdata.o(i.uint16_encode)
    i.update_timeout_handler                 0x0001f43c   Section        0  ble_conn_params.o(i.update_timeout_handler)
    update_timeout_handler                   0x0001f43d   Thumb Code    86  ble_conn_params.o(i.update_timeout_handler)
    i.user_op_alloc                          0x0001f4a0   Section        0  app_timer.o(i.user_op_alloc)
    user_op_alloc                            0x0001f4a1   Thumb Code    40  app_timer.o(i.user_op_alloc)
    i.uuid_list_encode                       0x0001f4cc   Section        0  ble_advdata.o(i.uuid_list_encode)
    uuid_list_encode                         0x0001f4cd   Thumb Code    48  ble_advdata.o(i.uuid_list_encode)
    i.uuid_list_sized_encode                 0x0001f4fc   Section        0  ble_advdata.o(i.uuid_list_sized_encode)
    uuid_list_sized_encode                   0x0001f4fd   Thumb Code   174  ble_advdata.o(i.uuid_list_sized_encode)
    i.whitelist_has_entries                  0x0001f5ac   Section        0  ble_advertising.o(i.whitelist_has_entries)
    whitelist_has_entries                    0x0001f5ad   Thumb Code    18  ble_advertising.o(i.whitelist_has_entries)
    .constdata                               0x0001f5c4   Section       72  main.o(.constdata)
    m_twi_mpu_6050                           0x0001f5c8   Data           8  main.o(.constdata)
    .constdata                               0x0001f60c   Section        8  boards.o(.constdata)
    m_board_led_list                         0x0001f60c   Data           4  boards.o(.constdata)
    m_board_btn_list                         0x0001f610   Data           4  boards.o(.constdata)
    .constdata                               0x0001f614   Section       44  bsp.o(.constdata)
    m_leds_timer_id                          0x0001f614   Data           4  bsp.o(.constdata)
    m_alert_timer_id                         0x0001f618   Data           4  bsp.o(.constdata)
    m_button_timer_id                        0x0001f61c   Data           4  bsp.o(.constdata)
    app_buttons                              0x0001f620   Data          32  bsp.o(.constdata)
    .constdata                               0x0001f640   Section        4  ble_conn_params.o(.constdata)
    m_conn_params_timer_id                   0x0001f640   Data           4  ble_conn_params.o(.constdata)
    .constdata                               0x0001f644   Section       16  ble_nus.o(.constdata)
    .constdata                               0x0001f654   Section        4  nrf_drv_gpiote.o(.constdata)
    .constdata                               0x0001f658   Section        8  app_button.o(.constdata)
    m_detection_delay_timer_id               0x0001f658   Data           4  app_button.o(.constdata)
    .constdata                               0x0001f660   Section       32  app_uart_fifo.o(.constdata)
    .data                                    0x20001fe8   Section      104  main.o(.data)
    index                                    0x20001fe8   Data           1  main.o(.data)
    m_conn_handle                            0x20001fea   Data           2  main.o(.data)
    m_adv_uuids                              0x20001ff8   Data           4  main.o(.data)
    .data                                    0x20002050   Section       20  bsp.o(.data)
    m_stable_state                           0x20002050   Data           1  bsp.o(.data)
    m_leds_clear                             0x20002051   Data           1  bsp.o(.data)
    current_long_push_pin_no                 0x20002052   Data           1  bsp.o(.data)
    m_app_ticks_per_100ms                    0x20002054   Data           4  bsp.o(.data)
    m_indication_type                        0x20002058   Data           4  bsp.o(.data)
    m_registered_callback                    0x2000205c   Data           4  bsp.o(.data)
    release_event_at_push                    0x20002060   Data           4  bsp.o(.data)
    .data                                    0x20002064   Section        8  bsp_btn_ble.o(.data)
    m_error_handler                          0x20002064   Data           4  bsp_btn_ble.o(.data)
    m_num_connections                        0x20002068   Data           4  bsp_btn_ble.o(.data)
    .data                                    0x2000206c   Section       48  ble_advertising.o(.data)
    m_initialized                            0x2000206c   Data           1  ble_advertising.o(.data)
    m_advertising_start_pending              0x2000206d   Data           1  ble_advertising.o(.data)
    m_adv_evt                                0x2000206e   Data           1  ble_advertising.o(.data)
    m_adv_mode_current                       0x2000206f   Data           1  ble_advertising.o(.data)
    m_peer_addr_reply_expected               0x20002070   Data           1  ble_advertising.o(.data)
    m_whitelist_temporarily_disabled         0x20002071   Data           1  ble_advertising.o(.data)
    m_whitelist_reply_expected               0x20002072   Data           1  ble_advertising.o(.data)
    m_current_slave_link_conn_handle         0x20002074   Data           2  ble_advertising.o(.data)
    m_slave_conn_int                         0x20002076   Data           4  ble_advertising.o(.data)
    m_evt_handler                            0x2000207c   Data           4  ble_advertising.o(.data)
    m_error_handler                          0x20002080   Data           4  ble_advertising.o(.data)
    m_peer_address                           0x20002084   Data           7  ble_advertising.o(.data)
    m_whitelist                              0x2000208c   Data          16  ble_advertising.o(.data)
    .data                                    0x2000209c   Section       20  ble_conn_params.o(.data)
    m_change_param                           0x2000209c   Data           1  ble_conn_params.o(.data)
    m_update_count                           0x2000209d   Data           1  ble_conn_params.o(.data)
    m_conn_handle                            0x2000209e   Data           2  ble_conn_params.o(.data)
    m_preferred_conn_params                  0x200020a0   Data           8  ble_conn_params.o(.data)
    m_current_conn_params                    0x200020a8   Data           8  ble_conn_params.o(.data)
    .data                                    0x200020b0   Section       20  app_button.o(.data)
    m_button_count                           0x200020b0   Data           1  app_button.o(.data)
    mp_buttons                               0x200020b4   Data           4  app_button.o(.data)
    m_detection_delay                        0x200020b8   Data           4  app_button.o(.data)
    m_pin_state                              0x200020bc   Data           4  app_button.o(.data)
    m_pin_transition                         0x200020c0   Data           4  app_button.o(.data)
    .data                                    0x200020c4   Section       32  app_timer.o(.data)
    m_ticks_elapsed_q_read_ind               0x200020c4   Data           1  app_timer.o(.data)
    m_ticks_elapsed_q_write_ind              0x200020c5   Data           1  app_timer.o(.data)
    m_rtc1_running                           0x200020c6   Data           1  app_timer.o(.data)
    m_rtc1_reset                             0x200020c7   Data           1  app_timer.o(.data)
    mp_timer_id_head                         0x200020c8   Data           4  app_timer.o(.data)
    m_ticks_latest                           0x200020cc   Data           4  app_timer.o(.data)
    m_evt_schedule_func                      0x200020d0   Data           4  app_timer.o(.data)
    m_op_queue                               0x200020d4   Data           8  app_timer.o(.data)
    m_ticks_elapsed                          0x200020dc   Data           8  app_timer.o(.data)
    .data                                    0x200020e4   Section       16  app_uart_fifo.o(.data)
    tx_buffer                                0x200020e4   Data           1  app_uart_fifo.o(.data)
    rx_buffer                                0x200020e5   Data           1  app_uart_fifo.o(.data)
    m_rx_ovf                                 0x200020e6   Data           1  app_uart_fifo.o(.data)
    m_event_handler                          0x200020e8   Data           4  app_uart_fifo.o(.data)
    app_uart_inst                            0x200020ec   Data           8  app_uart_fifo.o(.data)
    .data                                    0x200020f4   Section       12  app_util_platform.o(.data)
    m_in_critical_region                     0x200020f4   Data           4  app_util_platform.o(.data)
    .data                                    0x20002100   Section        4  retarget.o(.data)
    .data                                    0x20002104   Section       20  softdevice_handler.o(.data)
    m_softdevice_enabled                     0x20002104   Data           1  softdevice_handler.o(.data)
    m_suspended                              0x20002105   Data           1  softdevice_handler.o(.data)
    m_ble_evt_buffer_size                    0x20002106   Data           2  softdevice_handler.o(.data)
    m_evt_schedule_func                      0x20002108   Data           4  softdevice_handler.o(.data)
    mp_ble_evt_buffer                        0x2000210c   Data           4  softdevice_handler.o(.data)
    m_ble_evt_handler                        0x20002110   Data           4  softdevice_handler.o(.data)
    m_sys_evt_handler                        0x20002114   Data           4  softdevice_handler.o(.data)
    .data                                    0x20002118   Section        4  system_nrf51.o(.data)
    __tagsym$$used                           0x20002118   Number         0  system_nrf51.o(.data)
    .data                                    0x2000211c   Section        4  mvars.o(.data)
    .data                                    0x20002120   Section        4  mvars.o(.data)
    .bss                                     0x20002124   Section      792  main.o(.bss)
    BLE_EVT_BUFFER                           0x20002124   Data          72  main.o(.bss)
    data_array                               0x2000216c   Data          20  main.o(.bss)
    rx_buf                                   0x20002180   Data         256  main.o(.bss)
    tx_buf                                   0x20002280   Data         256  main.o(.bss)
    APP_TIMER_BUF                            0x20002380   Data         120  main.o(.bss)
    m_cb                                     0x200023f8   Data          40  main.o(.bss)
    m_nus                                    0x20002420   Data          28  main.o(.bss)
    .bss                                     0x2000243c   Section       32  bsp.o(.bss)
    m_leds_timer_id_data                     0x2000243c   Data          32  bsp.o(.bss)
    .bss                                     0x2000245c   Section       32  bsp.o(.bss)
    m_alert_timer_id_data                    0x2000245c   Data          32  bsp.o(.bss)
    .bss                                     0x2000247c   Section       12  bsp.o(.bss)
    m_events_list                            0x2000247c   Data          12  bsp.o(.bss)
    .bss                                     0x20002488   Section       32  bsp.o(.bss)
    m_button_timer_id_data                   0x20002488   Data          32  bsp.o(.bss)
    .bss                                     0x200024a8   Section      363  ble_advertising.o(.bss)
    m_adv_modes_config                       0x200024a8   Data          32  ble_advertising.o(.bss)
    m_advdata                                0x200024c8   Data          60  ble_advertising.o(.bss)
    m_manuf_specific_data                    0x20002504   Data          12  ble_advertising.o(.bss)
    m_manuf_data_array                       0x20002510   Data          31  ble_advertising.o(.bss)
    m_service_data                           0x20002530   Data          12  ble_advertising.o(.bss)
    m_service_data_array                     0x2000253c   Data          31  ble_advertising.o(.bss)
    m_whitelist_addrs                        0x2000255b   Data          56  ble_advertising.o(.bss)
    m_whitelist_irks                         0x20002593   Data         128  ble_advertising.o(.bss)
    .bss                                     0x20002614   Section       32  ble_advertising.o(.bss)
    m_p_whitelist_addrs                      0x20002614   Data          32  ble_advertising.o(.bss)
    .bss                                     0x20002634   Section       32  ble_advertising.o(.bss)
    m_p_whitelist_irks                       0x20002634   Data          32  ble_advertising.o(.bss)
    .bss                                     0x20002654   Section       32  ble_conn_params.o(.bss)
    m_conn_params_timer_id_data              0x20002654   Data          32  ble_conn_params.o(.bss)
    .bss                                     0x20002674   Section       28  ble_conn_params.o(.bss)
    m_conn_params_config                     0x20002674   Data          28  ble_conn_params.o(.bss)
    .bss                                     0x20002690   Section       20  nrf_drv_clock.o(.bss)
    m_clock_cb                               0x20002690   Data          20  nrf_drv_clock.o(.bss)
    .bss                                     0x200026a4   Section       72  nrf_drv_gpiote.o(.bss)
    m_cb                                     0x200026a4   Data          72  nrf_drv_gpiote.o(.bss)
    .bss                                     0x200026ec   Section       28  nrf_drv_uart.o(.bss)
    m_cb                                     0x200026ec   Data          28  nrf_drv_uart.o(.bss)
    .bss                                     0x20002708   Section       32  app_button.o(.bss)
    m_detection_delay_timer_id_data          0x20002708   Data          32  app_button.o(.bss)
    .bss                                     0x20002728   Section       32  app_uart_fifo.o(.bss)
    m_rx_fifo                                0x20002728   Data          16  app_uart_fifo.o(.bss)
    m_tx_fifo                                0x20002738   Data          16  app_uart_fifo.o(.bss)
    .bss                                     0x20002748   Section      104  fstorage.o(.bss)
    m_queue                                  0x20002748   Data         104  fstorage.o(.bss)
    HEAP                                     0x200027b0   Section     2048  arm_startup_nrf51.o(HEAP)
    STACK                                    0x20002fb0   Section     2048  arm_startup_nrf51.o(STACK)

    Global Symbols

    Symbol Name                              Value     Ov Type        Size  Object(Section)

    BuildAttributes$$THM_ISAv3M$S$PE$A:L22$X:L11$S22$IEEE1$IW$USESV6$~STKCKD$USESV7$~SHL$OSPACE$ROPI$EBA8$MICROLIB$REQ8$PRES8$EABIv2 0x00000000   Number         0  anon$$obj.o ABSOLUTE
    __ARM_use_no_argv                        0x00000000   Number         0  main.o ABSOLUTE
    _printf_a                                0x00000000   Number         0  stubs.o ABSOLUTE
    _printf_c                                0x00000000   Number         0  stubs.o ABSOLUTE
    _printf_charcount                        0x00000000   Number         0  stubs.o ABSOLUTE
    _printf_d                                0x00000000   Number         0  stubs.o ABSOLUTE
    _printf_e                                0x00000000   Number         0  stubs.o ABSOLUTE
    _printf_f                                0x00000000   Number         0  stubs.o ABSOLUTE
    _printf_flags                            0x00000000   Number         0  stubs.o ABSOLUTE
    _printf_fp_dec                           0x00000000   Number         0  stubs.o ABSOLUTE
    _printf_fp_hex                           0x00000000   Number         0  stubs.o ABSOLUTE
    _printf_g                                0x00000000   Number         0  stubs.o ABSOLUTE
    _printf_i                                0x00000000   Number         0  stubs.o ABSOLUTE
    _printf_int_dec                          0x00000000   Number         0  stubs.o ABSOLUTE
    _printf_l                                0x00000000   Number         0  stubs.o ABSOLUTE
    _printf_lc                               0x00000000   Number         0  stubs.o ABSOLUTE
    _printf_ll                               0x00000000   Number         0  stubs.o ABSOLUTE
    _printf_lld                              0x00000000   Number         0  stubs.o ABSOLUTE
    _printf_lli                              0x00000000   Number         0  stubs.o ABSOLUTE
    _printf_llo                              0x00000000   Number         0  stubs.o ABSOLUTE
    _printf_llu                              0x00000000   Number         0  stubs.o ABSOLUTE
    _printf_llx                              0x00000000   Number         0  stubs.o ABSOLUTE
    _printf_longlong_dec                     0x00000000   Number         0  stubs.o ABSOLUTE
    _printf_longlong_hex                     0x00000000   Number         0  stubs.o ABSOLUTE
    _printf_longlong_oct                     0x00000000   Number         0  stubs.o ABSOLUTE
    _printf_ls                               0x00000000   Number         0  stubs.o ABSOLUTE
    _printf_mbtowc                           0x00000000   Number         0  stubs.o ABSOLUTE
    _printf_n                                0x00000000   Number         0  stubs.o ABSOLUTE
    _printf_o                                0x00000000   Number         0  stubs.o ABSOLUTE
    _printf_p                                0x00000000   Number         0  stubs.o ABSOLUTE
    _printf_percent                          0x00000000   Number         0  stubs.o ABSOLUTE
    _printf_pre_padding                      0x00000000   Number         0  stubs.o ABSOLUTE
    _printf_return_value                     0x00000000   Number         0  stubs.o ABSOLUTE
    _printf_s                                0x00000000   Number         0  stubs.o ABSOLUTE
    _printf_sizespec                         0x00000000   Number         0  stubs.o ABSOLUTE
    _printf_str                              0x00000000   Number         0  stubs.o ABSOLUTE
    _printf_truncate_signed                  0x00000000   Number         0  stubs.o ABSOLUTE
    _printf_truncate_unsigned                0x00000000   Number         0  stubs.o ABSOLUTE
    _printf_u                                0x00000000   Number         0  stubs.o ABSOLUTE
    _printf_wc                               0x00000000   Number         0  stubs.o ABSOLUTE
    _printf_wctomb                           0x00000000   Number         0  stubs.o ABSOLUTE
    _printf_widthprec                        0x00000000   Number         0  stubs.o ABSOLUTE
    _printf_x                                0x00000000   Number         0  stubs.o ABSOLUTE
    __cpp_initialize__aeabi_                  - Undefined Weak Reference
    __cxa_finalize                            - Undefined Weak Reference
    _clock_init                               - Undefined Weak Reference
    _microlib_exit                            - Undefined Weak Reference
    fs_data$$Base                             - Undefined Reference
    fs_data$$Limit                            - Undefined Reference
    __Vectors_Size                           0x000000c0   Number         0  arm_startup_nrf51.o ABSOLUTE
    __Vectors                                0x0001b000   Data           4  arm_startup_nrf51.o(RESET)
    __Vectors_End                            0x0001b0c0   Data           0  arm_startup_nrf51.o(RESET)
    __main                                   0x0001b0c1   Thumb Code     0  entry.o(.ARM.Collect$$$$00000000)
    _main_stk                                0x0001b0c1   Thumb Code     0  entry2.o(.ARM.Collect$$$$00000001)
    _main_scatterload                        0x0001b0c5   Thumb Code     0  entry5.o(.ARM.Collect$$$$00000004)
    __main_after_scatterload                 0x0001b0c9   Thumb Code     0  entry5.o(.ARM.Collect$$$$00000004)
    _main_clock                              0x0001b0c9   Thumb Code     0  entry7b.o(.ARM.Collect$$$$00000008)
    _main_cpp_init                           0x0001b0c9   Thumb Code     0  entry8b.o(.ARM.Collect$$$$0000000A)
    _main_init                               0x0001b0c9   Thumb Code     0  entry9a.o(.ARM.Collect$$$$0000000B)
    __rt_final_cpp                           0x0001b0d1   Thumb Code     0  entry10a.o(.ARM.Collect$$$$0000000D)
    __rt_final_exit                          0x0001b0d1   Thumb Code     0  entry11a.o(.ARM.Collect$$$$0000000F)
    Reset_Handler                            0x0001b0d5   Thumb Code    26  arm_startup_nrf51.o(.text)
    NMI_Handler                              0x0001b0ef   Thumb Code     2  arm_startup_nrf51.o(.text)
    HardFault_Handler                        0x0001b0f1   Thumb Code     2  arm_startup_nrf51.o(.text)
    SVC_Handler                              0x0001b0f3   Thumb Code     2  arm_startup_nrf51.o(.text)
    PendSV_Handler                           0x0001b0f5   Thumb Code     2  arm_startup_nrf51.o(.text)
    SysTick_Handler                          0x0001b0f7   Thumb Code     2  arm_startup_nrf51.o(.text)
    CCM_AAR_IRQHandler                       0x0001b0f9   Thumb Code     0  arm_startup_nrf51.o(.text)
    ECB_IRQHandler                           0x0001b0f9   Thumb Code     0  arm_startup_nrf51.o(.text)
    LPCOMP_IRQHandler                        0x0001b0f9   Thumb Code     0  arm_startup_nrf51.o(.text)
    QDEC_IRQHandler                          0x0001b0f9   Thumb Code     0  arm_startup_nrf51.o(.text)
    RADIO_IRQHandler                         0x0001b0f9   Thumb Code     0  arm_startup_nrf51.o(.text)
    RNG_IRQHandler                           0x0001b0f9   Thumb Code     0  arm_startup_nrf51.o(.text)
    RTC0_IRQHandler                          0x0001b0f9   Thumb Code     0  arm_startup_nrf51.o(.text)
    SPI1_TWI1_IRQHandler                     0x0001b0f9   Thumb Code     0  arm_startup_nrf51.o(.text)
    SWI1_IRQHandler                          0x0001b0f9   Thumb Code     0  arm_startup_nrf51.o(.text)
    SWI3_IRQHandler                          0x0001b0f9   Thumb Code     0  arm_startup_nrf51.o(.text)
    SWI4_IRQHandler                          0x0001b0f9   Thumb Code     0  arm_startup_nrf51.o(.text)
    SWI5_IRQHandler                          0x0001b0f9   Thumb Code     0  arm_startup_nrf51.o(.text)
    TEMP_IRQHandler                          0x0001b0f9   Thumb Code     0  arm_startup_nrf51.o(.text)
    TIMER0_IRQHandler                        0x0001b0f9   Thumb Code     0  arm_startup_nrf51.o(.text)
    TIMER1_IRQHandler                        0x0001b0f9   Thumb Code     0  arm_startup_nrf51.o(.text)
    WDT_IRQHandler                           0x0001b0f9   Thumb Code     0  arm_startup_nrf51.o(.text)
    __aeabi_uidiv                            0x0001b10d   Thumb Code     0  uidiv.o(.text)
    __aeabi_uidivmod                         0x0001b10d   Thumb Code    44  uidiv.o(.text)
    __aeabi_idiv                             0x0001b139   Thumb Code     0  idiv.o(.text)
    __aeabi_idivmod                          0x0001b139   Thumb Code    40  idiv.o(.text)
    __aeabi_memcpy                           0x0001b161   Thumb Code    36  memcpya.o(.text)
    __aeabi_memcpy4                          0x0001b161   Thumb Code     0  memcpya.o(.text)
    __aeabi_memcpy8                          0x0001b161   Thumb Code     0  memcpya.o(.text)
    __aeabi_memset                           0x0001b185   Thumb Code    14  memseta.o(.text)
    __aeabi_memset4                          0x0001b185   Thumb Code     0  memseta.o(.text)
    __aeabi_memset8                          0x0001b185   Thumb Code     0  memseta.o(.text)
    __aeabi_memclr                           0x0001b193   Thumb Code     4  memseta.o(.text)
    __aeabi_memclr4                          0x0001b193   Thumb Code     0  memseta.o(.text)
    __aeabi_memclr8                          0x0001b193   Thumb Code     0  memseta.o(.text)
    _memset$wrapper                          0x0001b197   Thumb Code    18  memseta.o(.text)
    strlen                                   0x0001b1a9   Thumb Code    14  strlen.o(.text)
    __aeabi_dmul                             0x0001b1b9   Thumb Code   202  dmul.o(.text)
    __aeabi_i2d                              0x0001b289   Thumb Code    34  dflti.o(.text)
    __aeabi_d2iz                             0x0001b2b1   Thumb Code    62  dfixi.o(.text)
    __aeabi_uldivmod                         0x0001b2f9   Thumb Code    96  uldiv.o(.text)
    __aeabi_llsl                             0x0001b359   Thumb Code    32  llshl.o(.text)
    _ll_shift_l                              0x0001b359   Thumb Code     0  llshl.o(.text)
    __aeabi_llsr                             0x0001b379   Thumb Code    34  llushr.o(.text)
    _ll_ushift_r                             0x0001b379   Thumb Code     0  llushr.o(.text)
    __I$use$fp                               0x0001b39b   Thumb Code     0  iusefp.o(.text)
    _double_round                            0x0001b39b   Thumb Code    26  depilogue.o(.text)
    _double_epilogue                         0x0001b3b5   Thumb Code   164  depilogue.o(.text)
    __scatterload                            0x0001b459   Thumb Code    28  init.o(.text)
    __scatterload_rt2                        0x0001b459   Thumb Code     0  init.o(.text)
    __decompress                             0x0001b47d   Thumb Code     0  __dczerorl.o(.text)
    __decompress0                            0x0001b47d   Thumb Code    58  __dczerorl.o(.text)
    ADC_IRQHandler                           0x0001b4b9   Thumb Code    22  main.o(i.ADC_IRQHandler)
    GPIOTE_IRQHandler                        0x0001b4e1   Thumb Code   364  nrf_drv_gpiote.o(i.GPIOTE_IRQHandler)
    POWER_CLOCK_IRQHandler                   0x0001b69d   Thumb Code    70  nrf_drv_clock.o(i.POWER_CLOCK_IRQHandler)
    RTC1_IRQHandler                          0x0001b6f1   Thumb Code    28  app_timer.o(i.RTC1_IRQHandler)
    SPI0_TWI0_IRQHandler                     0x0001b711   Thumb Code    12  main.o(i.SPI0_TWI0_IRQHandler)
    SWI0_IRQHandler                          0x0001b725   Thumb Code     8  app_timer.o(i.SWI0_IRQHandler)
    SWI2_IRQHandler                          0x0001b72d   Thumb Code    28  softdevice_handler.o(i.SWI2_IRQHandler)
    SystemInit                               0x0001b74d   Thumb Code   130  system_nrf51.o(i.SystemInit)
    TIMER2_IRQHandler                        0x0001b7ed   Thumb Code   172  main.o(i.TIMER2_IRQHandler)
    UART0_IRQHandler                         0x0001b8a5   Thumb Code    12  nrf_drv_uart.o(i.UART0_IRQHandler)
    __0printf$5                              0x0001b8b9   Thumb Code    24  printf5.o(i.__0printf$5)
    __1printf$5                              0x0001b8b9   Thumb Code     0  printf5.o(i.__0printf$5)
    __2printf                                0x0001b8b9   Thumb Code     0  printf5.o(i.__0printf$5)
    __0sprintf$5                             0x0001b8d9   Thumb Code    36  printf5.o(i.__0sprintf$5)
    __1sprintf$5                             0x0001b8d9   Thumb Code     0  printf5.o(i.__0sprintf$5)
    __2sprintf                               0x0001b8d9   Thumb Code     0  printf5.o(i.__0sprintf$5)
    __ARM_clz                                0x0001b901   Thumb Code    46  depilogue.o(i.__ARM_clz)
    __ARM_common_switch8                     0x0001b92f   Thumb Code    26  bsp.o(i.__ARM_common_switch8)
    __scatterload_copy                       0x0001b949   Thumb Code    14  handlers.o(i.__scatterload_copy)
    __scatterload_null                       0x0001b957   Thumb Code     2  handlers.o(i.__scatterload_null)
    __scatterload_zeroinit                   0x0001b959   Thumb Code    14  handlers.o(i.__scatterload_zeroinit)
    adc_config                               0x0001bc6d   Thumb Code    46  main.o(i.adc_config)
    adc_detection                            0x0001bcad   Thumb Code   116  main.o(i.adc_detection)
    adv_data_encode                          0x0001bd25   Thumb Code   398  ble_advdata.o(i.adv_data_encode)
    alamda_sensor                            0x0001bf59   Thumb Code    32  main.o(i.alamda_sensor)
    app_button_enable                        0x0001bf91   Thumb Code    32  app_button.o(i.app_button_enable)
    app_button_init                          0x0001bfb5   Thumb Code   100  app_button.o(i.app_button_init)
    app_error_fault_handler                  0x0001c029   Thumb Code    18  app_error_weak.o(i.app_error_fault_handler)
    app_error_handler_bare                   0x0001c045   Thumb Code    20  app_error.o(i.app_error_handler_bare)
    app_fifo_get                             0x0001c05d   Thumb Code    22  app_fifo.o(i.app_fifo_get)
    app_fifo_init                            0x0001c073   Thumb Code    36  app_fifo.o(i.app_fifo_init)
    app_fifo_put                             0x0001c097   Thumb Code    26  app_fifo.o(i.app_fifo_put)
    app_timer_create                         0x0001c0b1   Thumb Code    44  app_timer.o(i.app_timer_create)
    app_timer_init                           0x0001c0e1   Thumb Code    98  app_timer.o(i.app_timer_init)
    app_timer_start                          0x0001c155   Thumb Code   128  app_timer.o(i.app_timer_start)
    app_timer_stop                           0x0001c1dd   Thumb Code    36  app_timer.o(i.app_timer_stop)
    app_uart_get                             0x0001c205   Thumb Code    46  app_uart_fifo.o(i.app_uart_get)
    app_uart_init                            0x0001c23d   Thumb Code   160  app_uart_fifo.o(i.app_uart_init)
    app_uart_put                             0x0001c2ed   Thumb Code    56  app_uart_fifo.o(i.app_uart_put)
    app_util_critical_region_enter           0x0001c32d   Thumb Code    48  app_util_platform.o(i.app_util_critical_region_enter)
    app_util_critical_region_exit            0x0001c369   Thumb Code    36  app_util_platform.o(i.app_util_critical_region_exit)
    ble_advdata_set                          0x0001c419   Thumb Code   104  ble_advdata.o(i.ble_advdata_set)
    ble_advertising_init                     0x0001c481   Thumb Code   340  ble_advertising.o(i.ble_advertising_init)
    ble_advertising_on_ble_evt               0x0001c5dd   Thumb Code    82  ble_advertising.o(i.ble_advertising_on_ble_evt)
    ble_advertising_restart_without_whitelist 0x0001c635   Thumb Code    50  ble_advertising.o(i.ble_advertising_restart_without_whitelist)
    ble_advertising_start                    0x0001c671   Thumb Code   256  ble_advertising.o(i.ble_advertising_start)
    ble_conn_params_init                     0x0001c779   Thumb Code    68  ble_conn_params.o(i.ble_conn_params_init)
    ble_conn_params_on_ble_evt               0x0001c7cd   Thumb Code   130  ble_conn_params.o(i.ble_conn_params_on_ble_evt)
    ble_nus_init                             0x0001c8e5   Thumb Code    98  ble_nus.o(i.ble_nus_init)
    ble_nus_on_ble_evt                       0x0001c94d   Thumb Code    92  ble_nus.o(i.ble_nus_on_ble_evt)
    ble_nus_string_send                      0x0001c9a9   Thumb Code    78  ble_nus.o(i.ble_nus_string_send)
    ble_srv_is_notification_enabled          0x0001c9fd   Thumb Code    14  ble_srv_common.o(i.ble_srv_is_notification_enabled)
    bsp_board_button_idx_to_pin              0x0001ca0d   Thumb Code     6  boards.o(i.bsp_board_button_idx_to_pin)
    bsp_board_button_state_get               0x0001ca19   Thumb Code    24  boards.o(i.bsp_board_button_state_get)
    bsp_board_led_invert                     0x0001ca39   Thumb Code    24  boards.o(i.bsp_board_led_invert)
    bsp_board_led_off                        0x0001ca59   Thumb Code    14  boards.o(i.bsp_board_led_off)
    bsp_board_led_on                         0x0001ca6d   Thumb Code    14  boards.o(i.bsp_board_led_on)
    bsp_board_led_state_get                  0x0001ca81   Thumb Code    24  boards.o(i.bsp_board_led_state_get)
    bsp_board_leds_init                      0x0001caa1   Thumb Code    36  boards.o(i.bsp_board_leds_init)
    bsp_board_leds_off                       0x0001cac9   Thumb Code    18  boards.o(i.bsp_board_leds_off)
    bsp_board_leds_on                        0x0001cadb   Thumb Code    18  boards.o(i.bsp_board_leds_on)
    bsp_board_pin_to_button_idx              0x0001caed   Thumb Code    30  boards.o(i.bsp_board_pin_to_button_idx)
    bsp_btn_ble_init                         0x0001cb11   Thumb Code    58  bsp_btn_ble.o(i.bsp_btn_ble_init)
    bsp_btn_ble_on_ble_evt                   0x0001cb51   Thumb Code   114  bsp_btn_ble.o(i.bsp_btn_ble_on_ble_evt)
    bsp_btn_ble_sleep_mode_prepare           0x0001cbc9   Thumb Code    34  bsp_btn_ble.o(i.bsp_btn_ble_sleep_mode_prepare)
    bsp_button_is_pressed                    0x0001cc81   Thumb Code     8  bsp.o(i.bsp_button_is_pressed)
    bsp_event_handler                        0x0001cc89   Thumb Code    58  main.o(i.bsp_event_handler)
    bsp_event_to_button_action_assign        0x0001cccd   Thumb Code    66  bsp.o(i.bsp_event_to_button_action_assign)
    bsp_indication_set                       0x0001cd15   Thumb Code    22  bsp.o(i.bsp_indication_set)
    bsp_init                                 0x0001cd31   Thumb Code   132  bsp.o(i.bsp_init)
    bsp_wakeup_button_enable                 0x0001cf49   Thumb Code    16  bsp.o(i.bsp_wakeup_button_enable)
    calibration                              0x0001cf65   Thumb Code   312  main.o(i.calibration)
    fputc                                    0x0001d3e7   Thumb Code    14  retarget.o(i.fputc)
    free                                     0x0001d3f5   Thumb Code    80  malloc.o(i.free)
    fs_queued_op_count_get                   0x0001d449   Thumb Code    18  fstorage.o(i.fs_queued_op_count_get)
    intern_softdevice_events_execute         0x0001d4b1   Thumb Code   122  softdevice_handler.o(i.intern_softdevice_events_execute)
    main                                     0x0001d7c1   Thumb Code   580  main.o(i.main)
    malloc                                   0x0001da89   Thumb Code    92  malloc.o(i.malloc)
    mpu_6050_I2C_register_read               0x0001db5d   Thumb Code    44  main.o(i.mpu_6050_I2C_register_read)
    mpu_6050_I2C_register_write              0x0001db8d   Thumb Code    70  main.o(i.mpu_6050_I2C_register_write)
    mpu_6050_get_device_id                   0x0001dbd9   Thumb Code    30  main.o(i.mpu_6050_get_device_id)
    mpu_6050_init                            0x0001dbf7   Thumb Code    26  main.o(i.mpu_6050_init)
    mpu_6050_read_acc                        0x0001dc11   Thumb Code    52  main.o(i.mpu_6050_read_acc)
    mpu_6050_read_gyro                       0x0001dc45   Thumb Code    52  main.o(i.mpu_6050_read_gyro)
    nrf_adc_configure                        0x0001dd19   Thumb Code    60  main.o(i.nrf_adc_configure)
    nrf_drv_clock_init                       0x0001ddf9   Thumb Code    60  nrf_drv_clock.o(i.nrf_drv_clock_init)
    nrf_drv_clock_on_sd_enable               0x0001de41   Thumb Code    46  nrf_drv_clock.o(i.nrf_drv_clock_on_sd_enable)
    nrf_drv_clock_on_soc_event               0x0001de75   Thumb Code    12  nrf_drv_clock.o(i.nrf_drv_clock_on_soc_event)
    nrf_drv_common_irq_enable                0x0001de81   Thumb Code    78  nrf_drv_common.o(i.nrf_drv_common_irq_enable)
    nrf_drv_gpiote_in_event_enable           0x0001dee1   Thumb Code   136  nrf_drv_gpiote.o(i.nrf_drv_gpiote_in_event_enable)
    nrf_drv_gpiote_in_init                   0x0001df79   Thumb Code   154  nrf_drv_gpiote.o(i.nrf_drv_gpiote_in_init)
    nrf_drv_gpiote_in_is_set                 0x0001e021   Thumb Code    16  nrf_drv_gpiote.o(i.nrf_drv_gpiote_in_is_set)
    nrf_drv_gpiote_init                      0x0001e035   Thumb Code    84  nrf_drv_gpiote.o(i.nrf_drv_gpiote_init)
    nrf_drv_gpiote_is_init                   0x0001e091   Thumb Code    12  nrf_drv_gpiote.o(i.nrf_drv_gpiote_is_init)
    nrf_drv_twi_enable                       0x0001e0a1   Thumb Code    28  main.o(i.nrf_drv_twi_enable)
    nrf_drv_twi_init                         0x0001e0c1   Thumb Code   124  main.o(i.nrf_drv_twi_init)
    nrf_drv_twi_rx                           0x0001e149   Thumb Code    30  main.o(i.nrf_drv_twi_rx)
    nrf_drv_twi_tx                           0x0001e16d   Thumb Code    36  main.o(i.nrf_drv_twi_tx)
    nrf_drv_twi_xfer                         0x0001e191   Thumb Code    36  main.o(i.nrf_drv_twi_xfer)
    nrf_drv_uart_init                        0x0001e1b9   Thumb Code   118  nrf_drv_uart.o(i.nrf_drv_uart_init)
    nrf_drv_uart_rx                          0x0001e239   Thumb Code    86  nrf_drv_uart.o(i.nrf_drv_uart_rx)
    nrf_drv_uart_rx_enable                   0x0001e295   Thumb Code    40  nrf_drv_uart.o(i.nrf_drv_uart_rx_enable)
    nrf_drv_uart_tx                          0x0001e369   Thumb Code    46  nrf_drv_uart.o(i.nrf_drv_uart_tx)
    nrf_drv_uart_tx_in_progress              0x0001e429   Thumb Code    20  nrf_drv_uart.o(i.nrf_drv_uart_tx_in_progress)
    posture                                  0x0001e751   Thumb Code    76  main.o(i.posture)
    softdevice_ble_evt_handler_set           0x0001eac1   Thumb Code    16  softdevice_handler.o(i.softdevice_ble_evt_handler_set)
    softdevice_enable                        0x0001ead5   Thumb Code    14  softdevice_handler.o(i.softdevice_enable)
    softdevice_enable_get_default_config     0x0001eae9   Thumb Code    40  softdevice_handler.o(i.softdevice_enable_get_default_config)
    softdevice_fault_handler                 0x0001eb11   Thumb Code     8  softdevice_handler.o(i.softdevice_fault_handler)
    softdevice_handler_init                  0x0001eb19   Thumb Code    74  softdevice_handler.o(i.softdevice_handler_init)
    softdevice_handler_is_enabled            0x0001eb71   Thumb Code     6  softdevice_handler.o(i.softdevice_handler_is_enabled)
    start_timer2                             0x0001eb7d   Thumb Code    54  main.o(i.start_timer2)
    twi_init                                 0x0001edf9   Thumb Code    42  main.o(i.twi_init)
    uart_event_handle                        0x0001f201   Thumb Code    84  main.o(i.uart_event_handle)
    Region$$Table$$Base                      0x0001f680   Number         0  anon$$obj.o(Region$$Table)
    Region$$Table$$Limit                     0x0001f6a0   Number         0  anon$$obj.o(Region$$Table)
    Image$$RW_IRAM1$$Base                    0x20001fe8   Number         0  anon$$obj.o ABSOLUTE
    x_val                                    0x20001fec   Data           2  main.o(.data)
    y_val                                    0x20001fee   Data           2  main.o(.data)
    z_val                                    0x20001ff0   Data           2  main.o(.data)
    x_gyro                                   0x20001ff2   Data           2  main.o(.data)
    y_gyro                                   0x20001ff4   Data           2  main.o(.data)
    z_gyro                                   0x20001ff6   Data           2  main.o(.data)
    buffersize                               0x20001ffc   Data           4  main.o(.data)
    acel_deadzone                            0x20002000   Data           4  main.o(.data)
    giro_deadzone                            0x20002004   Data           4  main.o(.data)
    adc_value                                0x20002008   Data           4  main.o(.data)
    mean_ax                                  0x2000200c   Data           4  main.o(.data)
    mean_ay                                  0x20002010   Data           4  main.o(.data)
    mean_az                                  0x20002014   Data           4  main.o(.data)
    mean_gx                                  0x20002018   Data           4  main.o(.data)
    mean_gy                                  0x2000201c   Data           4  main.o(.data)
    mean_gz                                  0x20002020   Data           4  main.o(.data)
    ax_offset                                0x20002024   Data           4  main.o(.data)
    ay_offset                                0x20002028   Data           4  main.o(.data)
    az_offset                                0x2000202c   Data           4  main.o(.data)
    gx_offset                                0x20002030   Data           4  main.o(.data)
    gy_offset                                0x20002034   Data           4  main.o(.data)
    gz_offset                                0x20002038   Data           4  main.o(.data)
    ax_cali                                  0x2000203c   Data           4  main.o(.data)
    ay_cali                                  0x20002040   Data           4  main.o(.data)
    az_cali                                  0x20002044   Data           4  main.o(.data)
    detection                                0x20002048   Data           4  main.o(.data)
    adc_result                               0x2000204c   Data           4  main.o(.data)
    nrf_nvic_state                           0x200020f8   Data           8  app_util_platform.o(.data)
    __stdout                                 0x20002100   Data           4  retarget.o(.data)
    SystemCoreClock                          0x20002118   Data           4  system_nrf51.o(.data)
    __microlib_freelist                      0x2000211c   Data           4  mvars.o(.data)
    __microlib_freelist_initialised          0x20002120   Data           4  mvars.o(.data)
    __heap_base                              0x200027b0   Data           0  arm_startup_nrf51.o(HEAP)
    __heap_limit                             0x20002fb0   Data           0  arm_startup_nrf51.o(HEAP)
    __initial_sp                             0x200037b0   Data           0  arm_startup_nrf51.o(STACK)



==============================================================================

Memory Map of the image

  Image Entry point : 0x0001b0c1

  Load Region LR_IROM1 (Base: 0x0001b000, Size: 0x000047dc, Max: 0x00025000, ABSOLUTE, COMPRESSED[0x000046c4])

    Execution Region ER_IROM1 (Exec base: 0x0001b000, Load base: 0x0001b000, Size: 0x000046a0, Max: 0x00025000, ABSOLUTE)

    Exec Addr    Load Addr    Size         Type   Attr      Idx    E Section Name        Object

    0x0001b000   0x0001b000   0x000000c0   Data   RO         2747    RESET               arm_startup_nrf51.o
    0x0001b0c0   0x0001b0c0   0x00000000   Code   RO         2789  * .ARM.Collect$$$$00000000  mc_p.l(entry.o)
    0x0001b0c0   0x0001b0c0   0x00000004   Code   RO         3105    .ARM.Collect$$$$00000001  mc_p.l(entry2.o)
    0x0001b0c4   0x0001b0c4   0x00000004   Code   RO         3108    .ARM.Collect$$$$00000004  mc_p.l(entry5.o)
    0x0001b0c8   0x0001b0c8   0x00000000   Code   RO         3110    .ARM.Collect$$$$00000008  mc_p.l(entry7b.o)
    0x0001b0c8   0x0001b0c8   0x00000000   Code   RO         3112    .ARM.Collect$$$$0000000A  mc_p.l(entry8b.o)
    0x0001b0c8   0x0001b0c8   0x00000008   Code   RO         3113    .ARM.Collect$$$$0000000B  mc_p.l(entry9a.o)
    0x0001b0d0   0x0001b0d0   0x00000000   Code   RO         3115    .ARM.Collect$$$$0000000D  mc_p.l(entry10a.o)
    0x0001b0d0   0x0001b0d0   0x00000000   Code   RO         3117    .ARM.Collect$$$$0000000F  mc_p.l(entry11a.o)
    0x0001b0d0   0x0001b0d0   0x00000004   Code   RO         3106    .ARM.Collect$$$$00002712  mc_p.l(entry2.o)
    0x0001b0d4   0x0001b0d4   0x00000038   Code   RO         2748    .text               arm_startup_nrf51.o
    0x0001b10c   0x0001b10c   0x0000002c   Code   RO         2792    .text               mc_p.l(uidiv.o)
    0x0001b138   0x0001b138   0x00000028   Code   RO         2794    .text               mc_p.l(idiv.o)
    0x0001b160   0x0001b160   0x00000024   Code   RO         2796    .text               mc_p.l(memcpya.o)
    0x0001b184   0x0001b184   0x00000024   Code   RO         2798    .text               mc_p.l(memseta.o)
    0x0001b1a8   0x0001b1a8   0x0000000e   Code   RO         2800    .text               mc_p.l(strlen.o)
    0x0001b1b6   0x0001b1b6   0x00000002   PAD
    0x0001b1b8   0x0001b1b8   0x000000d0   Code   RO         3097    .text               mf_p.l(dmul.o)
    0x0001b288   0x0001b288   0x00000028   Code   RO         3101    .text               mf_p.l(dflti.o)
    0x0001b2b0   0x0001b2b0   0x00000048   Code   RO         3103    .text               mf_p.l(dfixi.o)
    0x0001b2f8   0x0001b2f8   0x00000060   Code   RO         3119    .text               mc_p.l(uldiv.o)
    0x0001b358   0x0001b358   0x00000020   Code   RO         3121    .text               mc_p.l(llshl.o)
    0x0001b378   0x0001b378   0x00000022   Code   RO         3123    .text               mc_p.l(llushr.o)
    0x0001b39a   0x0001b39a   0x00000000   Code   RO         3129    .text               mc_p.l(iusefp.o)
    0x0001b39a   0x0001b39a   0x000000be   Code   RO         3130    .text               mf_p.l(depilogue.o)
    0x0001b458   0x0001b458   0x00000024   Code   RO         3138    .text               mc_p.l(init.o)
    0x0001b47c   0x0001b47c   0x0000003a   Code   RO         3148    .text               mc_p.l(__dczerorl.o)
    0x0001b4b6   0x0001b4b6   0x00000002   PAD
    0x0001b4b8   0x0001b4b8   0x00000028   Code   RO            3    i.ADC_IRQHandler    main.o
    0x0001b4e0   0x0001b4e0   0x00000178   Code   RO         1417    i.GPIOTE_IRQHandler  nrf_drv_gpiote.o
    0x0001b658   0x0001b658   0x00000044   Code   RO         1998    i.NVIC_SetPriority  app_timer.o
    0x0001b69c   0x0001b69c   0x00000054   Code   RO         1214    i.POWER_CLOCK_IRQHandler  nrf_drv_clock.o
    0x0001b6f0   0x0001b6f0   0x00000020   Code   RO         1999    i.RTC1_IRQHandler   app_timer.o
    0x0001b710   0x0001b710   0x00000014   Code   RO            4    i.SPI0_TWI0_IRQHandler  main.o
    0x0001b724   0x0001b724   0x00000008   Code   RO         2000    i.SWI0_IRQHandler   app_timer.o
    0x0001b72c   0x0001b72c   0x00000020   Code   RO         2614    i.SWI2_IRQHandler   softdevice_handler.o
    0x0001b74c   0x0001b74c   0x000000a0   Code   RO         2755    i.SystemInit        system_nrf51.o
    0x0001b7ec   0x0001b7ec   0x000000b8   Code   RO            5    i.TIMER2_IRQHandler  main.o
    0x0001b8a4   0x0001b8a4   0x00000014   Code   RO         1632    i.UART0_IRQHandler  nrf_drv_uart.o
    0x0001b8b8   0x0001b8b8   0x00000020   Code   RO         2939    i.__0printf$5       mc_p.l(printf5.o)
    0x0001b8d8   0x0001b8d8   0x00000028   Code   RO         2941    i.__0sprintf$5      mc_p.l(printf5.o)
    0x0001b900   0x0001b900   0x0000002e   Code   RO         3132    i.__ARM_clz         mf_p.l(depilogue.o)
    0x0001b92e   0x0001b92e   0x0000001a   Code   RO          786    i.__ARM_common_switch8  bsp.o
    0x0001b948   0x0001b948   0x0000000e   Code   RO         3142    i.__scatterload_copy  mc_p.l(handlers.o)
    0x0001b956   0x0001b956   0x00000002   Code   RO         3143    i.__scatterload_null  mc_p.l(handlers.o)
    0x0001b958   0x0001b958   0x0000000e   Code   RO         3144    i.__scatterload_zeroinit  mc_p.l(handlers.o)
    0x0001b966   0x0001b966   0x00000002   PAD
    0x0001b968   0x0001b968   0x0000001c   Code   RO         2615    i.__sd_nvic_app_accessible_irq  softdevice_handler.o
    0x0001b984   0x0001b984   0x000002dc   Code   RO         2946    i._printf_core      mc_p.l(printf5.o)
    0x0001bc60   0x0001bc60   0x0000000a   Code   RO         2948    i._sputc            mc_p.l(printf5.o)
    0x0001bc6a   0x0001bc6a   0x00000002   PAD
    0x0001bc6c   0x0001bc6c   0x00000040   Code   RO            6    i.adc_config        main.o
    0x0001bcac   0x0001bcac   0x00000078   Code   RO            7    i.adc_detection     main.o
    0x0001bd24   0x0001bd24   0x0000018e   Code   RO          885    i.adv_data_encode   ble_advdata.o
    0x0001beb2   0x0001beb2   0x00000002   PAD
    0x0001beb4   0x0001beb4   0x00000068   Code   RO          961    i.adv_mode_next_avail_get  ble_advertising.o
    0x0001bf1c   0x0001bf1c   0x0000003c   Code   RO          805    i.advertising_buttons_configure  bsp_btn_ble.o
    0x0001bf58   0x0001bf58   0x0000002c   Code   RO            8    i.alamda_sensor     main.o
    0x0001bf84   0x0001bf84   0x0000000a   Code   RO          692    i.alert_timer_handler  bsp.o
    0x0001bf8e   0x0001bf8e   0x00000002   PAD
    0x0001bf90   0x0001bf90   0x00000024   Code   RO         1807    i.app_button_enable  app_button.o
    0x0001bfb4   0x0001bfb4   0x00000074   Code   RO         1808    i.app_button_init   app_button.o
    0x0001c028   0x0001c028   0x0000001c   Code   RO         1903    i.app_error_fault_handler  app_error_weak.o
    0x0001c044   0x0001c044   0x00000018   Code   RO         1865    i.app_error_handler_bare  app_error.o
    0x0001c05c   0x0001c05c   0x00000016   Code   RO         1930    i.app_fifo_get      app_fifo.o
    0x0001c072   0x0001c072   0x00000024   Code   RO         1931    i.app_fifo_init     app_fifo.o
    0x0001c096   0x0001c096   0x0000001a   Code   RO         1933    i.app_fifo_put      app_fifo.o
    0x0001c0b0   0x0001c0b0   0x00000030   Code   RO         2003    i.app_timer_create  app_timer.o
    0x0001c0e0   0x0001c0e0   0x00000074   Code   RO         2004    i.app_timer_init    app_timer.o
    0x0001c154   0x0001c154   0x00000088   Code   RO         2005    i.app_timer_start   app_timer.o
    0x0001c1dc   0x0001c1dc   0x00000028   Code   RO         2006    i.app_timer_stop    app_timer.o
    0x0001c204   0x0001c204   0x00000038   Code   RO         2145    i.app_uart_get      app_uart_fifo.o
    0x0001c23c   0x0001c23c   0x000000b0   Code   RO         2146    i.app_uart_init     app_uart_fifo.o
    0x0001c2ec   0x0001c2ec   0x00000040   Code   RO         2147    i.app_uart_put      app_uart_fifo.o
    0x0001c32c   0x0001c32c   0x0000003c   Code   RO         2202    i.app_util_critical_region_enter  app_util_platform.o
    0x0001c368   0x0001c368   0x0000002c   Code   RO         2203    i.app_util_critical_region_exit  app_util_platform.o
    0x0001c394   0x0001c394   0x00000084   Code   RO         1633    i.apply_config      nrf_drv_uart.o
    0x0001c418   0x0001c418   0x00000068   Code   RO          886    i.ble_advdata_set   ble_advdata.o
    0x0001c480   0x0001c480   0x0000015c   Code   RO          962    i.ble_advertising_init  ble_advertising.o
    0x0001c5dc   0x0001c5dc   0x00000058   Code   RO          963    i.ble_advertising_on_ble_evt  ble_advertising.o
    0x0001c634   0x0001c634   0x0000003c   Code   RO          966    i.ble_advertising_restart_without_whitelist  ble_advertising.o
    0x0001c670   0x0001c670   0x00000108   Code   RO          967    i.ble_advertising_start  ble_advertising.o
    0x0001c778   0x0001c778   0x00000054   Code   RO         1052    i.ble_conn_params_init  ble_conn_params.o
    0x0001c7cc   0x0001c7cc   0x00000090   Code   RO         1053    i.ble_conn_params_on_ble_evt  ble_conn_params.o
    0x0001c85c   0x0001c85c   0x0000005e   Code   RO          887    i.ble_device_addr_encode  ble_advdata.o
    0x0001c8ba   0x0001c8ba   0x00000002   PAD
    0x0001c8bc   0x0001c8bc   0x00000028   Code   RO           10    i.ble_evt_dispatch  main.o
    0x0001c8e4   0x0001c8e4   0x00000068   Code   RO         1171    i.ble_nus_init      ble_nus.o
    0x0001c94c   0x0001c94c   0x0000005c   Code   RO         1172    i.ble_nus_on_ble_evt  ble_nus.o
    0x0001c9a8   0x0001c9a8   0x00000054   Code   RO         1173    i.ble_nus_string_send  ble_nus.o
    0x0001c9fc   0x0001c9fc   0x0000000e   Code   RO         1118    i.ble_srv_is_notification_enabled  ble_srv_common.o
    0x0001ca0a   0x0001ca0a   0x00000002   PAD
    0x0001ca0c   0x0001ca0c   0x0000000c   Code   RO          577    i.bsp_board_button_idx_to_pin  boards.o
    0x0001ca18   0x0001ca18   0x00000020   Code   RO          578    i.bsp_board_button_state_get  boards.o
    0x0001ca38   0x0001ca38   0x00000020   Code   RO          581    i.bsp_board_led_invert  boards.o
    0x0001ca58   0x0001ca58   0x00000014   Code   RO          582    i.bsp_board_led_off  boards.o
    0x0001ca6c   0x0001ca6c   0x00000014   Code   RO          583    i.bsp_board_led_on  boards.o
    0x0001ca80   0x0001ca80   0x00000020   Code   RO          584    i.bsp_board_led_state_get  boards.o
    0x0001caa0   0x0001caa0   0x00000028   Code   RO          585    i.bsp_board_leds_init  boards.o
    0x0001cac8   0x0001cac8   0x00000012   Code   RO          586    i.bsp_board_leds_off  boards.o
    0x0001cada   0x0001cada   0x00000012   Code   RO          587    i.bsp_board_leds_on  boards.o
    0x0001caec   0x0001caec   0x00000024   Code   RO          588    i.bsp_board_pin_to_button_idx  boards.o
    0x0001cb10   0x0001cb10   0x00000040   Code   RO          806    i.bsp_btn_ble_init  bsp_btn_ble.o
    0x0001cb50   0x0001cb50   0x00000078   Code   RO          807    i.bsp_btn_ble_on_ble_evt  bsp_btn_ble.o
    0x0001cbc8   0x0001cbc8   0x00000022   Code   RO          808    i.bsp_btn_ble_sleep_mode_prepare  bsp_btn_ble.o
    0x0001cbea   0x0001cbea   0x00000002   PAD
    0x0001cbec   0x0001cbec   0x00000094   Code   RO          693    i.bsp_button_event_handler  bsp.o
    0x0001cc80   0x0001cc80   0x00000008   Code   RO          694    i.bsp_button_is_pressed  bsp.o
    0x0001cc88   0x0001cc88   0x00000044   Code   RO           11    i.bsp_event_handler  main.o
    0x0001cccc   0x0001cccc   0x00000048   Code   RO          697    i.bsp_event_to_button_action_assign  bsp.o
    0x0001cd14   0x0001cd14   0x0000001c   Code   RO          698    i.bsp_indication_set  bsp.o
    0x0001cd30   0x0001cd30   0x00000098   Code   RO          699    i.bsp_init          bsp.o
    0x0001cdc8   0x0001cdc8   0x00000180   Code   RO          700    i.bsp_led_indication  bsp.o
    0x0001cf48   0x0001cf48   0x00000010   Code   RO          702    i.bsp_wakeup_button_enable  bsp.o
    0x0001cf58   0x0001cf58   0x0000000c   Code   RO          703    i.button_timer_handler  bsp.o
    0x0001cf64   0x0001cf64   0x00000180   Code   RO           12    i.calibration       main.o
    0x0001d0e4   0x0001d0e4   0x0000001c   Code   RO         1418    i.channel_free      nrf_drv_gpiote.o
    0x0001d100   0x0001d100   0x00000048   Code   RO         1419    i.channel_port_alloc  nrf_drv_gpiote.o
    0x0001d148   0x0001d148   0x00000010   Code   RO         1420    i.channel_port_get  nrf_drv_gpiote.o
    0x0001d158   0x0001d158   0x00000028   Code   RO         1215    i.clock_clk_started_notify  nrf_drv_clock.o
    0x0001d180   0x0001d180   0x000000a8   Code   RO         2008    i.compare_reg_update  app_timer.o
    0x0001d228   0x0001d228   0x00000088   Code   RO          888    i.conn_int_encode   ble_advdata.o
    0x0001d2b0   0x0001d2b0   0x00000008   Code   RO           14    i.conn_params_error_handler  main.o
    0x0001d2b8   0x0001d2b8   0x00000068   Code   RO         1055    i.conn_params_negotiation  ble_conn_params.o
    0x0001d320   0x0001d320   0x00000060   Code   RO         1810    i.detection_delay_timeout_handler  app_button.o
    0x0001d380   0x0001d380   0x00000040   Code   RO         2009    i.elapsed_ticks_acquire  app_timer.o
    0x0001d3c0   0x0001d3c0   0x00000014   Code   RO         1936    i.fifo_get          app_fifo.o
    0x0001d3d4   0x0001d3d4   0x00000012   Code   RO         1937    i.fifo_put          app_fifo.o
    0x0001d3e6   0x0001d3e6   0x0000000e   Code   RO         2391    i.fputc             retarget.o
    0x0001d3f4   0x0001d3f4   0x00000054   Code   RO         3067    i.free              mc_p.l(malloc.o)
    0x0001d448   0x0001d448   0x00000018   Code   RO         2255    i.fs_queued_op_count_get  fstorage.o
    0x0001d460   0x0001d460   0x00000050   Code   RO         1811    i.gpiote_event_handler  app_button.o
    0x0001d4b0   0x0001d4b0   0x00000080   Code   RO         2616    i.intern_softdevice_events_execute  softdevice_handler.o
    0x0001d530   0x0001d530   0x000000ac   Code   RO           15    i.irq_handler_twi   main.o
    0x0001d5dc   0x0001d5dc   0x0000001c   Code   RO         1056    i.is_conn_params_ok  ble_conn_params.o
    0x0001d5f8   0x0001d5f8   0x00000048   Code   RO         2756    i.is_manual_peripheral_setup_needed  system_nrf51.o
    0x0001d640   0x0001d640   0x00000018   Code   RO          704    i.leds_timer_handler  bsp.o
    0x0001d658   0x0001d658   0x000000ac   Code   RO         2010    i.list_deletions_handler  app_timer.o
    0x0001d704   0x0001d704   0x000000bc   Code   RO         2011    i.list_insertions_handler  app_timer.o
    0x0001d7c0   0x0001d7c0   0x000002c8   Code   RO           16    i.main              main.o
    0x0001da88   0x0001da88   0x0000006c   Code   RO         3068    i.malloc            mc_p.l(malloc.o)
    0x0001daf4   0x0001daf4   0x00000068   Code   RO          889    i.manuf_specific_data_encode  ble_advdata.o
    0x0001db5c   0x0001db5c   0x00000030   Code   RO           17    i.mpu_6050_I2C_register_read  main.o
    0x0001db8c   0x0001db8c   0x0000004c   Code   RO           18    i.mpu_6050_I2C_register_write  main.o
    0x0001dbd8   0x0001dbd8   0x0000001e   Code   RO           19    i.mpu_6050_get_device_id  main.o
    0x0001dbf6   0x0001dbf6   0x0000001a   Code   RO           20    i.mpu_6050_init     main.o
    0x0001dc10   0x0001dc10   0x00000034   Code   RO           21    i.mpu_6050_read_acc  main.o
    0x0001dc44   0x0001dc44   0x00000034   Code   RO           22    i.mpu_6050_read_gyro  main.o
    0x0001dc78   0x0001dc78   0x0000009e   Code   RO          890    i.name_encode       ble_advdata.o
    0x0001dd16   0x0001dd16   0x00000002   PAD
    0x0001dd18   0x0001dd18   0x00000040   Code   RO           24    i.nrf_adc_configure  main.o
    0x0001dd58   0x0001dd58   0x00000020   Code   RO           26    i.nrf_adc_input_select  main.o
    0x0001dd78   0x0001dd78   0x00000010   Code   RO         1421    i.nrf_bitmask_bit_is_set  nrf_drv_gpiote.o
    0x0001dd88   0x0001dd88   0x00000010   Code   RO         1219    i.nrf_clock_event_check  nrf_drv_clock.o
    0x0001dd98   0x0001dd98   0x00000030   Code   RO           27    i.nrf_delay_us      main.o
    0x0001ddc8   0x0001ddc8   0x00000030   Code   RO         2012    i.nrf_delay_us      app_timer.o
    0x0001ddf8   0x0001ddf8   0x00000048   Code   RO         1226    i.nrf_drv_clock_init  nrf_drv_clock.o
    0x0001de40   0x0001de40   0x00000034   Code   RO         1233    i.nrf_drv_clock_on_sd_enable  nrf_drv_clock.o
    0x0001de74   0x0001de74   0x0000000c   Code   RO         1234    i.nrf_drv_clock_on_soc_event  nrf_drv_clock.o
    0x0001de80   0x0001de80   0x00000060   Code   RO         1376    i.nrf_drv_common_irq_enable  nrf_drv_common.o
    0x0001dee0   0x0001dee0   0x00000098   Code   RO         1424    i.nrf_drv_gpiote_in_event_enable  nrf_drv_gpiote.o
    0x0001df78   0x0001df78   0x000000a8   Code   RO         1425    i.nrf_drv_gpiote_in_init  nrf_drv_gpiote.o
    0x0001e020   0x0001e020   0x00000014   Code   RO         1426    i.nrf_drv_gpiote_in_is_set  nrf_drv_gpiote.o
    0x0001e034   0x0001e034   0x0000005c   Code   RO         1428    i.nrf_drv_gpiote_init  nrf_drv_gpiote.o
    0x0001e090   0x0001e090   0x00000010   Code   RO         1429    i.nrf_drv_gpiote_is_init  nrf_drv_gpiote.o
    0x0001e0a0   0x0001e0a0   0x00000020   Code   RO           30    i.nrf_drv_twi_enable  main.o
    0x0001e0c0   0x0001e0c0   0x00000088   Code   RO           31    i.nrf_drv_twi_init  main.o
    0x0001e148   0x0001e148   0x00000024   Code   RO           32    i.nrf_drv_twi_rx    main.o
    0x0001e16c   0x0001e16c   0x00000024   Code   RO           35    i.nrf_drv_twi_tx    main.o
    0x0001e190   0x0001e190   0x00000028   Code   RO           37    i.nrf_drv_twi_xfer  main.o
    0x0001e1b8   0x0001e1b8   0x00000080   Code   RO         1635    i.nrf_drv_uart_init  nrf_drv_uart.o
    0x0001e238   0x0001e238   0x0000005c   Code   RO         1636    i.nrf_drv_uart_rx   nrf_drv_uart.o
    0x0001e294   0x0001e294   0x0000002c   Code   RO         1639    i.nrf_drv_uart_rx_enable  nrf_drv_uart.o
    0x0001e2c0   0x0001e2c0   0x000000a8   Code   RO         1640    i.nrf_drv_uart_rx_for_uart  nrf_drv_uart.o
    0x0001e368   0x0001e368   0x00000034   Code   RO         1641    i.nrf_drv_uart_tx   nrf_drv_uart.o
    0x0001e39c   0x0001e39c   0x0000008c   Code   RO         1643    i.nrf_drv_uart_tx_for_uart  nrf_drv_uart.o
    0x0001e428   0x0001e428   0x00000018   Code   RO         1644    i.nrf_drv_uart_tx_in_progress  nrf_drv_uart.o
    0x0001e440   0x0001e440   0x00000028   Code   RO          590    i.nrf_gpio_cfg      boards.o
    0x0001e468   0x0001e468   0x00000028   Code   RO         1441    i.nrf_gpio_cfg      nrf_drv_gpiote.o
    0x0001e490   0x0001e490   0x00000028   Code   RO         1646    i.nrf_gpio_cfg      nrf_drv_uart.o
    0x0001e4b8   0x0001e4b8   0x00000012   Code   RO         1648    i.nrf_gpio_cfg_input  nrf_drv_uart.o
    0x0001e4ca   0x0001e4ca   0x00000014   Code   RO           38    i.nrf_gpio_cfg_output  main.o
    0x0001e4de   0x0001e4de   0x00000014   Code   RO         1649    i.nrf_gpio_cfg_output  nrf_drv_uart.o
    0x0001e4f2   0x0001e4f2   0x00000022   Code   RO          705    i.nrf_gpio_cfg_sense_set  bsp.o
    0x0001e514   0x0001e514   0x00000022   Code   RO         1443    i.nrf_gpio_cfg_sense_set  nrf_drv_gpiote.o
    0x0001e536   0x0001e536   0x00000002   PAD
    0x0001e538   0x0001e538   0x00000010   Code   RO           39    i.nrf_gpio_pin_clear  main.o
    0x0001e548   0x0001e548   0x00000010   Code   RO           40    i.nrf_gpio_pin_set  main.o
    0x0001e558   0x0001e558   0x00000018   Code   RO          591    i.nrf_gpio_pin_write  boards.o
    0x0001e570   0x0001e570   0x00000028   Code   RO         1444    i.nrf_gpio_ports_read  nrf_drv_gpiote.o
    0x0001e598   0x0001e598   0x00000010   Code   RO         1445    i.nrf_gpiote_event_clear  nrf_drv_gpiote.o
    0x0001e5a8   0x0001e5a8   0x00000014   Code   RO         1446    i.nrf_gpiote_event_is_set  nrf_drv_gpiote.o
    0x0001e5bc   0x0001e5bc   0x0000000a   Code   RO           41    i.nrf_twi_event_check  main.o
    0x0001e5c6   0x0001e5c6   0x0000000a   Code   RO         1650    i.nrf_uart_event_check  nrf_drv_uart.o
    0x0001e5d0   0x0001e5d0   0x00000010   Code   RO         1651    i.nrf_uart_int_enable_check  nrf_drv_uart.o
    0x0001e5e0   0x0001e5e0   0x00000030   Code   RO           42    i.nus_data_handler  main.o
    0x0001e610   0x0001e610   0x00000020   Code   RO           43    i.on_adv_evt        main.o
    0x0001e630   0x0001e630   0x000000d0   Code   RO           44    i.on_ble_evt        main.o
    0x0001e700   0x0001e700   0x00000020   Code   RO           45    i.on_conn_params_evt  main.o
    0x0001e720   0x0001e720   0x00000018   Code   RO         1447    i.pin_in_use_by_port  nrf_drv_gpiote.o
    0x0001e738   0x0001e738   0x00000018   Code   RO         1448    i.pin_in_use_by_te  nrf_drv_gpiote.o
    0x0001e750   0x0001e750   0x00000050   Code   RO           46    i.posture           main.o
    0x0001e7a0   0x0001e7a0   0x00000044   Code   RO         2013    i.rtc1_stop         app_timer.o
    0x0001e7e4   0x0001e7e4   0x00000026   Code   RO         1652    i.rx_byte           nrf_drv_uart.o
    0x0001e80a   0x0001e80a   0x0000009e   Code   RO         1174    i.rx_char_add       ble_nus.o
    0x0001e8a8   0x0001e8a8   0x00000014   Code   RO         1653    i.rx_done_event     nrf_drv_uart.o
    0x0001e8bc   0x0001e8bc   0x0000001a   Code   RO         1654    i.rx_enable         nrf_drv_uart.o
    0x0001e8d6   0x0001e8d6   0x00000002   PAD
    0x0001e8d8   0x0001e8d8   0x00000084   Code   RO         2618    i.sd_nvic_EnableIRQ  softdevice_handler.o
    0x0001e95c   0x0001e95c   0x0000008e   Code   RO          891    i.service_data_encode  ble_advdata.o
    0x0001e9ea   0x0001e9ea   0x00000002   PAD
    0x0001e9ec   0x0001e9ec   0x00000058   Code   RO          969    i.set_adv_mode_fast  ble_advertising.o
    0x0001ea44   0x0001ea44   0x00000054   Code   RO          970    i.set_adv_mode_slow  ble_advertising.o
    0x0001ea98   0x0001ea98   0x00000028   Code   RO           47    i.sleep_mode_enter  main.o
    0x0001eac0   0x0001eac0   0x00000014   Code   RO         2619    i.softdevice_ble_evt_handler_set  softdevice_handler.o
    0x0001ead4   0x0001ead4   0x00000014   Code   RO         2620    i.softdevice_enable  softdevice_handler.o
    0x0001eae8   0x0001eae8   0x00000028   Code   RO         2621    i.softdevice_enable_get_default_config  softdevice_handler.o
    0x0001eb10   0x0001eb10   0x00000008   Code   RO         2622    i.softdevice_fault_handler  softdevice_handler.o
    0x0001eb18   0x0001eb18   0x00000058   Code   RO         2623    i.softdevice_handler_init  softdevice_handler.o
    0x0001eb70   0x0001eb70   0x0000000c   Code   RO         2624    i.softdevice_handler_is_enabled  softdevice_handler.o
    0x0001eb7c   0x0001eb7c   0x0000004c   Code   RO           48    i.start_timer2      main.o
    0x0001ebc8   0x0001ebc8   0x00000084   Code   RO         2014    i.timer_list_handler  app_timer.o
    0x0001ec4c   0x0001ec4c   0x00000010   Code   RO         2015    i.timer_list_handler_sched  app_timer.o
    0x0001ec5c   0x0001ec5c   0x00000040   Code   RO         2016    i.timer_list_insert  app_timer.o
    0x0001ec9c   0x0001ec9c   0x00000048   Code   RO         2017    i.timer_stop_op_schedule  app_timer.o
    0x0001ece4   0x0001ece4   0x00000080   Code   RO         2018    i.timer_timeouts_check  app_timer.o
    0x0001ed64   0x0001ed64   0x00000094   Code   RO           49    i.twi_clear_bus     main.o
    0x0001edf8   0x0001edf8   0x00000030   Code   RO           50    i.twi_init          main.o
    0x0001ee28   0x0001ee28   0x00000020   Code   RO           51    i.twi_process_error  main.o
    0x0001ee48   0x0001ee48   0x000000a0   Code   RO           52    i.twi_rx_start_transfer  main.o
    0x0001eee8   0x0001eee8   0x0000002e   Code   RO           53    i.twi_send_byte     main.o
    0x0001ef16   0x0001ef16   0x00000108   Code   RO           54    i.twi_transfer      main.o
    0x0001f01e   0x0001f01e   0x00000002   PAD
    0x0001f020   0x0001f020   0x0000009c   Code   RO           55    i.twi_tx_start_transfer  main.o
    0x0001f0bc   0x0001f0bc   0x0000008c   Code   RO           56    i.twi_xfer          main.o
    0x0001f148   0x0001f148   0x0000001e   Code   RO         1655    i.tx_byte           nrf_drv_uart.o
    0x0001f166   0x0001f166   0x00000080   Code   RO         1175    i.tx_char_add       ble_nus.o
    0x0001f1e6   0x0001f1e6   0x00000018   Code   RO         1656    i.tx_done_event     nrf_drv_uart.o
    0x0001f1fe   0x0001f1fe   0x00000002   PAD
    0x0001f200   0x0001f200   0x00000060   Code   RO           57    i.uart_event_handle  main.o
    0x0001f260   0x0001f260   0x000000a8   Code   RO         2148    i.uart_event_handler  app_uart_fifo.o
    0x0001f308   0x0001f308   0x00000128   Code   RO         1657    i.uart_irq_handler  nrf_drv_uart.o
    0x0001f430   0x0001f430   0x0000000a   Code   RO          892    i.uint16_encode     ble_advdata.o
    0x0001f43a   0x0001f43a   0x00000002   PAD
    0x0001f43c   0x0001f43c   0x00000064   Code   RO         1057    i.update_timeout_handler  ble_conn_params.o
    0x0001f4a0   0x0001f4a0   0x0000002c   Code   RO         2019    i.user_op_alloc     app_timer.o
    0x0001f4cc   0x0001f4cc   0x00000030   Code   RO          893    i.uuid_list_encode  ble_advdata.o
    0x0001f4fc   0x0001f4fc   0x000000ae   Code   RO          894    i.uuid_list_sized_encode  ble_advdata.o
    0x0001f5aa   0x0001f5aa   0x00000002   PAD
    0x0001f5ac   0x0001f5ac   0x00000018   Code   RO          971    i.whitelist_has_entries  ble_advertising.o
    0x0001f5c4   0x0001f5c4   0x00000048   Data   RO           59    .constdata          main.o
    0x0001f60c   0x0001f60c   0x00000008   Data   RO          592    .constdata          boards.o
    0x0001f614   0x0001f614   0x0000002c   Data   RO          710    .constdata          bsp.o
    0x0001f640   0x0001f640   0x00000004   Data   RO         1060    .constdata          ble_conn_params.o
    0x0001f644   0x0001f644   0x00000010   Data   RO         1176    .constdata          ble_nus.o
    0x0001f654   0x0001f654   0x00000004   Data   RO         1450    .constdata          nrf_drv_gpiote.o
    0x0001f658   0x0001f658   0x00000008   Data   RO         1813    .constdata          app_button.o
    0x0001f660   0x0001f660   0x00000020   Data   RO         2150    .constdata          app_uart_fifo.o
    0x0001f680   0x0001f680   0x00000020   Data   RO         3140    Region$$Table       anon$$obj.o


    Execution Region RW_IRAM1 (Exec base: 0x20001fe8, Load base: 0x0001f6a0, Size: 0x000017c8, Max: 0x00006018, ABSOLUTE, COMPRESSED[0x00000024])

    Exec Addr    Load Addr    Size         Type   Attr      Idx    E Section Name        Object

    0x20001fe8   COMPRESSED   0x00000068   Data   RW           69    .data               main.o
    0x20002050   COMPRESSED   0x00000014   Data   RW          711    .data               bsp.o
    0x20002064   COMPRESSED   0x00000008   Data   RW          809    .data               bsp_btn_ble.o
    0x2000206c   COMPRESSED   0x00000030   Data   RW          975    .data               ble_advertising.o
    0x2000209c   COMPRESSED   0x00000014   Data   RW         1061    .data               ble_conn_params.o
    0x200020b0   COMPRESSED   0x00000014   Data   RW         1814    .data               app_button.o
    0x200020c4   COMPRESSED   0x00000020   Data   RW         2020    .data               app_timer.o
    0x200020e4   COMPRESSED   0x00000010   Data   RW         2151    .data               app_uart_fifo.o
    0x200020f4   COMPRESSED   0x0000000c   Data   RW         2206    .data               app_util_platform.o
    0x20002100   COMPRESSED   0x00000004   Data   RW         2392    .data               retarget.o
    0x20002104   COMPRESSED   0x00000014   Data   RW         2630    .data               softdevice_handler.o
    0x20002118   COMPRESSED   0x00000004   Data   RW         2757    .data               system_nrf51.o
    0x2000211c   COMPRESSED   0x00000004   Data   RW         3127    .data               mc_p.l(mvars.o)
    0x20002120   COMPRESSED   0x00000004   Data   RW         3128    .data               mc_p.l(mvars.o)
    0x20002124        -       0x00000318   Zero   RW           58    .bss                main.o
    0x2000243c        -       0x00000020   Zero   RW          706    .bss                bsp.o
    0x2000245c        -       0x00000020   Zero   RW          707    .bss                bsp.o
    0x2000247c        -       0x0000000c   Zero   RW          708    .bss                bsp.o
    0x20002488        -       0x00000020   Zero   RW          709    .bss                bsp.o
    0x200024a8        -       0x0000016b   Zero   RW          972    .bss                ble_advertising.o
    0x20002613   COMPRESSED   0x00000001   PAD
    0x20002614        -       0x00000020   Zero   RW          973    .bss                ble_advertising.o
    0x20002634        -       0x00000020   Zero   RW          974    .bss                ble_advertising.o
    0x20002654        -       0x00000020   Zero   RW         1058    .bss                ble_conn_params.o
    0x20002674        -       0x0000001c   Zero   RW         1059    .bss                ble_conn_params.o
    0x20002690        -       0x00000014   Zero   RW         1236    .bss                nrf_drv_clock.o
    0x200026a4        -       0x00000048   Zero   RW         1449    .bss                nrf_drv_gpiote.o
    0x200026ec        -       0x0000001c   Zero   RW         1658    .bss                nrf_drv_uart.o
    0x20002708        -       0x00000020   Zero   RW         1812    .bss                app_button.o
    0x20002728        -       0x00000020   Zero   RW         2149    .bss                app_uart_fifo.o
    0x20002748        -       0x00000068   Zero   RW         2264    .bss                fstorage.o
    0x200027b0        -       0x00000800   Zero   RW         2746    HEAP                arm_startup_nrf51.o
    0x20002fb0        -       0x00000800   Zero   RW         2745    STACK               arm_startup_nrf51.o


==============================================================================

Image component sizes


      Code (inc. data)   RO Data    RW Data    ZI Data      Debug   Object Name

       328         34          8         20         32       8878   app_button.o
        24          4          0          0          0       2193   app_error.o
        28         10          0          0          0       7130   app_error_weak.o
       122          0          0          0          0       4702   app_fifo.o
      1612        158          0         32          0      42991   app_timer.o
       464         44         32         16         32      10282   app_uart_fifo.o
       104         20          0         12          0       6410   app_util_platform.o
        56         18        192          0       4096        696   arm_startup_nrf51.o
      1368          6          0          0          0      30480   ble_advdata.o
      1060         72          0         48        427      11096   ble_advertising.o
       460         60          4         20         60       5428   ble_conn_params.o
       566         12         16          0          0       5478   ble_nus.o
        14          0          0          0          0       1382   ble_srv_common.o
       324         58          8          0          0      12212   boards.o
       914         86         44         20        108      14015   bsp.o
       278         12          0          8          0       9025   bsp_btn_ble.o
        24          6          0          0        104       3732   fstorage.o
      4232        438         72        104        792     161499   main.o
       276         38          0          0         20      11776   nrf_drv_clock.o
        96         18          0          0          0       7348   nrf_drv_common.o
      1154        100          4          0         72      27688   nrf_drv_gpiote.o
      1338         52          0          0         28      28162   nrf_drv_uart.o
        14          0          0          4          0       2786   retarget.o
       508         66          0         20          0      21271   softdevice_handler.o
       232         36          0          4          0       2315   system_nrf51.o

    ----------------------------------------------------------------------
     15622       1348        412        308       5772     438975   Object Totals
         0          0         32          0          0          0   (incl. Generated)
        26          0          0          0          1          0   (incl. Padding)

    ----------------------------------------------------------------------

      Code (inc. data)   RO Data    RW Data    ZI Data      Debug   Library Member Name

        58          0          0          0          0          0   __dczerorl.o
         0          0          0          0          0          0   entry.o
         0          0          0          0          0          0   entry10a.o
         0          0          0          0          0          0   entry11a.o
         8          4          0          0          0          0   entry2.o
         4          0          0          0          0          0   entry5.o
         0          0          0          0          0          0   entry7b.o
         0          0          0          0          0          0   entry8b.o
         8          4          0          0          0          0   entry9a.o
        30          0          0          0          0          0   handlers.o
        40          0          0          0          0         72   idiv.o
        36          8          0          0          0         68   init.o
         0          0          0          0          0          0   iusefp.o
        32          0          0          0          0         68   llshl.o
        34          0          0          0          0         68   llushr.o
       192         20          0          0          0        144   malloc.o
        36          0          0          0          0         60   memcpya.o
        36          0          0          0          0        100   memseta.o
         0          0          0          8          0          0   mvars.o
       814         56          0          0          0        312   printf5.o
        14          0          0          0          0         60   strlen.o
        44          0          0          0          0         72   uidiv.o
        96          0          0          0          0         84   uldiv.o
       236          0          0          0          0        216   depilogue.o
        72         10          0          0          0         72   dfixi.o
        40          6          0          0          0         68   dflti.o
       208          6          0          0          0         88   dmul.o

    ----------------------------------------------------------------------
      2046        114          0          8          0       1552   Library Totals
         8          0          0          0          0          0   (incl. Padding)

    ----------------------------------------------------------------------

      Code (inc. data)   RO Data    RW Data    ZI Data      Debug   Library Name

      1482         92          0          8          0       1108   mc_p.l
       556         22          0          0          0        444   mf_p.l

    ----------------------------------------------------------------------
      2046        114          0          8          0       1552   Library Totals

    ----------------------------------------------------------------------

==============================================================================


      Code (inc. data)   RO Data    RW Data    ZI Data      Debug   

     17668       1462        412        316       5772     431423   Grand Totals
     17668       1462        412         36       5772     431423   ELF Image Totals (compressed)
     17668       1462        412         36          0          0   ROM Totals

==============================================================================

    Total RO  Size (Code + RO Data)                18080 (  17.66kB)
    Total RW  Size (RW Data + ZI Data)              6088 (   5.95kB)
    Total ROM Size (Code + RO Data + RW Data)      18116 (  17.69kB)

==============================================================================

